Product: MDK-ARM Lite 5.10
Component: ARM Compiler 5.04 update 1 (build 49)
Tool: armlink [5040049]

==============================================================================

Section Cross References

    main.o(.text) refers to board_util.o(.text) for DisableInterrupts
    main.o(.text) refers to uart_irqs.o(.text) for initialize_uart
    main.o(.text) refers to timers.o(.text) for timer0_configA
    main.o(.text) refers to printf2.o(i.__0printf$2) for __2printf
    main.o(.text) refers to wireless.o(.text) for wireless_configure_device
    main.o(.text) refers to adc.o(.text) for getADCValue
    main.o(.text) refers to main.o(.data) for myID
    main.o(.text) refers to timers.o(.data) for a_timer
    main.o(.text) refers to interrupts.o(.data) for AlertSysTick
    interrupts.o(.text) refers to pc_buffer.o(.text) for pc_buffer_add
    interrupts.o(.text) refers to uart_irqs.o(.bss) for UART0_Rx_Buffer
    interrupts.o(.text) refers to interrupts.o(.data) for count
    interrupts.o(.text) refers to timers.o(.data) for a_timer
    eeprom.o(.text) refers to i2c.o(.text) for i2cVerifyBaseAddr
    lcd-dogs.o(.text) refers to spi.o(.text) for spiTx
    lcd-dogs.o(.text) refers to gpio_port.o(.text) for gpio_enable_port
    lcd-dogs.o(.text) refers to fonts.o(.constdata) for courierNew_10ptBitmaps
    pc_buffer.o(.text) refers to malloc.o(i.malloc) for malloc
    timers.o(.text) refers to timers.o(.data) for a_timer
    uart_irqs.o(.text) refers to pc_buffer.o(.text) for pc_buffer_init
    uart_irqs.o(.text) refers to board_util.o(.text) for DisableInterrupts
    uart_irqs.o(.text) refers to errno.o(i.__aeabi_errno_addr) for __aeabi_errno_addr
    uart_irqs.o(.text) refers to uart_irqs.o(.bss) for UART0_Tx_Buffer
    uart_irqs.o(.text) refers to stdout.o(.data) for __stdout
    uart_irqs.o(.text) refers to stdin.o(.data) for __stdin
    wireless.o(.text) refers to spi.o(.text) for spiTx
    wireless.o(.text) refers to wireless.o(.bss) for wirelessPinConfig
    board_util.o(.text) refers to gpio_port.o(.text) for gpio_enable_port
    board_util.o(.text) refers to i2c.o(.text) for initializeI2CMaster
    board_util.o(.text) refers to adc.o(.text) for initializeADC
    board_util.o(.text) refers to wireless.o(.text) for wireless_set_pin_config
    board_util.o(.text) refers to spi.o(.text) for initialize_spi
    startup_tm4c123.o(RESET) refers to startup_tm4c123.o(STACK) for __initial_sp
    startup_tm4c123.o(RESET) refers to startup_tm4c123.o(.text) for Reset_Handler
    startup_tm4c123.o(RESET) refers to interrupts.o(.text) for SysTick_Handler
    startup_tm4c123.o(.text) refers to system_tm4c123.o(.text) for SystemInit
    startup_tm4c123.o(.text) refers to entry.o(.ARM.Collect$$$$00000000) for __main
    system_tm4c123.o(.text) refers to system_tm4c123.o(.data) for SystemCoreClock
    entry.o(.ARM.Collect$$$$00000000) refers (Special) to entry10a.o(.ARM.Collect$$$$0000000D) for __rt_final_cpp
    entry.o(.ARM.Collect$$$$00000000) refers (Special) to entry11a.o(.ARM.Collect$$$$0000000F) for __rt_final_exit
    entry.o(.ARM.Collect$$$$00000000) refers (Special) to entry7b.o(.ARM.Collect$$$$00000008) for _main_clock
    entry.o(.ARM.Collect$$$$00000000) refers (Special) to entry8b.o(.ARM.Collect$$$$0000000A) for _main_cpp_init
    entry.o(.ARM.Collect$$$$00000000) refers (Special) to entry9a.o(.ARM.Collect$$$$0000000B) for _main_init
    entry.o(.ARM.Collect$$$$00000000) refers (Special) to entry5.o(.ARM.Collect$$$$00000004) for _main_scatterload
    entry.o(.ARM.Collect$$$$00000000) refers (Special) to entry2.o(.ARM.Collect$$$$00000001) for _main_stk
    printfb.o(i.__0fprintf$bare) refers to printfb.o(i._printf_core) for _printf_core
    printfb.o(i.__0fprintf$bare) refers to uart_irqs.o(.text) for fputc
    printfb.o(i.__0printf$bare) refers to printfb.o(i._printf_core) for _printf_core
    printfb.o(i.__0printf$bare) refers to uart_irqs.o(.text) for fputc
    printfb.o(i.__0printf$bare) refers to stdout.o(.data) for __stdout
    printfb.o(i.__0snprintf$bare) refers to printfb.o(i._printf_core) for _printf_core
    printfb.o(i.__0snprintf$bare) refers to printfb.o(i._snputc) for _snputc
    printfb.o(i.__0sprintf$bare) refers to printfb.o(i._printf_core) for _printf_core
    printfb.o(i.__0sprintf$bare) refers to printfb.o(i._sputc) for _sputc
    printfb.o(i.__0vfprintf$bare) refers to printfb.o(i._printf_core) for _printf_core
    printfb.o(i.__0vfprintf$bare) refers to uart_irqs.o(.text) for fputc
    printfb.o(i.__0vprintf$bare) refers to printfb.o(i._printf_core) for _printf_core
    printfb.o(i.__0vprintf$bare) refers to uart_irqs.o(.text) for fputc
    printfb.o(i.__0vprintf$bare) refers to stdout.o(.data) for __stdout
    printfb.o(i.__0vsnprintf$bare) refers to printfb.o(i._printf_core) for _printf_core
    printfb.o(i.__0vsnprintf$bare) refers to printfb.o(i._snputc) for _snputc
    printfb.o(i.__0vsprintf$bare) refers to printfb.o(i._printf_core) for _printf_core
    printfb.o(i.__0vsprintf$bare) refers to printfb.o(i._sputc) for _sputc
    printf0.o(i.__0fprintf$0) refers to printf0.o(i._printf_core) for _printf_core
    printf0.o(i.__0fprintf$0) refers to uart_irqs.o(.text) for fputc
    printf0.o(i.__0printf$0) refers to printf0.o(i._printf_core) for _printf_core
    printf0.o(i.__0printf$0) refers to uart_irqs.o(.text) for fputc
    printf0.o(i.__0printf$0) refers to stdout.o(.data) for __stdout
    printf0.o(i.__0snprintf$0) refers to printf0.o(i._printf_core) for _printf_core
    printf0.o(i.__0snprintf$0) refers to printf0.o(i._snputc) for _snputc
    printf0.o(i.__0sprintf$0) refers to printf0.o(i._printf_core) for _printf_core
    printf0.o(i.__0sprintf$0) refers to printf0.o(i._sputc) for _sputc
    printf0.o(i.__0vfprintf$0) refers to printf0.o(i._printf_core) for _printf_core
    printf0.o(i.__0vfprintf$0) refers to uart_irqs.o(.text) for fputc
    printf0.o(i.__0vprintf$0) refers to printf0.o(i._printf_core) for _printf_core
    printf0.o(i.__0vprintf$0) refers to uart_irqs.o(.text) for fputc
    printf0.o(i.__0vprintf$0) refers to stdout.o(.data) for __stdout
    printf0.o(i.__0vsnprintf$0) refers to printf0.o(i._printf_core) for _printf_core
    printf0.o(i.__0vsnprintf$0) refers to printf0.o(i._snputc) for _snputc
    printf0.o(i.__0vsprintf$0) refers to printf0.o(i._printf_core) for _printf_core
    printf0.o(i.__0vsprintf$0) refers to printf0.o(i._sputc) for _sputc
    printf1.o(i.__0fprintf$1) refers to printf1.o(i._printf_core) for _printf_core
    printf1.o(i.__0fprintf$1) refers to uart_irqs.o(.text) for fputc
    printf1.o(i.__0printf$1) refers to printf1.o(i._printf_core) for _printf_core
    printf1.o(i.__0printf$1) refers to uart_irqs.o(.text) for fputc
    printf1.o(i.__0printf$1) refers to stdout.o(.data) for __stdout
    printf1.o(i.__0snprintf$1) refers to printf1.o(i._printf_core) for _printf_core
    printf1.o(i.__0snprintf$1) refers to printf1.o(i._snputc) for _snputc
    printf1.o(i.__0sprintf$1) refers to printf1.o(i._printf_core) for _printf_core
    printf1.o(i.__0sprintf$1) refers to printf1.o(i._sputc) for _sputc
    printf1.o(i.__0vfprintf$1) refers to printf1.o(i._printf_core) for _printf_core
    printf1.o(i.__0vfprintf$1) refers to uart_irqs.o(.text) for fputc
    printf1.o(i.__0vprintf$1) refers to printf1.o(i._printf_core) for _printf_core
    printf1.o(i.__0vprintf$1) refers to uart_irqs.o(.text) for fputc
    printf1.o(i.__0vprintf$1) refers to stdout.o(.data) for __stdout
    printf1.o(i.__0vsnprintf$1) refers to printf1.o(i._printf_core) for _printf_core
    printf1.o(i.__0vsnprintf$1) refers to printf1.o(i._snputc) for _snputc
    printf1.o(i.__0vsprintf$1) refers to printf1.o(i._printf_core) for _printf_core
    printf1.o(i.__0vsprintf$1) refers to printf1.o(i._sputc) for _sputc
    printf1.o(i._printf_core) refers to uidiv.o(.text) for __aeabi_uidivmod
    printf2.o(i.__0fprintf$2) refers to printf2.o(i._printf_core) for _printf_core
    printf2.o(i.__0fprintf$2) refers to uart_irqs.o(.text) for fputc
    printf2.o(i.__0printf$2) refers to printf2.o(i._printf_core) for _printf_core
    printf2.o(i.__0printf$2) refers to uart_irqs.o(.text) for fputc
    printf2.o(i.__0printf$2) refers to stdout.o(.data) for __stdout
    printf2.o(i.__0snprintf$2) refers to printf2.o(i._printf_core) for _printf_core
    printf2.o(i.__0snprintf$2) refers to printf2.o(i._snputc) for _snputc
    printf2.o(i.__0sprintf$2) refers to printf2.o(i._printf_core) for _printf_core
    printf2.o(i.__0sprintf$2) refers to printf2.o(i._sputc) for _sputc
    printf2.o(i.__0vfprintf$2) refers to printf2.o(i._printf_core) for _printf_core
    printf2.o(i.__0vfprintf$2) refers to uart_irqs.o(.text) for fputc
    printf2.o(i.__0vprintf$2) refers to printf2.o(i._printf_core) for _printf_core
    printf2.o(i.__0vprintf$2) refers to uart_irqs.o(.text) for fputc
    printf2.o(i.__0vprintf$2) refers to stdout.o(.data) for __stdout
    printf2.o(i.__0vsnprintf$2) refers to printf2.o(i._printf_core) for _printf_core
    printf2.o(i.__0vsnprintf$2) refers to printf2.o(i._snputc) for _snputc
    printf2.o(i.__0vsprintf$2) refers to printf2.o(i._printf_core) for _printf_core
    printf2.o(i.__0vsprintf$2) refers to printf2.o(i._sputc) for _sputc
    printf3.o(i.__0fprintf$3) refers to printf3.o(i._printf_core) for _printf_core
    printf3.o(i.__0fprintf$3) refers to uart_irqs.o(.text) for fputc
    printf3.o(i.__0printf$3) refers to printf3.o(i._printf_core) for _printf_core
    printf3.o(i.__0printf$3) refers to uart_irqs.o(.text) for fputc
    printf3.o(i.__0printf$3) refers to stdout.o(.data) for __stdout
    printf3.o(i.__0snprintf$3) refers to printf3.o(i._printf_core) for _printf_core
    printf3.o(i.__0snprintf$3) refers to printf3.o(i._snputc) for _snputc
    printf3.o(i.__0sprintf$3) refers to printf3.o(i._printf_core) for _printf_core
    printf3.o(i.__0sprintf$3) refers to printf3.o(i._sputc) for _sputc
    printf3.o(i.__0vfprintf$3) refers to printf3.o(i._printf_core) for _printf_core
    printf3.o(i.__0vfprintf$3) refers to uart_irqs.o(.text) for fputc
    printf3.o(i.__0vprintf$3) refers to printf3.o(i._printf_core) for _printf_core
    printf3.o(i.__0vprintf$3) refers to uart_irqs.o(.text) for fputc
    printf3.o(i.__0vprintf$3) refers to stdout.o(.data) for __stdout
    printf3.o(i.__0vsnprintf$3) refers to printf3.o(i._printf_core) for _printf_core
    printf3.o(i.__0vsnprintf$3) refers to printf3.o(i._snputc) for _snputc
    printf3.o(i.__0vsprintf$3) refers to printf3.o(i._printf_core) for _printf_core
    printf3.o(i.__0vsprintf$3) refers to printf3.o(i._sputc) for _sputc
    printf3.o(i._printf_core) refers to uidiv.o(.text) for __aeabi_uidivmod
    printf4.o(i.__0fprintf$4) refers to printf4.o(i._printf_core) for _printf_core
    printf4.o(i.__0fprintf$4) refers to uart_irqs.o(.text) for fputc
    printf4.o(i.__0printf$4) refers to printf4.o(i._printf_core) for _printf_core
    printf4.o(i.__0printf$4) refers to uart_irqs.o(.text) for fputc
    printf4.o(i.__0printf$4) refers to stdout.o(.data) for __stdout
    printf4.o(i.__0snprintf$4) refers to printf4.o(i._printf_core) for _printf_core
    printf4.o(i.__0snprintf$4) refers to printf4.o(i._snputc) for _snputc
    printf4.o(i.__0sprintf$4) refers to printf4.o(i._printf_core) for _printf_core
    printf4.o(i.__0sprintf$4) refers to printf4.o(i._sputc) for _sputc
    printf4.o(i.__0vfprintf$4) refers to printf4.o(i._printf_core) for _printf_core
    printf4.o(i.__0vfprintf$4) refers to uart_irqs.o(.text) for fputc
    printf4.o(i.__0vprintf$4) refers to printf4.o(i._printf_core) for _printf_core
    printf4.o(i.__0vprintf$4) refers to uart_irqs.o(.text) for fputc
    printf4.o(i.__0vprintf$4) refers to stdout.o(.data) for __stdout
    printf4.o(i.__0vsnprintf$4) refers to printf4.o(i._printf_core) for _printf_core
    printf4.o(i.__0vsnprintf$4) refers to printf4.o(i._snputc) for _snputc
    printf4.o(i.__0vsprintf$4) refers to printf4.o(i._printf_core) for _printf_core
    printf4.o(i.__0vsprintf$4) refers to printf4.o(i._sputc) for _sputc
    printf4.o(i._printf_core) refers to uldiv.o(.text) for __aeabi_uldivmod
    printf5.o(i.__0fprintf$5) refers to printf5.o(i._printf_core) for _printf_core
    printf5.o(i.__0fprintf$5) refers to uart_irqs.o(.text) for fputc
    printf5.o(i.__0printf$5) refers to printf5.o(i._printf_core) for _printf_core
    printf5.o(i.__0printf$5) refers to uart_irqs.o(.text) for fputc
    printf5.o(i.__0printf$5) refers to stdout.o(.data) for __stdout
    printf5.o(i.__0snprintf$5) refers to printf5.o(i._printf_core) for _printf_core
    printf5.o(i.__0snprintf$5) refers to printf5.o(i._snputc) for _snputc
    printf5.o(i.__0sprintf$5) refers to printf5.o(i._printf_core) for _printf_core
    printf5.o(i.__0sprintf$5) refers to printf5.o(i._sputc) for _sputc
    printf5.o(i.__0vfprintf$5) refers to printf5.o(i._printf_core) for _printf_core
    printf5.o(i.__0vfprintf$5) refers to uart_irqs.o(.text) for fputc
    printf5.o(i.__0vprintf$5) refers to printf5.o(i._printf_core) for _printf_core
    printf5.o(i.__0vprintf$5) refers to uart_irqs.o(.text) for fputc
    printf5.o(i.__0vprintf$5) refers to stdout.o(.data) for __stdout
    printf5.o(i.__0vsnprintf$5) refers to printf5.o(i._printf_core) for _printf_core
    printf5.o(i.__0vsnprintf$5) refers to printf5.o(i._snputc) for _snputc
    printf5.o(i.__0vsprintf$5) refers to printf5.o(i._printf_core) for _printf_core
    printf5.o(i.__0vsprintf$5) refers to printf5.o(i._sputc) for _sputc
    printf5.o(i._printf_core) refers to uldiv.o(.text) for __aeabi_uldivmod
    printf6.o(i.__0fprintf$6) refers to printf6.o(i._printf_core) for _printf_core
    printf6.o(i.__0fprintf$6) refers to uart_irqs.o(.text) for fputc
    printf6.o(i.__0printf$6) refers to printf6.o(i._printf_core) for _printf_core
    printf6.o(i.__0printf$6) refers to uart_irqs.o(.text) for fputc
    printf6.o(i.__0printf$6) refers to stdout.o(.data) for __stdout
    printf6.o(i.__0snprintf$6) refers to printf6.o(i._printf_core) for _printf_core
    printf6.o(i.__0snprintf$6) refers to printf6.o(i._snputc) for _snputc
    printf6.o(i.__0sprintf$6) refers to printf6.o(i._printf_core) for _printf_core
    printf6.o(i.__0sprintf$6) refers to printf6.o(i._sputc) for _sputc
    printf6.o(i.__0vfprintf$6) refers to printf6.o(i._printf_core) for _printf_core
    printf6.o(i.__0vfprintf$6) refers to uart_irqs.o(.text) for fputc
    printf6.o(i.__0vprintf$6) refers to printf6.o(i._printf_core) for _printf_core
    printf6.o(i.__0vprintf$6) refers to uart_irqs.o(.text) for fputc
    printf6.o(i.__0vprintf$6) refers to stdout.o(.data) for __stdout
    printf6.o(i.__0vsnprintf$6) refers to printf6.o(i._printf_core) for _printf_core
    printf6.o(i.__0vsnprintf$6) refers to printf6.o(i._snputc) for _snputc
    printf6.o(i.__0vsprintf$6) refers to printf6.o(i._printf_core) for _printf_core
    printf6.o(i.__0vsprintf$6) refers to printf6.o(i._sputc) for _sputc
    printf6.o(i._printf_core) refers to printf6.o(i._printf_pre_padding) for _printf_pre_padding
    printf6.o(i._printf_core) refers to uidiv.o(.text) for __aeabi_uidivmod
    printf6.o(i._printf_core) refers to printf6.o(i._printf_post_padding) for _printf_post_padding
    printf7.o(i.__0fprintf$7) refers to printf7.o(i._printf_core) for _printf_core
    printf7.o(i.__0fprintf$7) refers to uart_irqs.o(.text) for fputc
    printf7.o(i.__0printf$7) refers to printf7.o(i._printf_core) for _printf_core
    printf7.o(i.__0printf$7) refers to uart_irqs.o(.text) for fputc
    printf7.o(i.__0printf$7) refers to stdout.o(.data) for __stdout
    printf7.o(i.__0snprintf$7) refers to printf7.o(i._printf_core) for _printf_core
    printf7.o(i.__0snprintf$7) refers to printf7.o(i._snputc) for _snputc
    printf7.o(i.__0sprintf$7) refers to printf7.o(i._printf_core) for _printf_core
    printf7.o(i.__0sprintf$7) refers to printf7.o(i._sputc) for _sputc
    printf7.o(i.__0vfprintf$7) refers to printf7.o(i._printf_core) for _printf_core
    printf7.o(i.__0vfprintf$7) refers to uart_irqs.o(.text) for fputc
    printf7.o(i.__0vprintf$7) refers to printf7.o(i._printf_core) for _printf_core
    printf7.o(i.__0vprintf$7) refers to uart_irqs.o(.text) for fputc
    printf7.o(i.__0vprintf$7) refers to stdout.o(.data) for __stdout
    printf7.o(i.__0vsnprintf$7) refers to printf7.o(i._printf_core) for _printf_core
    printf7.o(i.__0vsnprintf$7) refers to printf7.o(i._snputc) for _snputc
    printf7.o(i.__0vsprintf$7) refers to printf7.o(i._printf_core) for _printf_core
    printf7.o(i.__0vsprintf$7) refers to printf7.o(i._sputc) for _sputc
    printf7.o(i._printf_core) refers to printf7.o(i._printf_pre_padding) for _printf_pre_padding
    printf7.o(i._printf_core) refers to uldiv.o(.text) for __aeabi_uldivmod
    printf7.o(i._printf_core) refers to printf7.o(i._printf_post_padding) for _printf_post_padding
    printf8.o(i.__0fprintf$8) refers to printf8.o(i._printf_core) for _printf_core
    printf8.o(i.__0fprintf$8) refers to uart_irqs.o(.text) for fputc
    printf8.o(i.__0printf$8) refers to printf8.o(i._printf_core) for _printf_core
    printf8.o(i.__0printf$8) refers to uart_irqs.o(.text) for fputc
    printf8.o(i.__0printf$8) refers to stdout.o(.data) for __stdout
    printf8.o(i.__0snprintf$8) refers to printf8.o(i._printf_core) for _printf_core
    printf8.o(i.__0snprintf$8) refers to printf8.o(i._snputc) for _snputc
    printf8.o(i.__0sprintf$8) refers to printf8.o(i._printf_core) for _printf_core
    printf8.o(i.__0sprintf$8) refers to printf8.o(i._sputc) for _sputc
    printf8.o(i.__0vfprintf$8) refers to printf8.o(i._printf_core) for _printf_core
    printf8.o(i.__0vfprintf$8) refers to uart_irqs.o(.text) for fputc
    printf8.o(i.__0vprintf$8) refers to printf8.o(i._printf_core) for _printf_core
    printf8.o(i.__0vprintf$8) refers to uart_irqs.o(.text) for fputc
    printf8.o(i.__0vprintf$8) refers to stdout.o(.data) for __stdout
    printf8.o(i.__0vsnprintf$8) refers to printf8.o(i._printf_core) for _printf_core
    printf8.o(i.__0vsnprintf$8) refers to printf8.o(i._snputc) for _snputc
    printf8.o(i.__0vsprintf$8) refers to printf8.o(i._printf_core) for _printf_core
    printf8.o(i.__0vsprintf$8) refers to printf8.o(i._sputc) for _sputc
    printf8.o(i._printf_core) refers to printf8.o(i._printf_pre_padding) for _printf_pre_padding
    printf8.o(i._printf_core) refers to uldiv.o(.text) for __aeabi_uldivmod
    printf8.o(i._printf_core) refers to printf8.o(i._printf_post_padding) for _printf_post_padding
    printfa.o(i.__0fprintf) refers (Special) to iusefp.o(.text) for __I$use$fp
    printfa.o(i.__0fprintf) refers to printfa.o(i._printf_core) for _printf_core
    printfa.o(i.__0fprintf) refers to uart_irqs.o(.text) for fputc
    printfa.o(i.__0printf) refers (Special) to iusefp.o(.text) for __I$use$fp
    printfa.o(i.__0printf) refers to printfa.o(i._printf_core) for _printf_core
    printfa.o(i.__0printf) refers to uart_irqs.o(.text) for fputc
    printfa.o(i.__0printf) refers to stdout.o(.data) for __stdout
    printfa.o(i.__0snprintf) refers (Special) to iusefp.o(.text) for __I$use$fp
    printfa.o(i.__0snprintf) refers to printfa.o(i._printf_core) for _printf_core
    printfa.o(i.__0snprintf) refers to printfa.o(i._snputc) for _snputc
    printfa.o(i.__0sprintf) refers (Special) to iusefp.o(.text) for __I$use$fp
    printfa.o(i.__0sprintf) refers to printfa.o(i._printf_core) for _printf_core
    printfa.o(i.__0sprintf) refers to printfa.o(i._sputc) for _sputc
    printfa.o(i.__0vfprintf) refers (Special) to iusefp.o(.text) for __I$use$fp
    printfa.o(i.__0vfprintf) refers to printfa.o(i._printf_core) for _printf_core
    printfa.o(i.__0vfprintf) refers to uart_irqs.o(.text) for fputc
    printfa.o(i.__0vprintf) refers (Special) to iusefp.o(.text) for __I$use$fp
    printfa.o(i.__0vprintf) refers to printfa.o(i._printf_core) for _printf_core
    printfa.o(i.__0vprintf) refers to uart_irqs.o(.text) for fputc
    printfa.o(i.__0vprintf) refers to stdout.o(.data) for __stdout
    printfa.o(i.__0vsnprintf) refers (Special) to iusefp.o(.text) for __I$use$fp
    printfa.o(i.__0vsnprintf) refers to printfa.o(i._printf_core) for _printf_core
    printfa.o(i.__0vsnprintf) refers to printfa.o(i._snputc) for _snputc
    printfa.o(i.__0vsprintf) refers (Special) to iusefp.o(.text) for __I$use$fp
    printfa.o(i.__0vsprintf) refers to printfa.o(i._printf_core) for _printf_core
    printfa.o(i.__0vsprintf) refers to printfa.o(i._sputc) for _sputc
    printfa.o(i._fp_digits) refers (Special) to iusefp.o(.text) for __I$use$fp
    printfa.o(i._fp_digits) refers to dmul.o(.text) for __aeabi_dmul
    printfa.o(i._fp_digits) refers to ddiv.o(.text) for __aeabi_ddiv
    printfa.o(i._fp_digits) refers to cdrcmple.o(.text) for __aeabi_cdrcmple
    printfa.o(i._fp_digits) refers to dadd.o(.text) for __aeabi_dadd
    printfa.o(i._fp_digits) refers to dfixul.o(.text) for __aeabi_d2ulz
    printfa.o(i._fp_digits) refers to uldiv.o(.text) for __aeabi_uldivmod
    printfa.o(i._printf_core) refers (Special) to iusefp.o(.text) for __I$use$fp
    printfa.o(i._printf_core) refers to printfa.o(i._printf_pre_padding) for _printf_pre_padding
    printfa.o(i._printf_core) refers to uldiv.o(.text) for __aeabi_uldivmod
    printfa.o(i._printf_core) refers to printfa.o(i._printf_post_padding) for _printf_post_padding
    printfa.o(i._printf_core) refers to printfa.o(i._fp_digits) for _fp_digits
    printfa.o(i._printf_core) refers to uidiv.o(.text) for __aeabi_uidivmod
    printfa.o(i._printf_post_padding) refers (Special) to iusefp.o(.text) for __I$use$fp
    printfa.o(i._printf_pre_padding) refers (Special) to iusefp.o(.text) for __I$use$fp
    printfa.o(i._snputc) refers (Special) to iusefp.o(.text) for __I$use$fp
    printfa.o(i._sputc) refers (Special) to iusefp.o(.text) for __I$use$fp
    malloc.o(i.free) refers to mvars.o(.data) for __microlib_freelist
    malloc.o(i.malloc) refers to mvars.o(.data) for __microlib_freelist_initialised
    malloc.o(i.malloc) refers to mvars.o(.data) for __microlib_freelist
    malloc.o(i.malloc) refers to startup_tm4c123.o(HEAP) for __heap_base
    mallocr.o(i.__free$realloc) refers to mvars.o(.data) for __microlib_freelist
    mallocr.o(i.__malloc$realloc) refers to mallocr.o(i.internal_alloc) for internal_alloc
    mallocr.o(i.__malloc$realloc) refers to mvars.o(.data) for __microlib_freelist_initialised
    mallocr.o(i.__malloc$realloc) refers to startup_tm4c123.o(HEAP) for __heap_base
    mallocr.o(i.__malloc$realloc) refers to mvars.o(.data) for __microlib_freelist
    mallocr.o(i.internal_alloc) refers to memcpya.o(.text) for __aeabi_memcpy
    mallocr.o(i.internal_alloc) refers to mvars.o(.data) for __microlib_freelist
    mallocr.o(i.realloc) refers to mallocr.o(i.__free$realloc) for __free$realloc
    mallocr.o(i.realloc) refers to mallocr.o(i.internal_alloc) for internal_alloc
    mallocr.o(i.realloc) refers to mallocr.o(i.__malloc$realloc) for __malloc$realloc
    mallocr.o(i.realloc) refers to mvars.o(.data) for __microlib_freelist
    malloca.o(i.__aligned_malloc) refers to mvars.o(.data) for __microlib_freelist_initialised
    malloca.o(i.__aligned_malloc) refers to mvars.o(.data) for __microlib_freelist
    malloca.o(i.__aligned_malloc) refers to startup_tm4c123.o(HEAP) for __heap_base
    malloca.o(i.__free$memalign) refers to mvars.o(.data) for __microlib_freelist
    malloca.o(i.__malloc$memalign) refers to malloca.o(i.__aligned_malloc) for __aligned_malloc
    mallocra.o(i.__aligned_malloc$realloc) refers to mallocra.o(i.internal_alloc) for internal_alloc
    mallocra.o(i.__aligned_malloc$realloc) refers to mvars.o(.data) for __microlib_freelist_initialised
    mallocra.o(i.__aligned_malloc$realloc) refers to startup_tm4c123.o(HEAP) for __heap_base
    mallocra.o(i.__aligned_malloc$realloc) refers to mvars.o(.data) for __microlib_freelist
    mallocra.o(i.__free$realloc$memalign) refers to mvars.o(.data) for __microlib_freelist
    mallocra.o(i.__malloc$realloc$memalign) refers to mallocra.o(i.__aligned_malloc$realloc) for __aligned_malloc$realloc
    mallocra.o(i.__realloc$memalign) refers to mallocra.o(i.__free$realloc$memalign) for __free$realloc$memalign
    mallocra.o(i.__realloc$memalign) refers to mallocra.o(i.internal_alloc) for internal_alloc
    mallocra.o(i.__realloc$memalign) refers to mallocra.o(i.__malloc$realloc$memalign) for __malloc$realloc$memalign
    mallocra.o(i.__realloc$memalign) refers to mvars.o(.data) for __microlib_freelist
    mallocra.o(i.internal_alloc) refers to memcpya.o(.text) for __aeabi_memcpy
    mallocra.o(i.internal_alloc) refers to mvars.o(.data) for __microlib_freelist
    errno.o(i.__aeabi_errno_addr) refers to errno.o(.data) for .data
    errno.o(i.__read_errno) refers to errno.o(.data) for .data
    errno.o(i.__set_errno) refers to errno.o(.data) for .data
    entry2.o(.ARM.Collect$$$$00000001) refers to entry2.o(.ARM.Collect$$$$00002712) for __lit__00000000
    entry2.o(.ARM.Collect$$$$00002712) refers to startup_tm4c123.o(STACK) for __initial_sp
    entry2.o(__vectab_stack_and_reset_area) refers to startup_tm4c123.o(STACK) for __initial_sp
    entry2.o(__vectab_stack_and_reset_area) refers to entry.o(.ARM.Collect$$$$00000000) for __main
    entry5.o(.ARM.Collect$$$$00000004) refers to init.o(.text) for __scatterload
    entry9a.o(.ARM.Collect$$$$0000000B) refers to main.o(.text) for main
    entry9b.o(.ARM.Collect$$$$0000000C) refers to main.o(.text) for main
    uldiv.o(.text) refers to llushr.o(.text) for __aeabi_llsr
    uldiv.o(.text) refers to llshl.o(.text) for __aeabi_llsl
    dadd.o(.text) refers to llshl.o(.text) for __aeabi_llsl
    dadd.o(.text) refers to llsshr.o(.text) for __aeabi_lasr
    dadd.o(.text) refers to depilogue.o(.text) for _double_epilogue
    dmul.o(.text) refers to depilogue.o(.text) for _double_epilogue
    ddiv.o(.text) refers to depilogue.o(.text) for _double_round
    dfixul.o(.text) refers to llushr.o(.text) for __aeabi_llsr
    dfixul.o(.text) refers to llshl.o(.text) for __aeabi_llsl
    init.o(.text) refers to entry5.o(.ARM.Collect$$$$00000004) for __main_after_scatterload
    depilogue.o(.text) refers to llshl.o(.text) for __aeabi_llsl
    depilogue.o(.text) refers to llushr.o(.text) for __aeabi_llsr


==============================================================================

Removing Unused input sections from the image.

    Removing main.o(.rev16_text), (4 bytes).
    Removing main.o(.revsh_text), (4 bytes).
    Removing interrupts.o(.rev16_text), (4 bytes).
    Removing interrupts.o(.revsh_text), (4 bytes).
    Removing adc.o(.rev16_text), (4 bytes).
    Removing adc.o(.revsh_text), (4 bytes).
    Removing eeprom.o(.rev16_text), (4 bytes).
    Removing eeprom.o(.revsh_text), (4 bytes).
    Removing eeprom.o(.text), (320 bytes).
    Removing fonts.o(.constdata), (3101 bytes).
    Removing gpio_port.o(.rev16_text), (4 bytes).
    Removing gpio_port.o(.revsh_text), (4 bytes).
    Removing i2c.o(.rev16_text), (4 bytes).
    Removing i2c.o(.revsh_text), (4 bytes).
    Removing lcd-dogs.o(.rev16_text), (4 bytes).
    Removing lcd-dogs.o(.revsh_text), (4 bytes).
    Removing lcd-dogs.o(.text), (816 bytes).
    Removing lcd-dogs.o(.constdata), (392 bytes).
    Removing spi.o(.rev16_text), (4 bytes).
    Removing spi.o(.revsh_text), (4 bytes).
    Removing timers.o(.rev16_text), (4 bytes).
    Removing timers.o(.revsh_text), (4 bytes).
    Removing uart.o(.rev16_text), (4 bytes).
    Removing uart.o(.revsh_text), (4 bytes).
    Removing uart.o(.text), (296 bytes).
    Removing uart_irqs.o(.rev16_text), (4 bytes).
    Removing uart_irqs.o(.revsh_text), (4 bytes).
    Removing wireless.o(.rev16_text), (4 bytes).
    Removing wireless.o(.revsh_text), (4 bytes).
    Removing board_util.o(.rev16_text), (4 bytes).
    Removing board_util.o(.revsh_text), (4 bytes).
    Removing system_tm4c123.o(.rev16_text), (4 bytes).
    Removing system_tm4c123.o(.revsh_text), (4 bytes).
    Removing dadd.o(.text), (334 bytes).
    Removing dmul.o(.text), (228 bytes).
    Removing ddiv.o(.text), (222 bytes).
    Removing dfixul.o(.text), (48 bytes).
    Removing cdrcmple.o(.text), (40 bytes).
    Removing depilogue.o(.text), (182 bytes).

39 unused section(s) (total 6091 bytes) removed from the image.

==============================================================================

Image Symbol Table

    Local Symbols

    Symbol Name                              Value     Ov Type        Size  Object(Section)

    RESET                                    0x00000000   Section      620  startup_tm4c123.o(RESET)
    ../clib/microlib/division.c              0x00000000   Number         0  uldiv.o ABSOLUTE
    ../clib/microlib/division.c              0x00000000   Number         0  uidiv.o ABSOLUTE
    ../clib/microlib/errno.c                 0x00000000   Number         0  errno.o ABSOLUTE
    ../clib/microlib/init/entry.s            0x00000000   Number         0  entry9b.o ABSOLUTE
    ../clib/microlib/init/entry.s            0x00000000   Number         0  entry8b.o ABSOLUTE
    ../clib/microlib/init/entry.s            0x00000000   Number         0  entry8a.o ABSOLUTE
    ../clib/microlib/init/entry.s            0x00000000   Number         0  entry7b.o ABSOLUTE
    ../clib/microlib/init/entry.s            0x00000000   Number         0  entry7a.o ABSOLUTE
    ../clib/microlib/init/entry.s            0x00000000   Number         0  entry9a.o ABSOLUTE
    ../clib/microlib/init/entry.s            0x00000000   Number         0  entry10b.o ABSOLUTE
    ../clib/microlib/init/entry.s            0x00000000   Number         0  entry5.o ABSOLUTE
    ../clib/microlib/init/entry.s            0x00000000   Number         0  entry11a.o ABSOLUTE
    ../clib/microlib/init/entry.s            0x00000000   Number         0  entry2.o ABSOLUTE
    ../clib/microlib/init/entry.s            0x00000000   Number         0  entry11b.o ABSOLUTE
    ../clib/microlib/init/entry.s            0x00000000   Number         0  entry10a.o ABSOLUTE
    ../clib/microlib/init/entry.s            0x00000000   Number         0  entry.o ABSOLUTE
    ../clib/microlib/longlong.c              0x00000000   Number         0  llshl.o ABSOLUTE
    ../clib/microlib/longlong.c              0x00000000   Number         0  llsshr.o ABSOLUTE
    ../clib/microlib/longlong.c              0x00000000   Number         0  llushr.o ABSOLUTE
    ../clib/microlib/malloc/malloc.c         0x00000000   Number         0  mallocra.o ABSOLUTE
    ../clib/microlib/malloc/malloc.c         0x00000000   Number         0  mallocr.o ABSOLUTE
    ../clib/microlib/malloc/malloc.c         0x00000000   Number         0  malloca.o ABSOLUTE
    ../clib/microlib/malloc/malloc.c         0x00000000   Number         0  malloc.o ABSOLUTE
    ../clib/microlib/malloc/mvars.c          0x00000000   Number         0  mvars.o ABSOLUTE
    ../clib/microlib/printf/printf.c         0x00000000   Number         0  printf6.o ABSOLUTE
    ../clib/microlib/printf/printf.c         0x00000000   Number         0  printf4.o ABSOLUTE
    ../clib/microlib/printf/printf.c         0x00000000   Number         0  printf3.o ABSOLUTE
    ../clib/microlib/printf/printf.c         0x00000000   Number         0  printfa.o ABSOLUTE
    ../clib/microlib/printf/printf.c         0x00000000   Number         0  printf2.o ABSOLUTE
    ../clib/microlib/printf/printf.c         0x00000000   Number         0  printf1.o ABSOLUTE
    ../clib/microlib/printf/printf.c         0x00000000   Number         0  printf5.o ABSOLUTE
    ../clib/microlib/printf/printf.c         0x00000000   Number         0  printfb.o ABSOLUTE
    ../clib/microlib/printf/printf.c         0x00000000   Number         0  printf7.o ABSOLUTE
    ../clib/microlib/printf/printf.c         0x00000000   Number         0  printf8.o ABSOLUTE
    ../clib/microlib/printf/printf.c         0x00000000   Number         0  printf0.o ABSOLUTE
    ../clib/microlib/printf/stubs.s          0x00000000   Number         0  stubs.o ABSOLUTE
    ../clib/microlib/stdio/streams.c         0x00000000   Number         0  stdout.o ABSOLUTE
    ../clib/microlib/stdio/streams.c         0x00000000   Number         0  stdin.o ABSOLUTE
    ../clib/microlib/string/memcpy.c         0x00000000   Number         0  memcpya.o ABSOLUTE
    ../clib/microlib/string/memcpy.c         0x00000000   Number         0  memcpyb.o ABSOLUTE
    ../clib/microlib/stubs.s                 0x00000000   Number         0  iusefp.o ABSOLUTE
    ../fplib/microlib/fpadd.c                0x00000000   Number         0  dadd.o ABSOLUTE
    ../fplib/microlib/fpdiv.c                0x00000000   Number         0  ddiv.o ABSOLUTE
    ../fplib/microlib/fpepilogue.c           0x00000000   Number         0  depilogue.o ABSOLUTE
    ../fplib/microlib/fpfix.c                0x00000000   Number         0  dfixul.o ABSOLUTE
    ../fplib/microlib/fpmul.c                0x00000000   Number         0  dmul.o ABSOLUTE
    ..\\drivers\\adc.c                       0x00000000   Number         0  adc.o ABSOLUTE
    ..\\drivers\\eeprom.c                    0x00000000   Number         0  eeprom.o ABSOLUTE
    ..\\drivers\\gpio_port.c                 0x00000000   Number         0  gpio_port.o ABSOLUTE
    ..\\drivers\\i2c.c                       0x00000000   Number         0  i2c.o ABSOLUTE
    ..\\drivers\\lcd-dogs.c                  0x00000000   Number         0  lcd-dogs.o ABSOLUTE
    ..\\drivers\\spi.c                       0x00000000   Number         0  spi.o ABSOLUTE
    ..\\drivers\\timers.c                    0x00000000   Number         0  timers.o ABSOLUTE
    ..\\drivers\\uart.c                      0x00000000   Number         0  uart.o ABSOLUTE
    ..\\drivers\\uart_irqs.c                 0x00000000   Number         0  uart_irqs.o ABSOLUTE
    ..\\drivers\\wireless.c                  0x00000000   Number         0  wireless.o ABSOLUTE
    ..\drivers\adc.c                         0x00000000   Number         0  adc.o ABSOLUTE
    ..\drivers\eeprom.c                      0x00000000   Number         0  eeprom.o ABSOLUTE
    ..\drivers\fonts.c                       0x00000000   Number         0  fonts.o ABSOLUTE
    ..\drivers\gpio_port.c                   0x00000000   Number         0  gpio_port.o ABSOLUTE
    ..\drivers\i2c.c                         0x00000000   Number         0  i2c.o ABSOLUTE
    ..\drivers\lcd-dogs.c                    0x00000000   Number         0  lcd-dogs.o ABSOLUTE
    ..\drivers\pc_buffer.c                   0x00000000   Number         0  pc_buffer.o ABSOLUTE
    ..\drivers\spi.c                         0x00000000   Number         0  spi.o ABSOLUTE
    ..\drivers\timers.c                      0x00000000   Number         0  timers.o ABSOLUTE
    ..\drivers\uart.c                        0x00000000   Number         0  uart.o ABSOLUTE
    ..\drivers\uart_irqs.c                   0x00000000   Number         0  uart_irqs.o ABSOLUTE
    ..\drivers\wireless.c                    0x00000000   Number         0  wireless.o ABSOLUTE
    RTE\Device\TM4C123GH6PM\startup_TM4C123.s 0x00000000   Number         0  startup_tm4c123.o ABSOLUTE
    RTE\Device\TM4C123GH6PM\system_TM4C123.c 0x00000000   Number         0  system_tm4c123.o ABSOLUTE
    RTE\\Device\\TM4C123GH6PM\\system_TM4C123.c 0x00000000   Number         0  system_tm4c123.o ABSOLUTE
    board_util.c                             0x00000000   Number         0  board_util.o ABSOLUTE
    board_util.c                             0x00000000   Number         0  board_util.o ABSOLUTE
    cdrcmple.s                               0x00000000   Number         0  cdrcmple.o ABSOLUTE
    dc.s                                     0x00000000   Number         0  dc.o ABSOLUTE
    handlers.s                               0x00000000   Number         0  handlers.o ABSOLUTE
    init.s                                   0x00000000   Number         0  init.o ABSOLUTE
    interrupts.c                             0x00000000   Number         0  interrupts.o ABSOLUTE
    interrupts.c                             0x00000000   Number         0  interrupts.o ABSOLUTE
    main.c                                   0x00000000   Number         0  main.o ABSOLUTE
    main.c                                   0x00000000   Number         0  main.o ABSOLUTE
    .ARM.Collect$$$$00000000                 0x0000026c   Section        0  entry.o(.ARM.Collect$$$$00000000)
    .ARM.Collect$$$$00000001                 0x0000026c   Section        4  entry2.o(.ARM.Collect$$$$00000001)
    .ARM.Collect$$$$00000004                 0x00000270   Section        4  entry5.o(.ARM.Collect$$$$00000004)
    .ARM.Collect$$$$00000008                 0x00000274   Section        0  entry7b.o(.ARM.Collect$$$$00000008)
    .ARM.Collect$$$$0000000A                 0x00000274   Section        0  entry8b.o(.ARM.Collect$$$$0000000A)
    .ARM.Collect$$$$0000000B                 0x00000274   Section        8  entry9a.o(.ARM.Collect$$$$0000000B)
    .ARM.Collect$$$$0000000D                 0x0000027c   Section        0  entry10a.o(.ARM.Collect$$$$0000000D)
    .ARM.Collect$$$$0000000F                 0x0000027c   Section        0  entry11a.o(.ARM.Collect$$$$0000000F)
    .ARM.Collect$$$$00002712                 0x0000027c   Section        4  entry2.o(.ARM.Collect$$$$00002712)
    __lit__00000000                          0x0000027c   Data           4  entry2.o(.ARM.Collect$$$$00002712)
    .text                                    0x00000280   Section        0  main.o(.text)
    .text                                    0x00000604   Section        0  interrupts.o(.text)
    .text                                    0x000006ec   Section        0  adc.o(.text)
    .text                                    0x0000078c   Section        0  gpio_port.o(.text)
    verifyBaseAddr                           0x0000078d   Thumb Code    64  gpio_port.o(.text)
    .text                                    0x000009f8   Section        0  i2c.o(.text)
    .text                                    0x00000c00   Section        0  pc_buffer.o(.text)
    .text                                    0x00000c78   Section        0  spi.o(.text)
    .text                                    0x00000df8   Section        0  timers.o(.text)
    .text                                    0x00000f2c   Section        0  uart_irqs.o(.text)
    .text                                    0x000010ac   Section        0  wireless.o(.text)
    wireless_reg_read                        0x000010d3   Thumb Code    46  wireless.o(.text)
    wireless_reg_write                       0x00001101   Thumb Code    46  wireless.o(.text)
    wireless_rx_data_payload                 0x0000112f   Thumb Code    36  wireless.o(.text)
    wireless_set_rx_addr                     0x00001153   Thumb Code   120  wireless.o(.text)
    wireless_flush_tx_fifo                   0x000011cb   Thumb Code    30  wireless.o(.text)
    wireless_get_status                      0x000011e9   Thumb Code    34  wireless.o(.text)
    wireless_CSN_low                         0x000014a9   Thumb Code    20  wireless.o(.text)
    wireless_CSN_high                        0x000014bd   Thumb Code    20  wireless.o(.text)
    wireless_CE_low                          0x000014d1   Thumb Code    20  wireless.o(.text)
    wireless_CE_high                         0x000014e5   Thumb Code    20  wireless.o(.text)
    wireless_rx_fifo_empty                   0x000014f9   Thumb Code    24  wireless.o(.text)
    wireless_status_tx_ds_asserted           0x00001511   Thumb Code    16  wireless.o(.text)
    wireless_status_tx_full_asserted         0x00001521   Thumb Code    16  wireless.o(.text)
    wireless_clear_max_rt                    0x00001531   Thumb Code    12  wireless.o(.text)
    .text                                    0x00001540   Section        0  board_util.o(.text)
    .text                                    0x00001780   Section      252  startup_tm4c123.o(.text)
    $v0                                      0x00001780   Number         0  startup_tm4c123.o(.text)
    .text                                    0x0000187c   Section        0  system_tm4c123.o(.text)
    getOscClk                                0x0000187d   Thumb Code   182  system_tm4c123.o(.text)
    .text                                    0x00001acc   Section       36  init.o(.text)
    i.__0printf$2                            0x00001af0   Section        0  printf2.o(i.__0printf$2)
    i.__aeabi_errno_addr                     0x00001b10   Section        0  errno.o(i.__aeabi_errno_addr)
    i.__scatterload_copy                     0x00001b18   Section       14  handlers.o(i.__scatterload_copy)
    i.__scatterload_null                     0x00001b26   Section        2  handlers.o(i.__scatterload_null)
    i.__scatterload_zeroinit                 0x00001b28   Section       14  handlers.o(i.__scatterload_zeroinit)
    i._printf_core                           0x00001b36   Section        0  printf2.o(i._printf_core)
    _printf_core                             0x00001b37   Thumb Code   214  printf2.o(i._printf_core)
    i.malloc                                 0x00001c0c   Section        0  malloc.o(i.malloc)
    .data                                    0x20000000   Section       48  main.o(.data)
    .data                                    0x20000030   Section        9  interrupts.o(.data)
    .data                                    0x2000003c   Section        4  timers.o(.data)
    .data                                    0x20000040   Section        4  system_tm4c123.o(.data)
    .data                                    0x20000044   Section        4  stdin.o(.data)
    .data                                    0x20000048   Section        4  stdout.o(.data)
    .data                                    0x2000004c   Section        4  errno.o(.data)
    _errno                                   0x2000004c   Data           4  errno.o(.data)
    .data                                    0x20000050   Section        4  mvars.o(.data)
    .data                                    0x20000054   Section        4  mvars.o(.data)
    .bss                                     0x20000058   Section       32  uart_irqs.o(.bss)
    .bss                                     0x20000078   Section       24  wireless.o(.bss)
    HEAP                                     0x20000090   Section        0  startup_tm4c123.o(HEAP)
    STACK                                    0x20000090   Section     4096  startup_tm4c123.o(STACK)

    Global Symbols

    Symbol Name                              Value     Ov Type        Size  Object(Section)

    BuildAttributes$$THM_ISAv4$E$P$D$K$B$S$7EM$VFPi3$EXTD16$VFPS$VFMA$PE$A:L22UL41UL21$X:L11$S22US41US21$IEEE1$IW$USESV6$~STKCKD$USESV7$~SHL$OSPACE$ROPI$EBA8$MICROLIB$REQ8$PRES8$EABIv2 0x00000000   Number         0  anon$$obj.o ABSOLUTE
    __ARM_use_no_argv                        0x00000000   Number         0  main.o ABSOLUTE
    __Vectors                                0x00000000   Data           4  startup_tm4c123.o(RESET)
    _printf_a                                0x00000000   Number         0  stubs.o ABSOLUTE
    _printf_c                                0x00000000   Number         0  stubs.o ABSOLUTE
    _printf_charcount                        0x00000000   Number         0  stubs.o ABSOLUTE
    _printf_d                                0x00000000   Number         0  stubs.o ABSOLUTE
    _printf_e                                0x00000000   Number         0  stubs.o ABSOLUTE
    _printf_f                                0x00000000   Number         0  stubs.o ABSOLUTE
    _printf_flags                            0x00000000   Number         0  stubs.o ABSOLUTE
    _printf_fp_dec                           0x00000000   Number         0  stubs.o ABSOLUTE
    _printf_fp_hex                           0x00000000   Number         0  stubs.o ABSOLUTE
    _printf_g                                0x00000000   Number         0  stubs.o ABSOLUTE
    _printf_i                                0x00000000   Number         0  stubs.o ABSOLUTE
    _printf_int_dec                          0x00000000   Number         0  stubs.o ABSOLUTE
    _printf_l                                0x00000000   Number         0  stubs.o ABSOLUTE
    _printf_lc                               0x00000000   Number         0  stubs.o ABSOLUTE
    _printf_ll                               0x00000000   Number         0  stubs.o ABSOLUTE
    _printf_lld                              0x00000000   Number         0  stubs.o ABSOLUTE
    _printf_lli                              0x00000000   Number         0  stubs.o ABSOLUTE
    _printf_llo                              0x00000000   Number         0  stubs.o ABSOLUTE
    _printf_llu                              0x00000000   Number         0  stubs.o ABSOLUTE
    _printf_llx                              0x00000000   Number         0  stubs.o ABSOLUTE
    _printf_longlong_dec                     0x00000000   Number         0  stubs.o ABSOLUTE
    _printf_longlong_hex                     0x00000000   Number         0  stubs.o ABSOLUTE
    _printf_longlong_oct                     0x00000000   Number         0  stubs.o ABSOLUTE
    _printf_ls                               0x00000000   Number         0  stubs.o ABSOLUTE
    _printf_mbtowc                           0x00000000   Number         0  stubs.o ABSOLUTE
    _printf_n                                0x00000000   Number         0  stubs.o ABSOLUTE
    _printf_o                                0x00000000   Number         0  stubs.o ABSOLUTE
    _printf_p                                0x00000000   Number         0  stubs.o ABSOLUTE
    _printf_percent                          0x00000000   Number         0  stubs.o ABSOLUTE
    _printf_pre_padding                      0x00000000   Number         0  stubs.o ABSOLUTE
    _printf_return_value                     0x00000000   Number         0  stubs.o ABSOLUTE
    _printf_s                                0x00000000   Number         0  stubs.o ABSOLUTE
    _printf_sizespec                         0x00000000   Number         0  stubs.o ABSOLUTE
    _printf_str                              0x00000000   Number         0  stubs.o ABSOLUTE
    _printf_truncate_signed                  0x00000000   Number         0  stubs.o ABSOLUTE
    _printf_truncate_unsigned                0x00000000   Number         0  stubs.o ABSOLUTE
    _printf_u                                0x00000000   Number         0  stubs.o ABSOLUTE
    _printf_wc                               0x00000000   Number         0  stubs.o ABSOLUTE
    _printf_wctomb                           0x00000000   Number         0  stubs.o ABSOLUTE
    _printf_widthprec                        0x00000000   Number         0  stubs.o ABSOLUTE
    _printf_x                                0x00000000   Number         0  stubs.o ABSOLUTE
    __cpp_initialize__aeabi_                  - Undefined Weak Reference
    __cxa_finalize                            - Undefined Weak Reference
    __decompress                              - Undefined Weak Reference
    _clock_init                               - Undefined Weak Reference
    _microlib_exit                            - Undefined Weak Reference
    __Vectors_End                            0x0000026c   Data           0  startup_tm4c123.o(RESET)
    __Vectors_Size                           0x0000026c   Number         0  startup_tm4c123.o ABSOLUTE
    __main                                   0x0000026d   Thumb Code     0  entry.o(.ARM.Collect$$$$00000000)
    _main_stk                                0x0000026d   Thumb Code     0  entry2.o(.ARM.Collect$$$$00000001)
    _main_scatterload                        0x00000271   Thumb Code     0  entry5.o(.ARM.Collect$$$$00000004)
    __main_after_scatterload                 0x00000275   Thumb Code     0  entry5.o(.ARM.Collect$$$$00000004)
    _main_clock                              0x00000275   Thumb Code     0  entry7b.o(.ARM.Collect$$$$00000008)
    _main_cpp_init                           0x00000275   Thumb Code     0  entry8b.o(.ARM.Collect$$$$0000000A)
    _main_init                               0x00000275   Thumb Code     0  entry9a.o(.ARM.Collect$$$$0000000B)
    __rt_final_cpp                           0x0000027d   Thumb Code     0  entry10a.o(.ARM.Collect$$$$0000000D)
    __rt_final_exit                          0x0000027d   Thumb Code     0  entry11a.o(.ARM.Collect$$$$0000000F)
    initializeBoard                          0x00000281   Thumb Code   114  main.o(.text)
    main                                     0x000002f3   Thumb Code   462  main.o(.text)
    UART0_Handler                            0x00000605   Thumb Code   138  interrupts.o(.text)
    SysTick_Handler                          0x0000068f   Thumb Code    50  interrupts.o(.text)
    TIMER0A_Handler                          0x000006c1   Thumb Code    14  interrupts.o(.text)
    initializeADC                            0x000006ed   Thumb Code    90  adc.o(.text)
    getADCValue                              0x00000747   Thumb Code    58  adc.o(.text)
    gpio_enable_port                         0x000007cd   Thumb Code   156  gpio_port.o(.text)
    gpio_config_digital_enable               0x00000869   Thumb Code    34  gpio_port.o(.text)
    gpio_config_enable_output                0x0000088b   Thumb Code    34  gpio_port.o(.text)
    gpio_config_enable_input                 0x000008ad   Thumb Code    34  gpio_port.o(.text)
    gpio_config_enable_pullup                0x000008cf   Thumb Code    34  gpio_port.o(.text)
    gpio_config_enable_pulldown              0x000008f1   Thumb Code    28  gpio_port.o(.text)
    gpio_config_analog_enable                0x0000090d   Thumb Code    34  gpio_port.o(.text)
    gpio_config_alternate_function           0x0000092f   Thumb Code    34  gpio_port.o(.text)
    gpio_config_falling_edge_irq             0x00000951   Thumb Code    34  gpio_port.o(.text)
    gpio_config_port_control                 0x00000973   Thumb Code    34  gpio_port.o(.text)
    gpio_config_open_drain                   0x00000995   Thumb Code    34  gpio_port.o(.text)
    gpio_config_uart                         0x000009b7   Thumb Code    34  gpio_port.o(.text)
    initializeI2CMaster                      0x000009f9   Thumb Code   160  i2c.o(.text)
    i2cVerifyBaseAddr                        0x00000a99   Thumb Code    36  i2c.o(.text)
    i2cSetSlaveAddr                          0x00000abd   Thumb Code    30  i2c.o(.text)
    i2cStop                                  0x00000adb   Thumb Code    26  i2c.o(.text)
    I2CMasterBusy                            0x00000af5   Thumb Code    34  i2c.o(.text)
    I2CMasterAdrAck                          0x00000b17   Thumb Code    34  i2c.o(.text)
    I2CMasterDatAck                          0x00000b39   Thumb Code    34  i2c.o(.text)
    i2cSendByte                              0x00000b5b   Thumb Code    82  i2c.o(.text)
    i2cGetByte                               0x00000bad   Thumb Code    60  i2c.o(.text)
    pc_buffer_init                           0x00000c01   Thumb Code    24  pc_buffer.o(.text)
    pc_buffer_add                            0x00000c19   Thumb Code    26  pc_buffer.o(.text)
    pc_buffer_remove                         0x00000c33   Thumb Code    28  pc_buffer.o(.text)
    pc_buffer_empty                          0x00000c4f   Thumb Code    18  pc_buffer.o(.text)
    pc_buffer_full                           0x00000c61   Thumb Code    22  pc_buffer.o(.text)
    spiVerifyBaseAddr                        0x00000c79   Thumb Code    34  spi.o(.text)
    initialize_spi                           0x00000c9b   Thumb Code   230  spi.o(.text)
    spiTx                                    0x00000d81   Thumb Code    94  spi.o(.text)
    gp_timer_wait                            0x00000df9   Thumb Code   160  timers.o(.text)
    timer0_configA                           0x00000e99   Thumb Code   126  timers.o(.text)
    initialize_uart                          0x00000f2d   Thumb Code   142  uart_irqs.o(.text)
    uartRx                                   0x00000fbb   Thumb Code    44  uart_irqs.o(.text)
    uartTx                                   0x00000fe7   Thumb Code    70  uart_irqs.o(.text)
    fputc                                    0x0000102d   Thumb Code    44  uart_irqs.o(.text)
    fgetc                                    0x00001059   Thumb Code    48  uart_irqs.o(.text)
    wait_uS_15                               0x000010ad   Thumb Code    14  wireless.o(.text)
    wireless_set_pin_config                  0x000010bb   Thumb Code    24  wireless.o(.text)
    wireless_send_32                         0x0000120b   Thumb Code   310  wireless.o(.text)
    wireless_get_32                          0x00001341   Thumb Code   132  wireless.o(.text)
    wireless_configure_device                0x000013c5   Thumb Code   228  wireless.o(.text)
    DisableInterrupts                        0x00001541   Thumb Code     4  board_util.o(.text)
    EnableInterrupts                         0x00001545   Thumb Code     4  board_util.o(.text)
    i2cInit                                  0x00001549   Thumb Code    92  board_util.o(.text)
    adc_init                                 0x000015a5   Thumb Code    64  board_util.o(.text)
    pushButton_init                          0x000015e5   Thumb Code   136  board_util.o(.text)
    rfInit                                   0x0000166d   Thumb Code   176  board_util.o(.text)
    uart0_config_gpio                        0x0000171d   Thumb Code    70  board_util.o(.text)
    Reset_Handler                            0x00001781   Thumb Code     8  startup_tm4c123.o(.text)
    NMI_Handler                              0x00001789   Thumb Code     2  startup_tm4c123.o(.text)
    HardFault_Handler                        0x0000178b   Thumb Code     2  startup_tm4c123.o(.text)
    MemManage_Handler                        0x0000178d   Thumb Code     2  startup_tm4c123.o(.text)
    BusFault_Handler                         0x0000178f   Thumb Code     2  startup_tm4c123.o(.text)
    UsageFault_Handler                       0x00001791   Thumb Code     2  startup_tm4c123.o(.text)
    SVC_Handler                              0x00001793   Thumb Code     2  startup_tm4c123.o(.text)
    DebugMon_Handler                         0x00001795   Thumb Code     2  startup_tm4c123.o(.text)
    PendSV_Handler                           0x00001797   Thumb Code     2  startup_tm4c123.o(.text)
    GPIOA_Handler                            0x0000179b   Thumb Code     2  startup_tm4c123.o(.text)
    GPIOB_Handler                            0x0000179d   Thumb Code     2  startup_tm4c123.o(.text)
    GPIOC_Handler                            0x0000179f   Thumb Code     2  startup_tm4c123.o(.text)
    GPIOD_Handler                            0x000017a1   Thumb Code     2  startup_tm4c123.o(.text)
    GPIOE_Handler                            0x000017a3   Thumb Code     2  startup_tm4c123.o(.text)
    UART1_Handler                            0x000017a7   Thumb Code     2  startup_tm4c123.o(.text)
    SSI0_Handler                             0x000017a9   Thumb Code     2  startup_tm4c123.o(.text)
    I2C0_Handler                             0x000017ab   Thumb Code     2  startup_tm4c123.o(.text)
    PMW0_FAULT_Handler                       0x000017ad   Thumb Code     2  startup_tm4c123.o(.text)
    PWM0_0_Handler                           0x000017af   Thumb Code     2  startup_tm4c123.o(.text)
    PWM0_1_Handler                           0x000017b1   Thumb Code     2  startup_tm4c123.o(.text)
    PWM0_2_Handler                           0x000017b3   Thumb Code     2  startup_tm4c123.o(.text)
    QEI0_Handler                             0x000017b5   Thumb Code     2  startup_tm4c123.o(.text)
    ADC0SS0_Handler                          0x000017b7   Thumb Code     2  startup_tm4c123.o(.text)
    ADC0SS1_Handler                          0x000017b9   Thumb Code     2  startup_tm4c123.o(.text)
    ADC0SS2_Handler                          0x000017bb   Thumb Code     2  startup_tm4c123.o(.text)
    ADC0SS3_Handler                          0x000017bd   Thumb Code     2  startup_tm4c123.o(.text)
    WDT0_Handler                             0x000017bf   Thumb Code     2  startup_tm4c123.o(.text)
    TIMER0B_Handler                          0x000017c3   Thumb Code     2  startup_tm4c123.o(.text)
    TIMER1A_Handler                          0x000017c5   Thumb Code     2  startup_tm4c123.o(.text)
    TIMER1B_Handler                          0x000017c7   Thumb Code     2  startup_tm4c123.o(.text)
    TIMER2A_Handler                          0x000017c9   Thumb Code     2  startup_tm4c123.o(.text)
    TIMER2B_Handler                          0x000017cb   Thumb Code     2  startup_tm4c123.o(.text)
    COMP0_Handler                            0x000017cd   Thumb Code     2  startup_tm4c123.o(.text)
    COMP1_Handler                            0x000017cf   Thumb Code     2  startup_tm4c123.o(.text)
    COMP2_Handler                            0x000017d1   Thumb Code     2  startup_tm4c123.o(.text)
    SYSCTL_Handler                           0x000017d3   Thumb Code     2  startup_tm4c123.o(.text)
    FLASH_Handler                            0x000017d5   Thumb Code     2  startup_tm4c123.o(.text)
    GPIOF_Handler                            0x000017d7   Thumb Code     2  startup_tm4c123.o(.text)
    GPIOG_Handler                            0x000017d9   Thumb Code     2  startup_tm4c123.o(.text)
    GPIOH_Handler                            0x000017db   Thumb Code     2  startup_tm4c123.o(.text)
    UART2_Handler                            0x000017dd   Thumb Code     2  startup_tm4c123.o(.text)
    SSI1_Handler                             0x000017df   Thumb Code     2  startup_tm4c123.o(.text)
    TIMER3A_Handler                          0x000017e1   Thumb Code     2  startup_tm4c123.o(.text)
    TIMER3B_Handler                          0x000017e3   Thumb Code     2  startup_tm4c123.o(.text)
    I2C1_Handler                             0x000017e5   Thumb Code     2  startup_tm4c123.o(.text)
    QEI1_Handler                             0x000017e7   Thumb Code     2  startup_tm4c123.o(.text)
    CAN0_Handler                             0x000017e9   Thumb Code     2  startup_tm4c123.o(.text)
    CAN1_Handler                             0x000017eb   Thumb Code     2  startup_tm4c123.o(.text)
    CAN2_Handler                             0x000017ed   Thumb Code     2  startup_tm4c123.o(.text)
    HIB_Handler                              0x000017ef   Thumb Code     2  startup_tm4c123.o(.text)
    USB0_Handler                             0x000017f1   Thumb Code     2  startup_tm4c123.o(.text)
    PWM0_3_Handler                           0x000017f3   Thumb Code     2  startup_tm4c123.o(.text)
    UDMA_Handler                             0x000017f5   Thumb Code     2  startup_tm4c123.o(.text)
    UDMAERR_Handler                          0x000017f7   Thumb Code     2  startup_tm4c123.o(.text)
    ADC1SS0_Handler                          0x000017f9   Thumb Code     2  startup_tm4c123.o(.text)
    ADC1SS1_Handler                          0x000017fb   Thumb Code     2  startup_tm4c123.o(.text)
    ADC1SS2_Handler                          0x000017fd   Thumb Code     2  startup_tm4c123.o(.text)
    ADC1SS3_Handler                          0x000017ff   Thumb Code     2  startup_tm4c123.o(.text)
    GPIOJ_Handler                            0x00001801   Thumb Code     2  startup_tm4c123.o(.text)
    GPIOK_Handler                            0x00001803   Thumb Code     2  startup_tm4c123.o(.text)
    GPIOL_Handler                            0x00001805   Thumb Code     2  startup_tm4c123.o(.text)
    SSI2_Handler                             0x00001807   Thumb Code     2  startup_tm4c123.o(.text)
    SSI3_Handler                             0x00001809   Thumb Code     2  startup_tm4c123.o(.text)
    UART3_Handler                            0x0000180b   Thumb Code     2  startup_tm4c123.o(.text)
    UART4_Handler                            0x0000180d   Thumb Code     2  startup_tm4c123.o(.text)
    UART5_Handler                            0x0000180f   Thumb Code     2  startup_tm4c123.o(.text)
    UART6_Handler                            0x00001811   Thumb Code     2  startup_tm4c123.o(.text)
    UART7_Handler                            0x00001813   Thumb Code     2  startup_tm4c123.o(.text)
    I2C2_Handler                             0x00001815   Thumb Code     2  startup_tm4c123.o(.text)
    I2C3_Handler                             0x00001817   Thumb Code     2  startup_tm4c123.o(.text)
    TIMER4A_Handler                          0x00001819   Thumb Code     2  startup_tm4c123.o(.text)
    TIMER4B_Handler                          0x0000181b   Thumb Code     2  startup_tm4c123.o(.text)
    TIMER5A_Handler                          0x0000181d   Thumb Code     2  startup_tm4c123.o(.text)
    TIMER5B_Handler                          0x0000181f   Thumb Code     2  startup_tm4c123.o(.text)
    WTIMER0A_Handler                         0x00001821   Thumb Code     2  startup_tm4c123.o(.text)
    WTIMER0B_Handler                         0x00001823   Thumb Code     2  startup_tm4c123.o(.text)
    WTIMER1A_Handler                         0x00001825   Thumb Code     2  startup_tm4c123.o(.text)
    WTIMER1B_Handler                         0x00001827   Thumb Code     2  startup_tm4c123.o(.text)
    WTIMER2A_Handler                         0x00001829   Thumb Code     2  startup_tm4c123.o(.text)
    WTIMER2B_Handler                         0x0000182b   Thumb Code     2  startup_tm4c123.o(.text)
    WTIMER3A_Handler                         0x0000182d   Thumb Code     2  startup_tm4c123.o(.text)
    WTIMER3B_Handler                         0x0000182f   Thumb Code     2  startup_tm4c123.o(.text)
    WTIMER4A_Handler                         0x00001831   Thumb Code     2  startup_tm4c123.o(.text)
    WTIMER4B_Handler                         0x00001833   Thumb Code     2  startup_tm4c123.o(.text)
    WTIMER5A_Handler                         0x00001835   Thumb Code     2  startup_tm4c123.o(.text)
    WTIMER5B_Handler                         0x00001837   Thumb Code     2  startup_tm4c123.o(.text)
    FPU_Handler                              0x00001839   Thumb Code     2  startup_tm4c123.o(.text)
    I2C4_Handler                             0x0000183b   Thumb Code     2  startup_tm4c123.o(.text)
    I2C5_Handler                             0x0000183d   Thumb Code     2  startup_tm4c123.o(.text)
    GPIOM_Handler                            0x0000183f   Thumb Code     2  startup_tm4c123.o(.text)
    GPION_Handler                            0x00001841   Thumb Code     2  startup_tm4c123.o(.text)
    QEI2_Handler                             0x00001843   Thumb Code     2  startup_tm4c123.o(.text)
    GPIOP0_Handler                           0x00001845   Thumb Code     2  startup_tm4c123.o(.text)
    GPIOP1_Handler                           0x00001847   Thumb Code     2  startup_tm4c123.o(.text)
    GPIOP2_Handler                           0x00001849   Thumb Code     2  startup_tm4c123.o(.text)
    GPIOP3_Handler                           0x0000184b   Thumb Code     2  startup_tm4c123.o(.text)
    GPIOP4_Handler                           0x0000184d   Thumb Code     2  startup_tm4c123.o(.text)
    GPIOP5_Handler                           0x0000184f   Thumb Code     2  startup_tm4c123.o(.text)
    GPIOP6_Handler                           0x00001851   Thumb Code     2  startup_tm4c123.o(.text)
    GPIOP7_Handler                           0x00001853   Thumb Code     2  startup_tm4c123.o(.text)
    GPIOQ0_Handler                           0x00001855   Thumb Code     2  startup_tm4c123.o(.text)
    GPIOQ1_Handler                           0x00001857   Thumb Code     2  startup_tm4c123.o(.text)
    GPIOQ2_Handler                           0x00001859   Thumb Code     2  startup_tm4c123.o(.text)
    GPIOQ3_Handler                           0x0000185b   Thumb Code     2  startup_tm4c123.o(.text)
    GPIOQ4_Handler                           0x0000185d   Thumb Code     2  startup_tm4c123.o(.text)
    GPIOQ5_Handler                           0x0000185f   Thumb Code     2  startup_tm4c123.o(.text)
    GPIOQ6_Handler                           0x00001861   Thumb Code     2  startup_tm4c123.o(.text)
    GPIOQ7_Handler                           0x00001863   Thumb Code     2  startup_tm4c123.o(.text)
    GPIOR_Handler                            0x00001865   Thumb Code     2  startup_tm4c123.o(.text)
    GPIOS_Handler                            0x00001867   Thumb Code     2  startup_tm4c123.o(.text)
    PMW1_0_Handler                           0x00001869   Thumb Code     2  startup_tm4c123.o(.text)
    PWM1_1_Handler                           0x0000186b   Thumb Code     2  startup_tm4c123.o(.text)
    PWM1_2_Handler                           0x0000186d   Thumb Code     2  startup_tm4c123.o(.text)
    PWM1_3_Handler                           0x0000186f   Thumb Code     2  startup_tm4c123.o(.text)
    PWM1_FAULT_Handler                       0x00001871   Thumb Code     2  startup_tm4c123.o(.text)
    SystemCoreClockUpdate                    0x00001933   Thumb Code   184  system_tm4c123.o(.text)
    SystemInit                               0x000019eb   Thumb Code   112  system_tm4c123.o(.text)
    __scatterload                            0x00001acd   Thumb Code    28  init.o(.text)
    __scatterload_rt2                        0x00001acd   Thumb Code     0  init.o(.text)
    __0printf$2                              0x00001af1   Thumb Code    22  printf2.o(i.__0printf$2)
    __1printf$2                              0x00001af1   Thumb Code     0  printf2.o(i.__0printf$2)
    __2printf                                0x00001af1   Thumb Code     0  printf2.o(i.__0printf$2)
    __aeabi_errno_addr                       0x00001b11   Thumb Code     4  errno.o(i.__aeabi_errno_addr)
    __rt_errno_addr                          0x00001b11   Thumb Code     0  errno.o(i.__aeabi_errno_addr)
    __scatterload_copy                       0x00001b19   Thumb Code    14  handlers.o(i.__scatterload_copy)
    __scatterload_null                       0x00001b27   Thumb Code     2  handlers.o(i.__scatterload_null)
    __scatterload_zeroinit                   0x00001b29   Thumb Code    14  handlers.o(i.__scatterload_zeroinit)
    malloc                                   0x00001c0d   Thumb Code    92  malloc.o(i.malloc)
    Region$$Table$$Base                      0x00001c78   Number         0  anon$$obj.o(Region$$Table)
    Region$$Table$$Limit                     0x00001c98   Number         0  anon$$obj.o(Region$$Table)
    myID                                     0x20000000   Data           5  main.o(.data)
    remoteID                                 0x20000005   Data           5  main.o(.data)
    data                                     0x2000000c   Data           4  main.o(.data)
    ps2data                                  0x20000010   Data           4  main.o(.data)
    upcounter                                0x20000014   Data           4  main.o(.data)
    downcounter                              0x20000018   Data           4  main.o(.data)
    leftcounter                              0x2000001c   Data           4  main.o(.data)
    rightcounter                             0x20000020   Data           4  main.o(.data)
    ps2counter                               0x20000024   Data           4  main.o(.data)
    x_data                                   0x20000028   Data           4  main.o(.data)
    y_data                                   0x2000002c   Data           4  main.o(.data)
    AlertSysTick                             0x20000030   Data           1  interrupts.o(.data)
    count                                    0x20000034   Data           4  interrupts.o(.data)
    updateXY                                 0x20000038   Data           1  interrupts.o(.data)
    a_timer                                  0x2000003c   Data           4  timers.o(.data)
    SystemCoreClock                          0x20000040   Data           4  system_tm4c123.o(.data)
    __stdin                                  0x20000044   Data           4  stdin.o(.data)
    __stdout                                 0x20000048   Data           4  stdout.o(.data)
    __microlib_freelist                      0x20000050   Data           4  mvars.o(.data)
    __microlib_freelist_initialised          0x20000054   Data           4  mvars.o(.data)
    UART0_Tx_Buffer                          0x20000058   Data          16  uart_irqs.o(.bss)
    UART0_Rx_Buffer                          0x20000068   Data          16  uart_irqs.o(.bss)
    wirelessPinConfig                        0x20000078   Data          24  wireless.o(.bss)
    __heap_base                              0x20000090   Data           0  startup_tm4c123.o(HEAP)
    __heap_limit                             0x20000090   Data           0  startup_tm4c123.o(HEAP)
    __initial_sp                             0x20001090   Data           0  startup_tm4c123.o(STACK)



==============================================================================

Memory Map of the image

  Image Entry point : 0x00001781

  Load Region LR_1 (Base: 0x00000000, Size: 0x00001cf0, Max: 0xffffffff, ABSOLUTE)

    Execution Region ER_RO (Base: 0x00000000, Size: 0x00001c98, Max: 0xffffffff, ABSOLUTE)

    Base Addr    Size         Type   Attr      Idx    E Section Name        Object

    0x00000000   0x0000026c   Data   RO          420    RESET               startup_tm4c123.o
    0x0000026c   0x00000000   Code   RO          451  * .ARM.Collect$$$$00000000  mc_w.l(entry.o)
    0x0000026c   0x00000004   Code   RO          752    .ARM.Collect$$$$00000001  mc_w.l(entry2.o)
    0x00000270   0x00000004   Code   RO          755    .ARM.Collect$$$$00000004  mc_w.l(entry5.o)
    0x00000274   0x00000000   Code   RO          757    .ARM.Collect$$$$00000008  mc_w.l(entry7b.o)
    0x00000274   0x00000000   Code   RO          759    .ARM.Collect$$$$0000000A  mc_w.l(entry8b.o)
    0x00000274   0x00000008   Code   RO          760    .ARM.Collect$$$$0000000B  mc_w.l(entry9a.o)
    0x0000027c   0x00000000   Code   RO          762    .ARM.Collect$$$$0000000D  mc_w.l(entry10a.o)
    0x0000027c   0x00000000   Code   RO          764    .ARM.Collect$$$$0000000F  mc_w.l(entry11a.o)
    0x0000027c   0x00000004   Code   RO          753    .ARM.Collect$$$$00002712  mc_w.l(entry2.o)
    0x00000280   0x00000384   Code   RO            3    .text               main.o
    0x00000604   0x000000e8   Code   RO          112    .text               interrupts.o
    0x000006ec   0x000000a0   Code   RO          143    .text               adc.o
    0x0000078c   0x0000026c   Code   RO          195    .text               gpio_port.o
    0x000009f8   0x00000208   Code   RO          215    .text               i2c.o
    0x00000c00   0x00000076   Code   RO          263    .text               pc_buffer.o
    0x00000c76   0x00000002   PAD
    0x00000c78   0x00000180   Code   RO          280    .text               spi.o
    0x00000df8   0x00000134   Code   RO          300    .text               timers.o
    0x00000f2c   0x00000180   Code   RO          350    .text               uart_irqs.o
    0x000010ac   0x00000494   Code   RO          377    .text               wireless.o
    0x00001540   0x00000240   Code   RO          400    .text               board_util.o
    0x00001780   0x000000fc   Code   RO          421  * .text               startup_tm4c123.o
    0x0000187c   0x00000250   Code   RO          427    .text               system_tm4c123.o
    0x00001acc   0x00000024   Code   RO          787    .text               mc_w.l(init.o)
    0x00001af0   0x00000020   Code   RO          523    i.__0printf$2       mc_w.l(printf2.o)
    0x00001b10   0x00000008   Code   RO          745    i.__aeabi_errno_addr  mc_w.l(errno.o)
    0x00001b18   0x0000000e   Code   RO          799    i.__scatterload_copy  mc_w.l(handlers.o)
    0x00001b26   0x00000002   Code   RO          800    i.__scatterload_null  mc_w.l(handlers.o)
    0x00001b28   0x0000000e   Code   RO          801    i.__scatterload_zeroinit  mc_w.l(handlers.o)
    0x00001b36   0x000000d6   Code   RO          530    i._printf_core      mc_w.l(printf2.o)
    0x00001c0c   0x0000006c   Code   RO          718    i.malloc            mc_w.l(malloc.o)
    0x00001c78   0x00000020   Data   RO          797    Region$$Table       anon$$obj.o


    Execution Region ER_RW (Base: 0x20000000, Size: 0x00000058, Max: 0xffffffff, ABSOLUTE)

    Base Addr    Size         Type   Attr      Idx    E Section Name        Object

    0x20000000   0x00000030   Data   RW            4    .data               main.o
    0x20000030   0x00000009   Data   RW          113    .data               interrupts.o
    0x20000039   0x00000003   PAD
    0x2000003c   0x00000004   Data   RW          301    .data               timers.o
    0x20000040   0x00000004   Data   RW          428    .data               system_tm4c123.o
    0x20000044   0x00000004   Data   RW          454    .data               mc_w.l(stdin.o)
    0x20000048   0x00000004   Data   RW          455    .data               mc_w.l(stdout.o)
    0x2000004c   0x00000004   Data   RW          748    .data               mc_w.l(errno.o)
    0x20000050   0x00000004   Data   RW          774    .data               mc_w.l(mvars.o)
    0x20000054   0x00000004   Data   RW          775    .data               mc_w.l(mvars.o)


    Execution Region ER_ZI (Base: 0x20000058, Size: 0x00001038, Max: 0xffffffff, ABSOLUTE)

    Base Addr    Size         Type   Attr      Idx    E Section Name        Object

    0x20000058   0x00000020   Zero   RW          351    .bss                uart_irqs.o
    0x20000078   0x00000018   Zero   RW          378    .bss                wireless.o
    0x20000090   0x00000000   Zero   RW          419    HEAP                startup_tm4c123.o
    0x20000090   0x00001000   Zero   RW          418    STACK               startup_tm4c123.o


==============================================================================

Image component sizes


      Code (inc. data)   RO Data    RW Data    ZI Data      Debug   Object Name

       160         12          0          0          0       1336   adc.o
       576         30          0          0          0       1559   board_util.o
       620         32          0          0          0       4810   gpio_port.o
       520         24          0          0          0       3449   i2c.o
       232         30          0          9          0       1806   interrupts.o
       900        324          0         48          0      63571   main.o
       118          0          0          0          0       1967   pc_buffer.o
       384         26          0          0          0       1737   spi.o
       252         10        620          0       4096       5412   startup_tm4c123.o
       592        138          0          4          0       1489   system_tm4c123.o
       308         22          0          4          0      28068   timers.o
       384         36          0          0         32      28501   uart_irqs.o
      1172         14          0          0         24       7264   wireless.o

    ----------------------------------------------------------------------
      6220        698        652         68       4152     150969   Object Totals
         0          0         32          0          0          0   (incl. Generated)
         2          0          0          3          0          0   (incl. Padding)

    ----------------------------------------------------------------------

      Code (inc. data)   RO Data    RW Data    ZI Data      Debug   Library Member Name

         0          0          0          0          0          0   entry.o
         0          0          0          0          0          0   entry10a.o
         0          0          0          0          0          0   entry11a.o
         8          4          0          0          0          0   entry2.o
         4          0          0          0          0          0   entry5.o
         0          0          0          0          0          0   entry7b.o
         0          0          0          0          0          0   entry8b.o
         8          4          0          0          0          0   entry9a.o
         8          4          0          4          0         68   errno.o
        30          0          0          0          0          0   handlers.o
        36          8          0          0          0         68   init.o
       108         16          0          0          0         84   malloc.o
         0          0          0          8          0          0   mvars.o
       246         10          0          0          0        176   printf2.o
         0          0          0          4          0          0   stdin.o
         0          0          0          4          0          0   stdout.o

    ----------------------------------------------------------------------
       448         46          0         20          0        396   Library Totals
         0          0          0          0          0          0   (incl. Padding)

    ----------------------------------------------------------------------

      Code (inc. data)   RO Data    RW Data    ZI Data      Debug   Library Name

       448         46          0         20          0        396   mc_w.l

    ----------------------------------------------------------------------
       448         46          0         20          0        396   Library Totals

    ----------------------------------------------------------------------

==============================================================================


      Code (inc. data)   RO Data    RW Data    ZI Data      Debug   

      6668        744        652         88       4152     149717   Grand Totals
      6668        744        652         88       4152     149717   ELF Image Totals
      6668        744        652         88          0          0   ROM Totals

==============================================================================

    Total RO  Size (Code + RO Data)                 7320 (   7.15kB)
    Total RW  Size (RW Data + ZI Data)              4240 (   4.14kB)
    Total ROM Size (Code + RO Data + RW Data)       7408 (   7.23kB)

==============================================================================

