Product: MDK-ARM Lite 5.10
Component: ARM Compiler 5.04 update 1 (build 49)
Tool: armlink [5040049]

==============================================================================

Section Cross References

    main.o(.text) refers to board_util.o(.text) for DisableInterrupts
    main.o(.text) refers to uart_irqs.o(.text) for initialize_uart
    main.o(.text) refers to timers.o(.text) for timer0_configA
    main.o(.text) refers to rand.o(.text) for srand
    main.o(.text) refers to lcd-dogs.o(.text) for lcd_init
    main.o(.text) refers to malloc.o(i.malloc) for malloc
    main.o(.text) refers to printf8.o(i.__0printf$8) for __2printf
    main.o(.text) refers to wireless.o(.text) for wireless_configure_device
    main.o(.text) refers to gamelogic.o(.text) for random_generate
    main.o(.text) refers to main.o(.data) for myID
    main.o(.text) refers to timers.o(.data) for a_timer
    main.o(.text) refers to gamelogic.o(.data) for initState
    interrupts.o(.text) refers to pc_buffer.o(.text) for pc_buffer_add
    interrupts.o(.text) refers to uart_irqs.o(.bss) for UART0_Rx_Buffer
    interrupts.o(.text) refers to interrupts.o(.data) for count
    interrupts.o(.text) refers to timers.o(.data) for a_timer
    eeprom.o(.text) refers to i2c.o(.text) for i2cVerifyBaseAddr
    lcd-dogs.o(.text) refers to spi.o(.text) for spiTx
    lcd-dogs.o(.text) refers to gpio_port.o(.text) for gpio_enable_port
    lcd-dogs.o(.text) refers to fonts.o(.constdata) for courierNew_10ptBitmaps
    pc_buffer.o(.text) refers to malloc.o(i.malloc) for malloc
    timers.o(.text) refers to timers.o(.data) for a_timer
    uart_irqs.o(.text) refers to pc_buffer.o(.text) for pc_buffer_init
    uart_irqs.o(.text) refers to board_util.o(.text) for DisableInterrupts
    uart_irqs.o(.text) refers to errno.o(i.__aeabi_errno_addr) for __aeabi_errno_addr
    uart_irqs.o(.text) refers to uart_irqs.o(.bss) for UART0_Tx_Buffer
    uart_irqs.o(.text) refers to stdout.o(.data) for __stdout
    uart_irqs.o(.text) refers to stdin.o(.data) for __stdin
    wireless.o(.text) refers to spi.o(.text) for spiTx
    wireless.o(.text) refers to wireless.o(.bss) for wirelessPinConfig
    wireless.o(.text) refers to printf8.o(i.__0printf$8) for __2printf
    board_util.o(.text) refers to gpio_port.o(.text) for gpio_enable_port
    board_util.o(.text) refers to i2c.o(.text) for initializeI2CMaster
    board_util.o(.text) refers to adc.o(.text) for initializeADC
    board_util.o(.text) refers to wireless.o(.text) for wireless_set_pin_config
    board_util.o(.text) refers to spi.o(.text) for initialize_spi
    gamelogic.o(.text) refers to adc.o(.text) for getADCValue
    gamelogic.o(.text) refers to printf8.o(i.__0printf$8) for __2printf
    gamelogic.o(.text) refers to rand.o(.text) for rand
    gamelogic.o(.text) refers to lcd-dogs.o(.text) for print_lcd
    gamelogic.o(.text) refers to interrupts.o(.data) for AlertSysTick
    gamelogic.o(.text) refers to gamelogic.o(.data) for data
    gamelogic.o(.text) refers to lcd-dogs.o(.data) for push_up
    startup_tm4c123.o(RESET) refers to startup_tm4c123.o(STACK) for __initial_sp
    startup_tm4c123.o(RESET) refers to startup_tm4c123.o(.text) for Reset_Handler
    startup_tm4c123.o(RESET) refers to interrupts.o(.text) for SysTick_Handler
    startup_tm4c123.o(.text) refers to system_tm4c123.o(.text) for SystemInit
    startup_tm4c123.o(.text) refers to entry.o(.ARM.Collect$$$$00000000) for __main
    system_tm4c123.o(.text) refers to system_tm4c123.o(.data) for SystemCoreClock
    entry.o(.ARM.Collect$$$$00000000) refers (Special) to entry10a.o(.ARM.Collect$$$$0000000D) for __rt_final_cpp
    entry.o(.ARM.Collect$$$$00000000) refers (Special) to entry11a.o(.ARM.Collect$$$$0000000F) for __rt_final_exit
    entry.o(.ARM.Collect$$$$00000000) refers (Special) to entry7b.o(.ARM.Collect$$$$00000008) for _main_clock
    entry.o(.ARM.Collect$$$$00000000) refers (Special) to entry8b.o(.ARM.Collect$$$$0000000A) for _main_cpp_init
    entry.o(.ARM.Collect$$$$00000000) refers (Special) to entry9a.o(.ARM.Collect$$$$0000000B) for _main_init
    entry.o(.ARM.Collect$$$$00000000) refers (Special) to entry5.o(.ARM.Collect$$$$00000004) for _main_scatterload
    entry.o(.ARM.Collect$$$$00000000) refers (Special) to entry2.o(.ARM.Collect$$$$00000001) for _main_stk
    rand.o(.text) refers to rand.o(.data) for .data
    printfb.o(i.__0fprintf$bare) refers to printfb.o(i._printf_core) for _printf_core
    printfb.o(i.__0fprintf$bare) refers to uart_irqs.o(.text) for fputc
    printfb.o(i.__0printf$bare) refers to printfb.o(i._printf_core) for _printf_core
    printfb.o(i.__0printf$bare) refers to uart_irqs.o(.text) for fputc
    printfb.o(i.__0printf$bare) refers to stdout.o(.data) for __stdout
    printfb.o(i.__0snprintf$bare) refers to printfb.o(i._printf_core) for _printf_core
    printfb.o(i.__0snprintf$bare) refers to printfb.o(i._snputc) for _snputc
    printfb.o(i.__0sprintf$bare) refers to printfb.o(i._printf_core) for _printf_core
    printfb.o(i.__0sprintf$bare) refers to printfb.o(i._sputc) for _sputc
    printfb.o(i.__0vfprintf$bare) refers to printfb.o(i._printf_core) for _printf_core
    printfb.o(i.__0vfprintf$bare) refers to uart_irqs.o(.text) for fputc
    printfb.o(i.__0vprintf$bare) refers to printfb.o(i._printf_core) for _printf_core
    printfb.o(i.__0vprintf$bare) refers to uart_irqs.o(.text) for fputc
    printfb.o(i.__0vprintf$bare) refers to stdout.o(.data) for __stdout
    printfb.o(i.__0vsnprintf$bare) refers to printfb.o(i._printf_core) for _printf_core
    printfb.o(i.__0vsnprintf$bare) refers to printfb.o(i._snputc) for _snputc
    printfb.o(i.__0vsprintf$bare) refers to printfb.o(i._printf_core) for _printf_core
    printfb.o(i.__0vsprintf$bare) refers to printfb.o(i._sputc) for _sputc
    printf0.o(i.__0fprintf$0) refers to printf0.o(i._printf_core) for _printf_core
    printf0.o(i.__0fprintf$0) refers to uart_irqs.o(.text) for fputc
    printf0.o(i.__0printf$0) refers to printf0.o(i._printf_core) for _printf_core
    printf0.o(i.__0printf$0) refers to uart_irqs.o(.text) for fputc
    printf0.o(i.__0printf$0) refers to stdout.o(.data) for __stdout
    printf0.o(i.__0snprintf$0) refers to printf0.o(i._printf_core) for _printf_core
    printf0.o(i.__0snprintf$0) refers to printf0.o(i._snputc) for _snputc
    printf0.o(i.__0sprintf$0) refers to printf0.o(i._printf_core) for _printf_core
    printf0.o(i.__0sprintf$0) refers to printf0.o(i._sputc) for _sputc
    printf0.o(i.__0vfprintf$0) refers to printf0.o(i._printf_core) for _printf_core
    printf0.o(i.__0vfprintf$0) refers to uart_irqs.o(.text) for fputc
    printf0.o(i.__0vprintf$0) refers to printf0.o(i._printf_core) for _printf_core
    printf0.o(i.__0vprintf$0) refers to uart_irqs.o(.text) for fputc
    printf0.o(i.__0vprintf$0) refers to stdout.o(.data) for __stdout
    printf0.o(i.__0vsnprintf$0) refers to printf0.o(i._printf_core) for _printf_core
    printf0.o(i.__0vsnprintf$0) refers to printf0.o(i._snputc) for _snputc
    printf0.o(i.__0vsprintf$0) refers to printf0.o(i._printf_core) for _printf_core
    printf0.o(i.__0vsprintf$0) refers to printf0.o(i._sputc) for _sputc
    printf1.o(i.__0fprintf$1) refers to printf1.o(i._printf_core) for _printf_core
    printf1.o(i.__0fprintf$1) refers to uart_irqs.o(.text) for fputc
    printf1.o(i.__0printf$1) refers to printf1.o(i._printf_core) for _printf_core
    printf1.o(i.__0printf$1) refers to uart_irqs.o(.text) for fputc
    printf1.o(i.__0printf$1) refers to stdout.o(.data) for __stdout
    printf1.o(i.__0snprintf$1) refers to printf1.o(i._printf_core) for _printf_core
    printf1.o(i.__0snprintf$1) refers to printf1.o(i._snputc) for _snputc
    printf1.o(i.__0sprintf$1) refers to printf1.o(i._printf_core) for _printf_core
    printf1.o(i.__0sprintf$1) refers to printf1.o(i._sputc) for _sputc
    printf1.o(i.__0vfprintf$1) refers to printf1.o(i._printf_core) for _printf_core
    printf1.o(i.__0vfprintf$1) refers to uart_irqs.o(.text) for fputc
    printf1.o(i.__0vprintf$1) refers to printf1.o(i._printf_core) for _printf_core
    printf1.o(i.__0vprintf$1) refers to uart_irqs.o(.text) for fputc
    printf1.o(i.__0vprintf$1) refers to stdout.o(.data) for __stdout
    printf1.o(i.__0vsnprintf$1) refers to printf1.o(i._printf_core) for _printf_core
    printf1.o(i.__0vsnprintf$1) refers to printf1.o(i._snputc) for _snputc
    printf1.o(i.__0vsprintf$1) refers to printf1.o(i._printf_core) for _printf_core
    printf1.o(i.__0vsprintf$1) refers to printf1.o(i._sputc) for _sputc
    printf1.o(i._printf_core) refers to uidiv.o(.text) for __aeabi_uidivmod
    printf2.o(i.__0fprintf$2) refers to printf2.o(i._printf_core) for _printf_core
    printf2.o(i.__0fprintf$2) refers to uart_irqs.o(.text) for fputc
    printf2.o(i.__0printf$2) refers to printf2.o(i._printf_core) for _printf_core
    printf2.o(i.__0printf$2) refers to uart_irqs.o(.text) for fputc
    printf2.o(i.__0printf$2) refers to stdout.o(.data) for __stdout
    printf2.o(i.__0snprintf$2) refers to printf2.o(i._printf_core) for _printf_core
    printf2.o(i.__0snprintf$2) refers to printf2.o(i._snputc) for _snputc
    printf2.o(i.__0sprintf$2) refers to printf2.o(i._printf_core) for _printf_core
    printf2.o(i.__0sprintf$2) refers to printf2.o(i._sputc) for _sputc
    printf2.o(i.__0vfprintf$2) refers to printf2.o(i._printf_core) for _printf_core
    printf2.o(i.__0vfprintf$2) refers to uart_irqs.o(.text) for fputc
    printf2.o(i.__0vprintf$2) refers to printf2.o(i._printf_core) for _printf_core
    printf2.o(i.__0vprintf$2) refers to uart_irqs.o(.text) for fputc
    printf2.o(i.__0vprintf$2) refers to stdout.o(.data) for __stdout
    printf2.o(i.__0vsnprintf$2) refers to printf2.o(i._printf_core) for _printf_core
    printf2.o(i.__0vsnprintf$2) refers to printf2.o(i._snputc) for _snputc
    printf2.o(i.__0vsprintf$2) refers to printf2.o(i._printf_core) for _printf_core
    printf2.o(i.__0vsprintf$2) refers to printf2.o(i._sputc) for _sputc
    printf3.o(i.__0fprintf$3) refers to printf3.o(i._printf_core) for _printf_core
    printf3.o(i.__0fprintf$3) refers to uart_irqs.o(.text) for fputc
    printf3.o(i.__0printf$3) refers to printf3.o(i._printf_core) for _printf_core
    printf3.o(i.__0printf$3) refers to uart_irqs.o(.text) for fputc
    printf3.o(i.__0printf$3) refers to stdout.o(.data) for __stdout
    printf3.o(i.__0snprintf$3) refers to printf3.o(i._printf_core) for _printf_core
    printf3.o(i.__0snprintf$3) refers to printf3.o(i._snputc) for _snputc
    printf3.o(i.__0sprintf$3) refers to printf3.o(i._printf_core) for _printf_core
    printf3.o(i.__0sprintf$3) refers to printf3.o(i._sputc) for _sputc
    printf3.o(i.__0vfprintf$3) refers to printf3.o(i._printf_core) for _printf_core
    printf3.o(i.__0vfprintf$3) refers to uart_irqs.o(.text) for fputc
    printf3.o(i.__0vprintf$3) refers to printf3.o(i._printf_core) for _printf_core
    printf3.o(i.__0vprintf$3) refers to uart_irqs.o(.text) for fputc
    printf3.o(i.__0vprintf$3) refers to stdout.o(.data) for __stdout
    printf3.o(i.__0vsnprintf$3) refers to printf3.o(i._printf_core) for _printf_core
    printf3.o(i.__0vsnprintf$3) refers to printf3.o(i._snputc) for _snputc
    printf3.o(i.__0vsprintf$3) refers to printf3.o(i._printf_core) for _printf_core
    printf3.o(i.__0vsprintf$3) refers to printf3.o(i._sputc) for _sputc
    printf3.o(i._printf_core) refers to uidiv.o(.text) for __aeabi_uidivmod
    printf4.o(i.__0fprintf$4) refers to printf4.o(i._printf_core) for _printf_core
    printf4.o(i.__0fprintf$4) refers to uart_irqs.o(.text) for fputc
    printf4.o(i.__0printf$4) refers to printf4.o(i._printf_core) for _printf_core
    printf4.o(i.__0printf$4) refers to uart_irqs.o(.text) for fputc
    printf4.o(i.__0printf$4) refers to stdout.o(.data) for __stdout
    printf4.o(i.__0snprintf$4) refers to printf4.o(i._printf_core) for _printf_core
    printf4.o(i.__0snprintf$4) refers to printf4.o(i._snputc) for _snputc
    printf4.o(i.__0sprintf$4) refers to printf4.o(i._printf_core) for _printf_core
    printf4.o(i.__0sprintf$4) refers to printf4.o(i._sputc) for _sputc
    printf4.o(i.__0vfprintf$4) refers to printf4.o(i._printf_core) for _printf_core
    printf4.o(i.__0vfprintf$4) refers to uart_irqs.o(.text) for fputc
    printf4.o(i.__0vprintf$4) refers to printf4.o(i._printf_core) for _printf_core
    printf4.o(i.__0vprintf$4) refers to uart_irqs.o(.text) for fputc
    printf4.o(i.__0vprintf$4) refers to stdout.o(.data) for __stdout
    printf4.o(i.__0vsnprintf$4) refers to printf4.o(i._printf_core) for _printf_core
    printf4.o(i.__0vsnprintf$4) refers to printf4.o(i._snputc) for _snputc
    printf4.o(i.__0vsprintf$4) refers to printf4.o(i._printf_core) for _printf_core
    printf4.o(i.__0vsprintf$4) refers to printf4.o(i._sputc) for _sputc
    printf4.o(i._printf_core) refers to uldiv.o(.text) for __aeabi_uldivmod
    printf5.o(i.__0fprintf$5) refers to printf5.o(i._printf_core) for _printf_core
    printf5.o(i.__0fprintf$5) refers to uart_irqs.o(.text) for fputc
    printf5.o(i.__0printf$5) refers to printf5.o(i._printf_core) for _printf_core
    printf5.o(i.__0printf$5) refers to uart_irqs.o(.text) for fputc
    printf5.o(i.__0printf$5) refers to stdout.o(.data) for __stdout
    printf5.o(i.__0snprintf$5) refers to printf5.o(i._printf_core) for _printf_core
    printf5.o(i.__0snprintf$5) refers to printf5.o(i._snputc) for _snputc
    printf5.o(i.__0sprintf$5) refers to printf5.o(i._printf_core) for _printf_core
    printf5.o(i.__0sprintf$5) refers to printf5.o(i._sputc) for _sputc
    printf5.o(i.__0vfprintf$5) refers to printf5.o(i._printf_core) for _printf_core
    printf5.o(i.__0vfprintf$5) refers to uart_irqs.o(.text) for fputc
    printf5.o(i.__0vprintf$5) refers to printf5.o(i._printf_core) for _printf_core
    printf5.o(i.__0vprintf$5) refers to uart_irqs.o(.text) for fputc
    printf5.o(i.__0vprintf$5) refers to stdout.o(.data) for __stdout
    printf5.o(i.__0vsnprintf$5) refers to printf5.o(i._printf_core) for _printf_core
    printf5.o(i.__0vsnprintf$5) refers to printf5.o(i._snputc) for _snputc
    printf5.o(i.__0vsprintf$5) refers to printf5.o(i._printf_core) for _printf_core
    printf5.o(i.__0vsprintf$5) refers to printf5.o(i._sputc) for _sputc
    printf5.o(i._printf_core) refers to uldiv.o(.text) for __aeabi_uldivmod
    printf6.o(i.__0fprintf$6) refers to printf6.o(i._printf_core) for _printf_core
    printf6.o(i.__0fprintf$6) refers to uart_irqs.o(.text) for fputc
    printf6.o(i.__0printf$6) refers to printf6.o(i._printf_core) for _printf_core
    printf6.o(i.__0printf$6) refers to uart_irqs.o(.text) for fputc
    printf6.o(i.__0printf$6) refers to stdout.o(.data) for __stdout
    printf6.o(i.__0snprintf$6) refers to printf6.o(i._printf_core) for _printf_core
    printf6.o(i.__0snprintf$6) refers to printf6.o(i._snputc) for _snputc
    printf6.o(i.__0sprintf$6) refers to printf6.o(i._printf_core) for _printf_core
    printf6.o(i.__0sprintf$6) refers to printf6.o(i._sputc) for _sputc
    printf6.o(i.__0vfprintf$6) refers to printf6.o(i._printf_core) for _printf_core
    printf6.o(i.__0vfprintf$6) refers to uart_irqs.o(.text) for fputc
    printf6.o(i.__0vprintf$6) refers to printf6.o(i._printf_core) for _printf_core
    printf6.o(i.__0vprintf$6) refers to uart_irqs.o(.text) for fputc
    printf6.o(i.__0vprintf$6) refers to stdout.o(.data) for __stdout
    printf6.o(i.__0vsnprintf$6) refers to printf6.o(i._printf_core) for _printf_core
    printf6.o(i.__0vsnprintf$6) refers to printf6.o(i._snputc) for _snputc
    printf6.o(i.__0vsprintf$6) refers to printf6.o(i._printf_core) for _printf_core
    printf6.o(i.__0vsprintf$6) refers to printf6.o(i._sputc) for _sputc
    printf6.o(i._printf_core) refers to printf6.o(i._printf_pre_padding) for _printf_pre_padding
    printf6.o(i._printf_core) refers to uidiv.o(.text) for __aeabi_uidivmod
    printf6.o(i._printf_core) refers to printf6.o(i._printf_post_padding) for _printf_post_padding
    printf7.o(i.__0fprintf$7) refers to printf7.o(i._printf_core) for _printf_core
    printf7.o(i.__0fprintf$7) refers to uart_irqs.o(.text) for fputc
    printf7.o(i.__0printf$7) refers to printf7.o(i._printf_core) for _printf_core
    printf7.o(i.__0printf$7) refers to uart_irqs.o(.text) for fputc
    printf7.o(i.__0printf$7) refers to stdout.o(.data) for __stdout
    printf7.o(i.__0snprintf$7) refers to printf7.o(i._printf_core) for _printf_core
    printf7.o(i.__0snprintf$7) refers to printf7.o(i._snputc) for _snputc
    printf7.o(i.__0sprintf$7) refers to printf7.o(i._printf_core) for _printf_core
    printf7.o(i.__0sprintf$7) refers to printf7.o(i._sputc) for _sputc
    printf7.o(i.__0vfprintf$7) refers to printf7.o(i._printf_core) for _printf_core
    printf7.o(i.__0vfprintf$7) refers to uart_irqs.o(.text) for fputc
    printf7.o(i.__0vprintf$7) refers to printf7.o(i._printf_core) for _printf_core
    printf7.o(i.__0vprintf$7) refers to uart_irqs.o(.text) for fputc
    printf7.o(i.__0vprintf$7) refers to stdout.o(.data) for __stdout
    printf7.o(i.__0vsnprintf$7) refers to printf7.o(i._printf_core) for _printf_core
    printf7.o(i.__0vsnprintf$7) refers to printf7.o(i._snputc) for _snputc
    printf7.o(i.__0vsprintf$7) refers to printf7.o(i._printf_core) for _printf_core
    printf7.o(i.__0vsprintf$7) refers to printf7.o(i._sputc) for _sputc
    printf7.o(i._printf_core) refers to printf7.o(i._printf_pre_padding) for _printf_pre_padding
    printf7.o(i._printf_core) refers to uldiv.o(.text) for __aeabi_uldivmod
    printf7.o(i._printf_core) refers to printf7.o(i._printf_post_padding) for _printf_post_padding
    printf8.o(i.__0fprintf$8) refers to printf8.o(i._printf_core) for _printf_core
    printf8.o(i.__0fprintf$8) refers to uart_irqs.o(.text) for fputc
    printf8.o(i.__0printf$8) refers to printf8.o(i._printf_core) for _printf_core
    printf8.o(i.__0printf$8) refers to uart_irqs.o(.text) for fputc
    printf8.o(i.__0printf$8) refers to stdout.o(.data) for __stdout
    printf8.o(i.__0snprintf$8) refers to printf8.o(i._printf_core) for _printf_core
    printf8.o(i.__0snprintf$8) refers to printf8.o(i._snputc) for _snputc
    printf8.o(i.__0sprintf$8) refers to printf8.o(i._printf_core) for _printf_core
    printf8.o(i.__0sprintf$8) refers to printf8.o(i._sputc) for _sputc
    printf8.o(i.__0vfprintf$8) refers to printf8.o(i._printf_core) for _printf_core
    printf8.o(i.__0vfprintf$8) refers to uart_irqs.o(.text) for fputc
    printf8.o(i.__0vprintf$8) refers to printf8.o(i._printf_core) for _printf_core
    printf8.o(i.__0vprintf$8) refers to uart_irqs.o(.text) for fputc
    printf8.o(i.__0vprintf$8) refers to stdout.o(.data) for __stdout
    printf8.o(i.__0vsnprintf$8) refers to printf8.o(i._printf_core) for _printf_core
    printf8.o(i.__0vsnprintf$8) refers to printf8.o(i._snputc) for _snputc
    printf8.o(i.__0vsprintf$8) refers to printf8.o(i._printf_core) for _printf_core
    printf8.o(i.__0vsprintf$8) refers to printf8.o(i._sputc) for _sputc
    printf8.o(i._printf_core) refers to printf8.o(i._printf_pre_padding) for _printf_pre_padding
    printf8.o(i._printf_core) refers to uldiv.o(.text) for __aeabi_uldivmod
    printf8.o(i._printf_core) refers to printf8.o(i._printf_post_padding) for _printf_post_padding
    printfa.o(i.__0fprintf) refers (Special) to iusefp.o(.text) for __I$use$fp
    printfa.o(i.__0fprintf) refers to printfa.o(i._printf_core) for _printf_core
    printfa.o(i.__0fprintf) refers to uart_irqs.o(.text) for fputc
    printfa.o(i.__0printf) refers (Special) to iusefp.o(.text) for __I$use$fp
    printfa.o(i.__0printf) refers to printfa.o(i._printf_core) for _printf_core
    printfa.o(i.__0printf) refers to uart_irqs.o(.text) for fputc
    printfa.o(i.__0printf) refers to stdout.o(.data) for __stdout
    printfa.o(i.__0snprintf) refers (Special) to iusefp.o(.text) for __I$use$fp
    printfa.o(i.__0snprintf) refers to printfa.o(i._printf_core) for _printf_core
    printfa.o(i.__0snprintf) refers to printfa.o(i._snputc) for _snputc
    printfa.o(i.__0sprintf) refers (Special) to iusefp.o(.text) for __I$use$fp
    printfa.o(i.__0sprintf) refers to printfa.o(i._printf_core) for _printf_core
    printfa.o(i.__0sprintf) refers to printfa.o(i._sputc) for _sputc
    printfa.o(i.__0vfprintf) refers (Special) to iusefp.o(.text) for __I$use$fp
    printfa.o(i.__0vfprintf) refers to printfa.o(i._printf_core) for _printf_core
    printfa.o(i.__0vfprintf) refers to uart_irqs.o(.text) for fputc
    printfa.o(i.__0vprintf) refers (Special) to iusefp.o(.text) for __I$use$fp
    printfa.o(i.__0vprintf) refers to printfa.o(i._printf_core) for _printf_core
    printfa.o(i.__0vprintf) refers to uart_irqs.o(.text) for fputc
    printfa.o(i.__0vprintf) refers to stdout.o(.data) for __stdout
    printfa.o(i.__0vsnprintf) refers (Special) to iusefp.o(.text) for __I$use$fp
    printfa.o(i.__0vsnprintf) refers to printfa.o(i._printf_core) for _printf_core
    printfa.o(i.__0vsnprintf) refers to printfa.o(i._snputc) for _snputc
    printfa.o(i.__0vsprintf) refers (Special) to iusefp.o(.text) for __I$use$fp
    printfa.o(i.__0vsprintf) refers to printfa.o(i._printf_core) for _printf_core
    printfa.o(i.__0vsprintf) refers to printfa.o(i._sputc) for _sputc
    printfa.o(i._fp_digits) refers (Special) to iusefp.o(.text) for __I$use$fp
    printfa.o(i._fp_digits) refers to dmul.o(.text) for __aeabi_dmul
    printfa.o(i._fp_digits) refers to ddiv.o(.text) for __aeabi_ddiv
    printfa.o(i._fp_digits) refers to cdrcmple.o(.text) for __aeabi_cdrcmple
    printfa.o(i._fp_digits) refers to dadd.o(.text) for __aeabi_dadd
    printfa.o(i._fp_digits) refers to dfixul.o(.text) for __aeabi_d2ulz
    printfa.o(i._fp_digits) refers to uldiv.o(.text) for __aeabi_uldivmod
    printfa.o(i._printf_core) refers (Special) to iusefp.o(.text) for __I$use$fp
    printfa.o(i._printf_core) refers to printfa.o(i._printf_pre_padding) for _printf_pre_padding
    printfa.o(i._printf_core) refers to uldiv.o(.text) for __aeabi_uldivmod
    printfa.o(i._printf_core) refers to printfa.o(i._printf_post_padding) for _printf_post_padding
    printfa.o(i._printf_core) refers to printfa.o(i._fp_digits) for _fp_digits
    printfa.o(i._printf_core) refers to uidiv.o(.text) for __aeabi_uidivmod
    printfa.o(i._printf_post_padding) refers (Special) to iusefp.o(.text) for __I$use$fp
    printfa.o(i._printf_pre_padding) refers (Special) to iusefp.o(.text) for __I$use$fp
    printfa.o(i._snputc) refers (Special) to iusefp.o(.text) for __I$use$fp
    printfa.o(i._sputc) refers (Special) to iusefp.o(.text) for __I$use$fp
    malloc.o(i.free) refers to mvars.o(.data) for __microlib_freelist
    malloc.o(i.malloc) refers to mvars.o(.data) for __microlib_freelist_initialised
    malloc.o(i.malloc) refers to mvars.o(.data) for __microlib_freelist
    malloc.o(i.malloc) refers to startup_tm4c123.o(HEAP) for __heap_base
    mallocr.o(i.__free$realloc) refers to mvars.o(.data) for __microlib_freelist
    mallocr.o(i.__malloc$realloc) refers to mallocr.o(i.internal_alloc) for internal_alloc
    mallocr.o(i.__malloc$realloc) refers to mvars.o(.data) for __microlib_freelist_initialised
    mallocr.o(i.__malloc$realloc) refers to startup_tm4c123.o(HEAP) for __heap_base
    mallocr.o(i.__malloc$realloc) refers to mvars.o(.data) for __microlib_freelist
    mallocr.o(i.internal_alloc) refers to memcpya.o(.text) for __aeabi_memcpy
    mallocr.o(i.internal_alloc) refers to mvars.o(.data) for __microlib_freelist
    mallocr.o(i.realloc) refers to mallocr.o(i.__free$realloc) for __free$realloc
    mallocr.o(i.realloc) refers to mallocr.o(i.internal_alloc) for internal_alloc
    mallocr.o(i.realloc) refers to mallocr.o(i.__malloc$realloc) for __malloc$realloc
    mallocr.o(i.realloc) refers to mvars.o(.data) for __microlib_freelist
    malloca.o(i.__aligned_malloc) refers to mvars.o(.data) for __microlib_freelist_initialised
    malloca.o(i.__aligned_malloc) refers to mvars.o(.data) for __microlib_freelist
    malloca.o(i.__aligned_malloc) refers to startup_tm4c123.o(HEAP) for __heap_base
    malloca.o(i.__free$memalign) refers to mvars.o(.data) for __microlib_freelist
    malloca.o(i.__malloc$memalign) refers to malloca.o(i.__aligned_malloc) for __aligned_malloc
    mallocra.o(i.__aligned_malloc$realloc) refers to mallocra.o(i.internal_alloc) for internal_alloc
    mallocra.o(i.__aligned_malloc$realloc) refers to mvars.o(.data) for __microlib_freelist_initialised
    mallocra.o(i.__aligned_malloc$realloc) refers to startup_tm4c123.o(HEAP) for __heap_base
    mallocra.o(i.__aligned_malloc$realloc) refers to mvars.o(.data) for __microlib_freelist
    mallocra.o(i.__free$realloc$memalign) refers to mvars.o(.data) for __microlib_freelist
    mallocra.o(i.__malloc$realloc$memalign) refers to mallocra.o(i.__aligned_malloc$realloc) for __aligned_malloc$realloc
    mallocra.o(i.__realloc$memalign) refers to mallocra.o(i.__free$realloc$memalign) for __free$realloc$memalign
    mallocra.o(i.__realloc$memalign) refers to mallocra.o(i.internal_alloc) for internal_alloc
    mallocra.o(i.__realloc$memalign) refers to mallocra.o(i.__malloc$realloc$memalign) for __malloc$realloc$memalign
    mallocra.o(i.__realloc$memalign) refers to mvars.o(.data) for __microlib_freelist
    mallocra.o(i.internal_alloc) refers to memcpya.o(.text) for __aeabi_memcpy
    mallocra.o(i.internal_alloc) refers to mvars.o(.data) for __microlib_freelist
    errno.o(i.__aeabi_errno_addr) refers to errno.o(.data) for .data
    errno.o(i.__read_errno) refers to errno.o(.data) for .data
    errno.o(i.__set_errno) refers to errno.o(.data) for .data
    entry2.o(.ARM.Collect$$$$00000001) refers to entry2.o(.ARM.Collect$$$$00002712) for __lit__00000000
    entry2.o(.ARM.Collect$$$$00002712) refers to startup_tm4c123.o(STACK) for __initial_sp
    entry2.o(__vectab_stack_and_reset_area) refers to startup_tm4c123.o(STACK) for __initial_sp
    entry2.o(__vectab_stack_and_reset_area) refers to entry.o(.ARM.Collect$$$$00000000) for __main
    entry5.o(.ARM.Collect$$$$00000004) refers to init.o(.text) for __scatterload
    entry9a.o(.ARM.Collect$$$$0000000B) refers to main.o(.text) for main
    entry9b.o(.ARM.Collect$$$$0000000C) refers to main.o(.text) for main
    uldiv.o(.text) refers to llushr.o(.text) for __aeabi_llsr
    uldiv.o(.text) refers to llshl.o(.text) for __aeabi_llsl
    dadd.o(.text) refers to llshl.o(.text) for __aeabi_llsl
    dadd.o(.text) refers to llsshr.o(.text) for __aeabi_lasr
    dadd.o(.text) refers to depilogue.o(.text) for _double_epilogue
    dmul.o(.text) refers to depilogue.o(.text) for _double_epilogue
    ddiv.o(.text) refers to depilogue.o(.text) for _double_round
    dfixul.o(.text) refers to llushr.o(.text) for __aeabi_llsr
    dfixul.o(.text) refers to llshl.o(.text) for __aeabi_llsl
    init.o(.text) refers to entry5.o(.ARM.Collect$$$$00000004) for __main_after_scatterload
    depilogue.o(.text) refers to llshl.o(.text) for __aeabi_llsl
    depilogue.o(.text) refers to llushr.o(.text) for __aeabi_llsr


==============================================================================

Removing Unused input sections from the image.

    Removing main.o(.rev16_text), (4 bytes).
    Removing main.o(.revsh_text), (4 bytes).
    Removing interrupts.o(.rev16_text), (4 bytes).
    Removing interrupts.o(.revsh_text), (4 bytes).
    Removing adc.o(.rev16_text), (4 bytes).
    Removing adc.o(.revsh_text), (4 bytes).
    Removing eeprom.o(.rev16_text), (4 bytes).
    Removing eeprom.o(.revsh_text), (4 bytes).
    Removing eeprom.o(.text), (320 bytes).
    Removing gpio_port.o(.rev16_text), (4 bytes).
    Removing gpio_port.o(.revsh_text), (4 bytes).
    Removing i2c.o(.rev16_text), (4 bytes).
    Removing i2c.o(.revsh_text), (4 bytes).
    Removing lcd-dogs.o(.rev16_text), (4 bytes).
    Removing lcd-dogs.o(.revsh_text), (4 bytes).
    Removing spi.o(.rev16_text), (4 bytes).
    Removing spi.o(.revsh_text), (4 bytes).
    Removing timers.o(.rev16_text), (4 bytes).
    Removing timers.o(.revsh_text), (4 bytes).
    Removing uart.o(.rev16_text), (4 bytes).
    Removing uart.o(.revsh_text), (4 bytes).
    Removing uart.o(.text), (296 bytes).
    Removing uart_irqs.o(.rev16_text), (4 bytes).
    Removing uart_irqs.o(.revsh_text), (4 bytes).
    Removing wireless.o(.rev16_text), (4 bytes).
    Removing wireless.o(.revsh_text), (4 bytes).
    Removing board_util.o(.rev16_text), (4 bytes).
    Removing board_util.o(.revsh_text), (4 bytes).
    Removing gamelogic.o(.rev16_text), (4 bytes).
    Removing gamelogic.o(.revsh_text), (4 bytes).
    Removing system_tm4c123.o(.rev16_text), (4 bytes).
    Removing system_tm4c123.o(.revsh_text), (4 bytes).
    Removing dadd.o(.text), (334 bytes).
    Removing dmul.o(.text), (228 bytes).
    Removing ddiv.o(.text), (222 bytes).
    Removing dfixul.o(.text), (48 bytes).
    Removing cdrcmple.o(.text), (40 bytes).
    Removing depilogue.o(.text), (182 bytes).

38 unused section(s) (total 1790 bytes) removed from the image.

==============================================================================

Image Symbol Table

    Local Symbols

    Symbol Name                              Value     Ov Type        Size  Object(Section)

    RESET                                    0x00000000   Section      620  startup_tm4c123.o(RESET)
    ../clib/../cmprslib/lz77c.c              0x00000000   Number         0  __dclz77c.o ABSOLUTE
    ../clib/microlib/division.c              0x00000000   Number         0  uldiv.o ABSOLUTE
    ../clib/microlib/division.c              0x00000000   Number         0  uidiv.o ABSOLUTE
    ../clib/microlib/errno.c                 0x00000000   Number         0  errno.o ABSOLUTE
    ../clib/microlib/init/entry.s            0x00000000   Number         0  entry11a.o ABSOLUTE
    ../clib/microlib/init/entry.s            0x00000000   Number         0  entry5.o ABSOLUTE
    ../clib/microlib/init/entry.s            0x00000000   Number         0  entry9b.o ABSOLUTE
    ../clib/microlib/init/entry.s            0x00000000   Number         0  entry8b.o ABSOLUTE
    ../clib/microlib/init/entry.s            0x00000000   Number         0  entry8a.o ABSOLUTE
    ../clib/microlib/init/entry.s            0x00000000   Number         0  entry11b.o ABSOLUTE
    ../clib/microlib/init/entry.s            0x00000000   Number         0  entry9a.o ABSOLUTE
    ../clib/microlib/init/entry.s            0x00000000   Number         0  entry.o ABSOLUTE
    ../clib/microlib/init/entry.s            0x00000000   Number         0  entry7b.o ABSOLUTE
    ../clib/microlib/init/entry.s            0x00000000   Number         0  entry7a.o ABSOLUTE
    ../clib/microlib/init/entry.s            0x00000000   Number         0  entry2.o ABSOLUTE
    ../clib/microlib/init/entry.s            0x00000000   Number         0  entry10b.o ABSOLUTE
    ../clib/microlib/init/entry.s            0x00000000   Number         0  entry10a.o ABSOLUTE
    ../clib/microlib/longlong.c              0x00000000   Number         0  llshl.o ABSOLUTE
    ../clib/microlib/longlong.c              0x00000000   Number         0  llushr.o ABSOLUTE
    ../clib/microlib/longlong.c              0x00000000   Number         0  llsshr.o ABSOLUTE
    ../clib/microlib/malloc/malloc.c         0x00000000   Number         0  malloca.o ABSOLUTE
    ../clib/microlib/malloc/malloc.c         0x00000000   Number         0  mallocr.o ABSOLUTE
    ../clib/microlib/malloc/malloc.c         0x00000000   Number         0  malloc.o ABSOLUTE
    ../clib/microlib/malloc/malloc.c         0x00000000   Number         0  mallocra.o ABSOLUTE
    ../clib/microlib/malloc/mvars.c          0x00000000   Number         0  mvars.o ABSOLUTE
    ../clib/microlib/printf/printf.c         0x00000000   Number         0  printf6.o ABSOLUTE
    ../clib/microlib/printf/printf.c         0x00000000   Number         0  printfb.o ABSOLUTE
    ../clib/microlib/printf/printf.c         0x00000000   Number         0  printf0.o ABSOLUTE
    ../clib/microlib/printf/printf.c         0x00000000   Number         0  printf1.o ABSOLUTE
    ../clib/microlib/printf/printf.c         0x00000000   Number         0  printf3.o ABSOLUTE
    ../clib/microlib/printf/printf.c         0x00000000   Number         0  printf4.o ABSOLUTE
    ../clib/microlib/printf/printf.c         0x00000000   Number         0  printf7.o ABSOLUTE
    ../clib/microlib/printf/printf.c         0x00000000   Number         0  printfa.o ABSOLUTE
    ../clib/microlib/printf/printf.c         0x00000000   Number         0  printf5.o ABSOLUTE
    ../clib/microlib/printf/printf.c         0x00000000   Number         0  printf8.o ABSOLUTE
    ../clib/microlib/printf/printf.c         0x00000000   Number         0  printf2.o ABSOLUTE
    ../clib/microlib/printf/stubs.s          0x00000000   Number         0  stubs.o ABSOLUTE
    ../clib/microlib/stdio/streams.c         0x00000000   Number         0  stdout.o ABSOLUTE
    ../clib/microlib/stdio/streams.c         0x00000000   Number         0  stdin.o ABSOLUTE
    ../clib/microlib/stdlib/rand.c           0x00000000   Number         0  rand.o ABSOLUTE
    ../clib/microlib/string/memcpy.c         0x00000000   Number         0  memcpyb.o ABSOLUTE
    ../clib/microlib/string/memcpy.c         0x00000000   Number         0  memcpya.o ABSOLUTE
    ../clib/microlib/stubs.s                 0x00000000   Number         0  iusefp.o ABSOLUTE
    ../fplib/microlib/fpadd.c                0x00000000   Number         0  dadd.o ABSOLUTE
    ../fplib/microlib/fpdiv.c                0x00000000   Number         0  ddiv.o ABSOLUTE
    ../fplib/microlib/fpepilogue.c           0x00000000   Number         0  depilogue.o ABSOLUTE
    ../fplib/microlib/fpfix.c                0x00000000   Number         0  dfixul.o ABSOLUTE
    ../fplib/microlib/fpmul.c                0x00000000   Number         0  dmul.o ABSOLUTE
    ..\\drivers\\adc.c                       0x00000000   Number         0  adc.o ABSOLUTE
    ..\\drivers\\eeprom.c                    0x00000000   Number         0  eeprom.o ABSOLUTE
    ..\\drivers\\gamelogic.c                 0x00000000   Number         0  gamelogic.o ABSOLUTE
    ..\\drivers\\gpio_port.c                 0x00000000   Number         0  gpio_port.o ABSOLUTE
    ..\\drivers\\i2c.c                       0x00000000   Number         0  i2c.o ABSOLUTE
    ..\\drivers\\lcd-dogs.c                  0x00000000   Number         0  lcd-dogs.o ABSOLUTE
    ..\\drivers\\spi.c                       0x00000000   Number         0  spi.o ABSOLUTE
    ..\\drivers\\timers.c                    0x00000000   Number         0  timers.o ABSOLUTE
    ..\\drivers\\uart.c                      0x00000000   Number         0  uart.o ABSOLUTE
    ..\\drivers\\uart_irqs.c                 0x00000000   Number         0  uart_irqs.o ABSOLUTE
    ..\\drivers\\wireless.c                  0x00000000   Number         0  wireless.o ABSOLUTE
    ..\drivers\adc.c                         0x00000000   Number         0  adc.o ABSOLUTE
    ..\drivers\eeprom.c                      0x00000000   Number         0  eeprom.o ABSOLUTE
    ..\drivers\fonts.c                       0x00000000   Number         0  fonts.o ABSOLUTE
    ..\drivers\gamelogic.c                   0x00000000   Number         0  gamelogic.o ABSOLUTE
    ..\drivers\gpio_port.c                   0x00000000   Number         0  gpio_port.o ABSOLUTE
    ..\drivers\i2c.c                         0x00000000   Number         0  i2c.o ABSOLUTE
    ..\drivers\lcd-dogs.c                    0x00000000   Number         0  lcd-dogs.o ABSOLUTE
    ..\drivers\pc_buffer.c                   0x00000000   Number         0  pc_buffer.o ABSOLUTE
    ..\drivers\spi.c                         0x00000000   Number         0  spi.o ABSOLUTE
    ..\drivers\timers.c                      0x00000000   Number         0  timers.o ABSOLUTE
    ..\drivers\uart.c                        0x00000000   Number         0  uart.o ABSOLUTE
    ..\drivers\uart_irqs.c                   0x00000000   Number         0  uart_irqs.o ABSOLUTE
    ..\drivers\wireless.c                    0x00000000   Number         0  wireless.o ABSOLUTE
    RTE\Device\TM4C123GH6PM\startup_TM4C123.s 0x00000000   Number         0  startup_tm4c123.o ABSOLUTE
    RTE\Device\TM4C123GH6PM\system_TM4C123.c 0x00000000   Number         0  system_tm4c123.o ABSOLUTE
    RTE\\Device\\TM4C123GH6PM\\system_TM4C123.c 0x00000000   Number         0  system_tm4c123.o ABSOLUTE
    board_util.c                             0x00000000   Number         0  board_util.o ABSOLUTE
    board_util.c                             0x00000000   Number         0  board_util.o ABSOLUTE
    cdrcmple.s                               0x00000000   Number         0  cdrcmple.o ABSOLUTE
    dc.s                                     0x00000000   Number         0  dc.o ABSOLUTE
    handlers.s                               0x00000000   Number         0  handlers.o ABSOLUTE
    init.s                                   0x00000000   Number         0  init.o ABSOLUTE
    interrupts.c                             0x00000000   Number         0  interrupts.o ABSOLUTE
    interrupts.c                             0x00000000   Number         0  interrupts.o ABSOLUTE
    main.c                                   0x00000000   Number         0  main.o ABSOLUTE
    main.c                                   0x00000000   Number         0  main.o ABSOLUTE
    .ARM.Collect$$$$00000000                 0x0000026c   Section        0  entry.o(.ARM.Collect$$$$00000000)
    .ARM.Collect$$$$00000001                 0x0000026c   Section        4  entry2.o(.ARM.Collect$$$$00000001)
    .ARM.Collect$$$$00000004                 0x00000270   Section        4  entry5.o(.ARM.Collect$$$$00000004)
    .ARM.Collect$$$$00000008                 0x00000274   Section        0  entry7b.o(.ARM.Collect$$$$00000008)
    .ARM.Collect$$$$0000000A                 0x00000274   Section        0  entry8b.o(.ARM.Collect$$$$0000000A)
    .ARM.Collect$$$$0000000B                 0x00000274   Section        8  entry9a.o(.ARM.Collect$$$$0000000B)
    .ARM.Collect$$$$0000000D                 0x0000027c   Section        0  entry10a.o(.ARM.Collect$$$$0000000D)
    .ARM.Collect$$$$0000000F                 0x0000027c   Section        0  entry11a.o(.ARM.Collect$$$$0000000F)
    .ARM.Collect$$$$00002712                 0x0000027c   Section        4  entry2.o(.ARM.Collect$$$$00002712)
    __lit__00000000                          0x0000027c   Data           4  entry2.o(.ARM.Collect$$$$00002712)
    .text                                    0x00000280   Section        0  main.o(.text)
    .text                                    0x000004d0   Section        0  interrupts.o(.text)
    .text                                    0x000005cc   Section        0  adc.o(.text)
    .text                                    0x0000066c   Section        0  gpio_port.o(.text)
    verifyBaseAddr                           0x0000066d   Thumb Code    64  gpio_port.o(.text)
    .text                                    0x000008d8   Section        0  i2c.o(.text)
    .text                                    0x00000ae0   Section        0  lcd-dogs.o(.text)
    dogs102_assert_cmd_mode                  0x00000e13   Thumb Code    18  lcd-dogs.o(.text)
    dogs102_deassert_cmd_mode                0x00000e25   Thumb Code    18  lcd-dogs.o(.text)
    .text                                    0x00000e4c   Section        0  pc_buffer.o(.text)
    .text                                    0x00000ec4   Section        0  spi.o(.text)
    .text                                    0x00001058   Section        0  timers.o(.text)
    NVIC_EnableIRQ                           0x000011dd   Thumb Code    22  timers.o(.text)
    .text                                    0x00001210   Section        0  uart_irqs.o(.text)
    .text                                    0x00001390   Section        0  wireless.o(.text)
    wireless_reg_read                        0x000013b7   Thumb Code    46  wireless.o(.text)
    wireless_reg_write                       0x000013e5   Thumb Code    46  wireless.o(.text)
    wireless_rx_data_payload                 0x00001413   Thumb Code    66  wireless.o(.text)
    wireless_set_rx_addr                     0x00001455   Thumb Code   120  wireless.o(.text)
    wireless_flush_tx_fifo                   0x000014cd   Thumb Code    30  wireless.o(.text)
    wireless_get_status                      0x000014eb   Thumb Code    34  wireless.o(.text)
    wireless_CSN_low                         0x00001767   Thumb Code    20  wireless.o(.text)
    wireless_CSN_high                        0x0000177b   Thumb Code    26  wireless.o(.text)
    wireless_CE_low                          0x00001795   Thumb Code    20  wireless.o(.text)
    wireless_CE_high                         0x000017a9   Thumb Code    20  wireless.o(.text)
    wireless_tx_data_payload                 0x000017bd   Thumb Code    92  wireless.o(.text)
    wireless_rx_fifo_empty                   0x00001819   Thumb Code    24  wireless.o(.text)
    wireless_status_tx_ds_asserted           0x00001831   Thumb Code    16  wireless.o(.text)
    wireless_status_tx_full_asserted         0x00001841   Thumb Code    16  wireless.o(.text)
    wireless_clear_max_rt                    0x00001851   Thumb Code    12  wireless.o(.text)
    .text                                    0x0000187c   Section        0  board_util.o(.text)
    .text                                    0x00001abc   Section        0  gamelogic.o(.text)
    .text                                    0x00001e38   Section      252  startup_tm4c123.o(.text)
    $v0                                      0x00001e38   Number         0  startup_tm4c123.o(.text)
    .text                                    0x00001f34   Section        0  system_tm4c123.o(.text)
    getOscClk                                0x00001f35   Thumb Code   182  system_tm4c123.o(.text)
    .text                                    0x00002184   Section        0  rand.o(.text)
    .text                                    0x000021a8   Section        0  uldiv.o(.text)
    .text                                    0x0000220c   Section       36  init.o(.text)
    .text                                    0x00002230   Section        0  llshl.o(.text)
    .text                                    0x0000224e   Section        0  llushr.o(.text)
    .text                                    0x0000226e   Section        0  __dclz77c.o(.text)
    i.__0printf$8                            0x000022cc   Section        0  printf8.o(i.__0printf$8)
    i.__aeabi_errno_addr                     0x000022ec   Section        0  errno.o(i.__aeabi_errno_addr)
    i.__scatterload_copy                     0x000022f4   Section       14  handlers.o(i.__scatterload_copy)
    i.__scatterload_null                     0x00002302   Section        2  handlers.o(i.__scatterload_null)
    i.__scatterload_zeroinit                 0x00002304   Section       14  handlers.o(i.__scatterload_zeroinit)
    i._printf_core                           0x00002314   Section        0  printf8.o(i._printf_core)
    _printf_core                             0x00002315   Thumb Code   988  printf8.o(i._printf_core)
    i._printf_post_padding                   0x0000271c   Section        0  printf8.o(i._printf_post_padding)
    _printf_post_padding                     0x0000271d   Thumb Code    36  printf8.o(i._printf_post_padding)
    i._printf_pre_padding                    0x00002740   Section        0  printf8.o(i._printf_pre_padding)
    _printf_pre_padding                      0x00002741   Thumb Code    46  printf8.o(i._printf_pre_padding)
    i.malloc                                 0x00002770   Section        0  malloc.o(i.malloc)
    .constdata                               0x000027dc   Section     3101  fonts.o(.constdata)
    .data                                    0x20000000   Section       10  main.o(.data)
    .data                                    0x2000000c   Section        9  interrupts.o(.data)
    .data                                    0x20000015   Section     7344  lcd-dogs.o(.data)
    .data                                    0x20001cc8   Section       12  timers.o(.data)
    .data                                    0x20001cd4   Section       37  gamelogic.o(.data)
    .data                                    0x20001cfc   Section        4  system_tm4c123.o(.data)
    .data                                    0x20001d00   Section        4  stdin.o(.data)
    .data                                    0x20001d04   Section        4  stdout.o(.data)
    .data                                    0x20001d08   Section        4  rand.o(.data)
    _rand_state                              0x20001d08   Data           4  rand.o(.data)
    .data                                    0x20001d0c   Section        4  errno.o(.data)
    _errno                                   0x20001d0c   Data           4  errno.o(.data)
    .data                                    0x20001d10   Section        4  mvars.o(.data)
    .data                                    0x20001d14   Section        4  mvars.o(.data)
    .bss                                     0x20001d18   Section       32  uart_irqs.o(.bss)
    .bss                                     0x20001d38   Section       24  wireless.o(.bss)
    HEAP                                     0x20001d50   Section        0  startup_tm4c123.o(HEAP)
    STACK                                    0x20001d50   Section     4096  startup_tm4c123.o(STACK)

    Global Symbols

    Symbol Name                              Value     Ov Type        Size  Object(Section)

    BuildAttributes$$THM_ISAv4$E$P$D$K$B$S$7EM$VFPi3$EXTD16$VFPS$VFMA$PE$A:L22UL41UL21$X:L11$S22US41US21$IEEE1$IW$USESV6$~STKCKD$USESV7$~SHL$OSPACE$ROPI$EBA8$MICROLIB$REQ8$PRES8$EABIv2 0x00000000   Number         0  anon$$obj.o ABSOLUTE
    __ARM_use_no_argv                        0x00000000   Number         0  main.o ABSOLUTE
    __Vectors                                0x00000000   Data           4  startup_tm4c123.o(RESET)
    _printf_a                                0x00000000   Number         0  stubs.o ABSOLUTE
    _printf_c                                0x00000000   Number         0  stubs.o ABSOLUTE
    _printf_charcount                        0x00000000   Number         0  stubs.o ABSOLUTE
    _printf_d                                0x00000000   Number         0  stubs.o ABSOLUTE
    _printf_e                                0x00000000   Number         0  stubs.o ABSOLUTE
    _printf_f                                0x00000000   Number         0  stubs.o ABSOLUTE
    _printf_flags                            0x00000000   Number         0  stubs.o ABSOLUTE
    _printf_fp_dec                           0x00000000   Number         0  stubs.o ABSOLUTE
    _printf_fp_hex                           0x00000000   Number         0  stubs.o ABSOLUTE
    _printf_g                                0x00000000   Number         0  stubs.o ABSOLUTE
    _printf_i                                0x00000000   Number         0  stubs.o ABSOLUTE
    _printf_int_dec                          0x00000000   Number         0  stubs.o ABSOLUTE
    _printf_l                                0x00000000   Number         0  stubs.o ABSOLUTE
    _printf_lc                               0x00000000   Number         0  stubs.o ABSOLUTE
    _printf_ll                               0x00000000   Number         0  stubs.o ABSOLUTE
    _printf_lld                              0x00000000   Number         0  stubs.o ABSOLUTE
    _printf_lli                              0x00000000   Number         0  stubs.o ABSOLUTE
    _printf_llo                              0x00000000   Number         0  stubs.o ABSOLUTE
    _printf_llu                              0x00000000   Number         0  stubs.o ABSOLUTE
    _printf_llx                              0x00000000   Number         0  stubs.o ABSOLUTE
    _printf_longlong_dec                     0x00000000   Number         0  stubs.o ABSOLUTE
    _printf_longlong_hex                     0x00000000   Number         0  stubs.o ABSOLUTE
    _printf_longlong_oct                     0x00000000   Number         0  stubs.o ABSOLUTE
    _printf_ls                               0x00000000   Number         0  stubs.o ABSOLUTE
    _printf_mbtowc                           0x00000000   Number         0  stubs.o ABSOLUTE
    _printf_n                                0x00000000   Number         0  stubs.o ABSOLUTE
    _printf_o                                0x00000000   Number         0  stubs.o ABSOLUTE
    _printf_p                                0x00000000   Number         0  stubs.o ABSOLUTE
    _printf_percent                          0x00000000   Number         0  stubs.o ABSOLUTE
    _printf_pre_padding                      0x00000000   Number         0  stubs.o ABSOLUTE
    _printf_return_value                     0x00000000   Number         0  stubs.o ABSOLUTE
    _printf_s                                0x00000000   Number         0  stubs.o ABSOLUTE
    _printf_sizespec                         0x00000000   Number         0  stubs.o ABSOLUTE
    _printf_str                              0x00000000   Number         0  stubs.o ABSOLUTE
    _printf_truncate_signed                  0x00000000   Number         0  stubs.o ABSOLUTE
    _printf_truncate_unsigned                0x00000000   Number         0  stubs.o ABSOLUTE
    _printf_u                                0x00000000   Number         0  stubs.o ABSOLUTE
    _printf_wc                               0x00000000   Number         0  stubs.o ABSOLUTE
    _printf_wctomb                           0x00000000   Number         0  stubs.o ABSOLUTE
    _printf_widthprec                        0x00000000   Number         0  stubs.o ABSOLUTE
    _printf_x                                0x00000000   Number         0  stubs.o ABSOLUTE
    __cpp_initialize__aeabi_                  - Undefined Weak Reference
    __cxa_finalize                            - Undefined Weak Reference
    _clock_init                               - Undefined Weak Reference
    _microlib_exit                            - Undefined Weak Reference
    __Vectors_End                            0x0000026c   Data           0  startup_tm4c123.o(RESET)
    __Vectors_Size                           0x0000026c   Number         0  startup_tm4c123.o ABSOLUTE
    __main                                   0x0000026d   Thumb Code     0  entry.o(.ARM.Collect$$$$00000000)
    _main_stk                                0x0000026d   Thumb Code     0  entry2.o(.ARM.Collect$$$$00000001)
    _main_scatterload                        0x00000271   Thumb Code     0  entry5.o(.ARM.Collect$$$$00000004)
    __main_after_scatterload                 0x00000275   Thumb Code     0  entry5.o(.ARM.Collect$$$$00000004)
    _main_clock                              0x00000275   Thumb Code     0  entry7b.o(.ARM.Collect$$$$00000008)
    _main_cpp_init                           0x00000275   Thumb Code     0  entry8b.o(.ARM.Collect$$$$0000000A)
    _main_init                               0x00000275   Thumb Code     0  entry9a.o(.ARM.Collect$$$$0000000B)
    __rt_final_cpp                           0x0000027d   Thumb Code     0  entry10a.o(.ARM.Collect$$$$0000000D)
    __rt_final_exit                          0x0000027d   Thumb Code     0  entry11a.o(.ARM.Collect$$$$0000000F)
    initializeBoard                          0x00000281   Thumb Code   136  main.o(.text)
    main                                     0x00000309   Thumb Code   252  main.o(.text)
    UART0_Handler                            0x000004d1   Thumb Code   138  interrupts.o(.text)
    SysTick_Handler                          0x0000055b   Thumb Code    50  interrupts.o(.text)
    TIMER0A_Handler                          0x0000058d   Thumb Code    14  interrupts.o(.text)
    TIMER1A_Handler                          0x0000059b   Thumb Code    14  interrupts.o(.text)
    initializeADC                            0x000005cd   Thumb Code    90  adc.o(.text)
    getADCValue                              0x00000627   Thumb Code    58  adc.o(.text)
    gpio_enable_port                         0x000006ad   Thumb Code   156  gpio_port.o(.text)
    gpio_config_digital_enable               0x00000749   Thumb Code    34  gpio_port.o(.text)
    gpio_config_enable_output                0x0000076b   Thumb Code    34  gpio_port.o(.text)
    gpio_config_enable_input                 0x0000078d   Thumb Code    34  gpio_port.o(.text)
    gpio_config_enable_pullup                0x000007af   Thumb Code    34  gpio_port.o(.text)
    gpio_config_enable_pulldown              0x000007d1   Thumb Code    28  gpio_port.o(.text)
    gpio_config_analog_enable                0x000007ed   Thumb Code    34  gpio_port.o(.text)
    gpio_config_alternate_function           0x0000080f   Thumb Code    34  gpio_port.o(.text)
    gpio_config_falling_edge_irq             0x00000831   Thumb Code    34  gpio_port.o(.text)
    gpio_config_port_control                 0x00000853   Thumb Code    34  gpio_port.o(.text)
    gpio_config_open_drain                   0x00000875   Thumb Code    34  gpio_port.o(.text)
    gpio_config_uart                         0x00000897   Thumb Code    34  gpio_port.o(.text)
    initializeI2CMaster                      0x000008d9   Thumb Code   160  i2c.o(.text)
    i2cVerifyBaseAddr                        0x00000979   Thumb Code    36  i2c.o(.text)
    i2cSetSlaveAddr                          0x0000099d   Thumb Code    30  i2c.o(.text)
    i2cStop                                  0x000009bb   Thumb Code    26  i2c.o(.text)
    I2CMasterBusy                            0x000009d5   Thumb Code    34  i2c.o(.text)
    I2CMasterAdrAck                          0x000009f7   Thumb Code    34  i2c.o(.text)
    I2CMasterDatAck                          0x00000a19   Thumb Code    34  i2c.o(.text)
    i2cSendByte                              0x00000a3b   Thumb Code    82  i2c.o(.text)
    i2cGetByte                               0x00000a8d   Thumb Code    60  i2c.o(.text)
    dogs102_set_page                         0x00000ae1   Thumb Code    36  lcd-dogs.o(.text)
    dogs102_set_column                       0x00000b05   Thumb Code    52  lcd-dogs.o(.text)
    dogs102_write_data                       0x00000b39   Thumb Code    22  lcd-dogs.o(.text)
    dogs102_write_char_10pts                 0x00000b4f   Thumb Code   192  lcd-dogs.o(.text)
    dogs102_clear                            0x00000c0f   Thumb Code    46  lcd-dogs.o(.text)
    dogs102_init                             0x00000c3d   Thumb Code   238  lcd-dogs.o(.text)
    lcd_init                                 0x00000d2b   Thumb Code   172  lcd-dogs.o(.text)
    print_lcd                                0x00000dd7   Thumb Code    60  lcd-dogs.o(.text)
    pc_buffer_init                           0x00000e4d   Thumb Code    24  pc_buffer.o(.text)
    pc_buffer_add                            0x00000e65   Thumb Code    26  pc_buffer.o(.text)
    pc_buffer_remove                         0x00000e7f   Thumb Code    28  pc_buffer.o(.text)
    pc_buffer_empty                          0x00000e9b   Thumb Code    18  pc_buffer.o(.text)
    pc_buffer_full                           0x00000ead   Thumb Code    22  pc_buffer.o(.text)
    spiVerifyBaseAddr                        0x00000ec5   Thumb Code    34  spi.o(.text)
    initialize_spi                           0x00000ee7   Thumb Code   250  spi.o(.text)
    spiTx                                    0x00000fe1   Thumb Code    94  spi.o(.text)
    gp_timer_wait                            0x00001059   Thumb Code   160  timers.o(.text)
    timer0_configA                           0x000010f9   Thumb Code   114  timers.o(.text)
    timer1_configA                           0x0000116b   Thumb Code   112  timers.o(.text)
    watchdog_config                          0x000011db   Thumb Code     2  timers.o(.text)
    initialize_uart                          0x00001211   Thumb Code   142  uart_irqs.o(.text)
    uartRx                                   0x0000129f   Thumb Code    44  uart_irqs.o(.text)
    uartTx                                   0x000012cb   Thumb Code    70  uart_irqs.o(.text)
    fputc                                    0x00001311   Thumb Code    44  uart_irqs.o(.text)
    fgetc                                    0x0000133d   Thumb Code    48  uart_irqs.o(.text)
    wait_uS_15                               0x00001391   Thumb Code    14  wireless.o(.text)
    wireless_set_pin_config                  0x0000139f   Thumb Code    24  wireless.o(.text)
    wireless_send_32                         0x0000150d   Thumb Code   248  wireless.o(.text)
    wireless_get_32                          0x00001605   Thumb Code   132  wireless.o(.text)
    wireless_configure_device                0x00001689   Thumb Code   222  wireless.o(.text)
    DisableInterrupts                        0x0000187d   Thumb Code     4  board_util.o(.text)
    EnableInterrupts                         0x00001881   Thumb Code     4  board_util.o(.text)
    i2cInit                                  0x00001885   Thumb Code    92  board_util.o(.text)
    adc_init                                 0x000018e1   Thumb Code    64  board_util.o(.text)
    pushButton_init                          0x00001921   Thumb Code   136  board_util.o(.text)
    rfInit                                   0x000019a9   Thumb Code   176  board_util.o(.text)
    uart0_config_gpio                        0x00001a59   Thumb Code    70  board_util.o(.text)
    read_buttons                             0x00001abd   Thumb Code   518  gamelogic.o(.text)
    random_generate                          0x00001cc3   Thumb Code   226  gamelogic.o(.text)
    Reset_Handler                            0x00001e39   Thumb Code     8  startup_tm4c123.o(.text)
    NMI_Handler                              0x00001e41   Thumb Code     2  startup_tm4c123.o(.text)
    HardFault_Handler                        0x00001e43   Thumb Code     2  startup_tm4c123.o(.text)
    MemManage_Handler                        0x00001e45   Thumb Code     2  startup_tm4c123.o(.text)
    BusFault_Handler                         0x00001e47   Thumb Code     2  startup_tm4c123.o(.text)
    UsageFault_Handler                       0x00001e49   Thumb Code     2  startup_tm4c123.o(.text)
    SVC_Handler                              0x00001e4b   Thumb Code     2  startup_tm4c123.o(.text)
    DebugMon_Handler                         0x00001e4d   Thumb Code     2  startup_tm4c123.o(.text)
    PendSV_Handler                           0x00001e4f   Thumb Code     2  startup_tm4c123.o(.text)
    GPIOA_Handler                            0x00001e53   Thumb Code     2  startup_tm4c123.o(.text)
    GPIOB_Handler                            0x00001e55   Thumb Code     2  startup_tm4c123.o(.text)
    GPIOC_Handler                            0x00001e57   Thumb Code     2  startup_tm4c123.o(.text)
    GPIOD_Handler                            0x00001e59   Thumb Code     2  startup_tm4c123.o(.text)
    GPIOE_Handler                            0x00001e5b   Thumb Code     2  startup_tm4c123.o(.text)
    UART1_Handler                            0x00001e5f   Thumb Code     2  startup_tm4c123.o(.text)
    SSI0_Handler                             0x00001e61   Thumb Code     2  startup_tm4c123.o(.text)
    I2C0_Handler                             0x00001e63   Thumb Code     2  startup_tm4c123.o(.text)
    PMW0_FAULT_Handler                       0x00001e65   Thumb Code     2  startup_tm4c123.o(.text)
    PWM0_0_Handler                           0x00001e67   Thumb Code     2  startup_tm4c123.o(.text)
    PWM0_1_Handler                           0x00001e69   Thumb Code     2  startup_tm4c123.o(.text)
    PWM0_2_Handler                           0x00001e6b   Thumb Code     2  startup_tm4c123.o(.text)
    QEI0_Handler                             0x00001e6d   Thumb Code     2  startup_tm4c123.o(.text)
    ADC0SS0_Handler                          0x00001e6f   Thumb Code     2  startup_tm4c123.o(.text)
    ADC0SS1_Handler                          0x00001e71   Thumb Code     2  startup_tm4c123.o(.text)
    ADC0SS2_Handler                          0x00001e73   Thumb Code     2  startup_tm4c123.o(.text)
    ADC0SS3_Handler                          0x00001e75   Thumb Code     2  startup_tm4c123.o(.text)
    WDT0_Handler                             0x00001e77   Thumb Code     2  startup_tm4c123.o(.text)
    TIMER0B_Handler                          0x00001e7b   Thumb Code     2  startup_tm4c123.o(.text)
    TIMER1B_Handler                          0x00001e7f   Thumb Code     2  startup_tm4c123.o(.text)
    TIMER2A_Handler                          0x00001e81   Thumb Code     2  startup_tm4c123.o(.text)
    TIMER2B_Handler                          0x00001e83   Thumb Code     2  startup_tm4c123.o(.text)
    COMP0_Handler                            0x00001e85   Thumb Code     2  startup_tm4c123.o(.text)
    COMP1_Handler                            0x00001e87   Thumb Code     2  startup_tm4c123.o(.text)
    COMP2_Handler                            0x00001e89   Thumb Code     2  startup_tm4c123.o(.text)
    SYSCTL_Handler                           0x00001e8b   Thumb Code     2  startup_tm4c123.o(.text)
    FLASH_Handler                            0x00001e8d   Thumb Code     2  startup_tm4c123.o(.text)
    GPIOF_Handler                            0x00001e8f   Thumb Code     2  startup_tm4c123.o(.text)
    GPIOG_Handler                            0x00001e91   Thumb Code     2  startup_tm4c123.o(.text)
    GPIOH_Handler                            0x00001e93   Thumb Code     2  startup_tm4c123.o(.text)
    UART2_Handler                            0x00001e95   Thumb Code     2  startup_tm4c123.o(.text)
    SSI1_Handler                             0x00001e97   Thumb Code     2  startup_tm4c123.o(.text)
    TIMER3A_Handler                          0x00001e99   Thumb Code     2  startup_tm4c123.o(.text)
    TIMER3B_Handler                          0x00001e9b   Thumb Code     2  startup_tm4c123.o(.text)
    I2C1_Handler                             0x00001e9d   Thumb Code     2  startup_tm4c123.o(.text)
    QEI1_Handler                             0x00001e9f   Thumb Code     2  startup_tm4c123.o(.text)
    CAN0_Handler                             0x00001ea1   Thumb Code     2  startup_tm4c123.o(.text)
    CAN1_Handler                             0x00001ea3   Thumb Code     2  startup_tm4c123.o(.text)
    CAN2_Handler                             0x00001ea5   Thumb Code     2  startup_tm4c123.o(.text)
    HIB_Handler                              0x00001ea7   Thumb Code     2  startup_tm4c123.o(.text)
    USB0_Handler                             0x00001ea9   Thumb Code     2  startup_tm4c123.o(.text)
    PWM0_3_Handler                           0x00001eab   Thumb Code     2  startup_tm4c123.o(.text)
    UDMA_Handler                             0x00001ead   Thumb Code     2  startup_tm4c123.o(.text)
    UDMAERR_Handler                          0x00001eaf   Thumb Code     2  startup_tm4c123.o(.text)
    ADC1SS0_Handler                          0x00001eb1   Thumb Code     2  startup_tm4c123.o(.text)
    ADC1SS1_Handler                          0x00001eb3   Thumb Code     2  startup_tm4c123.o(.text)
    ADC1SS2_Handler                          0x00001eb5   Thumb Code     2  startup_tm4c123.o(.text)
    ADC1SS3_Handler                          0x00001eb7   Thumb Code     2  startup_tm4c123.o(.text)
    GPIOJ_Handler                            0x00001eb9   Thumb Code     2  startup_tm4c123.o(.text)
    GPIOK_Handler                            0x00001ebb   Thumb Code     2  startup_tm4c123.o(.text)
    GPIOL_Handler                            0x00001ebd   Thumb Code     2  startup_tm4c123.o(.text)
    SSI2_Handler                             0x00001ebf   Thumb Code     2  startup_tm4c123.o(.text)
    SSI3_Handler                             0x00001ec1   Thumb Code     2  startup_tm4c123.o(.text)
    UART3_Handler                            0x00001ec3   Thumb Code     2  startup_tm4c123.o(.text)
    UART4_Handler                            0x00001ec5   Thumb Code     2  startup_tm4c123.o(.text)
    UART5_Handler                            0x00001ec7   Thumb Code     2  startup_tm4c123.o(.text)
    UART6_Handler                            0x00001ec9   Thumb Code     2  startup_tm4c123.o(.text)
    UART7_Handler                            0x00001ecb   Thumb Code     2  startup_tm4c123.o(.text)
    I2C2_Handler                             0x00001ecd   Thumb Code     2  startup_tm4c123.o(.text)
    I2C3_Handler                             0x00001ecf   Thumb Code     2  startup_tm4c123.o(.text)
    TIMER4A_Handler                          0x00001ed1   Thumb Code     2  startup_tm4c123.o(.text)
    TIMER4B_Handler                          0x00001ed3   Thumb Code     2  startup_tm4c123.o(.text)
    TIMER5A_Handler                          0x00001ed5   Thumb Code     2  startup_tm4c123.o(.text)
    TIMER5B_Handler                          0x00001ed7   Thumb Code     2  startup_tm4c123.o(.text)
    WTIMER0A_Handler                         0x00001ed9   Thumb Code     2  startup_tm4c123.o(.text)
    WTIMER0B_Handler                         0x00001edb   Thumb Code     2  startup_tm4c123.o(.text)
    WTIMER1A_Handler                         0x00001edd   Thumb Code     2  startup_tm4c123.o(.text)
    WTIMER1B_Handler                         0x00001edf   Thumb Code     2  startup_tm4c123.o(.text)
    WTIMER2A_Handler                         0x00001ee1   Thumb Code     2  startup_tm4c123.o(.text)
    WTIMER2B_Handler                         0x00001ee3   Thumb Code     2  startup_tm4c123.o(.text)
    WTIMER3A_Handler                         0x00001ee5   Thumb Code     2  startup_tm4c123.o(.text)
    WTIMER3B_Handler                         0x00001ee7   Thumb Code     2  startup_tm4c123.o(.text)
    WTIMER4A_Handler                         0x00001ee9   Thumb Code     2  startup_tm4c123.o(.text)
    WTIMER4B_Handler                         0x00001eeb   Thumb Code     2  startup_tm4c123.o(.text)
    WTIMER5A_Handler                         0x00001eed   Thumb Code     2  startup_tm4c123.o(.text)
    WTIMER5B_Handler                         0x00001eef   Thumb Code     2  startup_tm4c123.o(.text)
    FPU_Handler                              0x00001ef1   Thumb Code     2  startup_tm4c123.o(.text)
    I2C4_Handler                             0x00001ef3   Thumb Code     2  startup_tm4c123.o(.text)
    I2C5_Handler                             0x00001ef5   Thumb Code     2  startup_tm4c123.o(.text)
    GPIOM_Handler                            0x00001ef7   Thumb Code     2  startup_tm4c123.o(.text)
    GPION_Handler                            0x00001ef9   Thumb Code     2  startup_tm4c123.o(.text)
    QEI2_Handler                             0x00001efb   Thumb Code     2  startup_tm4c123.o(.text)
    GPIOP0_Handler                           0x00001efd   Thumb Code     2  startup_tm4c123.o(.text)
    GPIOP1_Handler                           0x00001eff   Thumb Code     2  startup_tm4c123.o(.text)
    GPIOP2_Handler                           0x00001f01   Thumb Code     2  startup_tm4c123.o(.text)
    GPIOP3_Handler                           0x00001f03   Thumb Code     2  startup_tm4c123.o(.text)
    GPIOP4_Handler                           0x00001f05   Thumb Code     2  startup_tm4c123.o(.text)
    GPIOP5_Handler                           0x00001f07   Thumb Code     2  startup_tm4c123.o(.text)
    GPIOP6_Handler                           0x00001f09   Thumb Code     2  startup_tm4c123.o(.text)
    GPIOP7_Handler                           0x00001f0b   Thumb Code     2  startup_tm4c123.o(.text)
    GPIOQ0_Handler                           0x00001f0d   Thumb Code     2  startup_tm4c123.o(.text)
    GPIOQ1_Handler                           0x00001f0f   Thumb Code     2  startup_tm4c123.o(.text)
    GPIOQ2_Handler                           0x00001f11   Thumb Code     2  startup_tm4c123.o(.text)
    GPIOQ3_Handler                           0x00001f13   Thumb Code     2  startup_tm4c123.o(.text)
    GPIOQ4_Handler                           0x00001f15   Thumb Code     2  startup_tm4c123.o(.text)
    GPIOQ5_Handler                           0x00001f17   Thumb Code     2  startup_tm4c123.o(.text)
    GPIOQ6_Handler                           0x00001f19   Thumb Code     2  startup_tm4c123.o(.text)
    GPIOQ7_Handler                           0x00001f1b   Thumb Code     2  startup_tm4c123.o(.text)
    GPIOR_Handler                            0x00001f1d   Thumb Code     2  startup_tm4c123.o(.text)
    GPIOS_Handler                            0x00001f1f   Thumb Code     2  startup_tm4c123.o(.text)
    PMW1_0_Handler                           0x00001f21   Thumb Code     2  startup_tm4c123.o(.text)
    PWM1_1_Handler                           0x00001f23   Thumb Code     2  startup_tm4c123.o(.text)
    PWM1_2_Handler                           0x00001f25   Thumb Code     2  startup_tm4c123.o(.text)
    PWM1_3_Handler                           0x00001f27   Thumb Code     2  startup_tm4c123.o(.text)
    PWM1_FAULT_Handler                       0x00001f29   Thumb Code     2  startup_tm4c123.o(.text)
    SystemCoreClockUpdate                    0x00001feb   Thumb Code   184  system_tm4c123.o(.text)
    SystemInit                               0x000020a3   Thumb Code   112  system_tm4c123.o(.text)
    rand                                     0x00002185   Thumb Code    20  rand.o(.text)
    srand                                    0x00002199   Thumb Code     6  rand.o(.text)
    __aeabi_uldivmod                         0x000021a9   Thumb Code    98  uldiv.o(.text)
    __scatterload                            0x0000220d   Thumb Code    28  init.o(.text)
    __scatterload_rt2                        0x0000220d   Thumb Code     0  init.o(.text)
    __aeabi_llsl                             0x00002231   Thumb Code    30  llshl.o(.text)
    _ll_shift_l                              0x00002231   Thumb Code     0  llshl.o(.text)
    __aeabi_llsr                             0x0000224f   Thumb Code    32  llushr.o(.text)
    _ll_ushift_r                             0x0000224f   Thumb Code     0  llushr.o(.text)
    __decompress                             0x0000226f   Thumb Code     0  __dclz77c.o(.text)
    __decompress2                            0x0000226f   Thumb Code    94  __dclz77c.o(.text)
    __0printf$8                              0x000022cd   Thumb Code    22  printf8.o(i.__0printf$8)
    __1printf$8                              0x000022cd   Thumb Code     0  printf8.o(i.__0printf$8)
    __2printf                                0x000022cd   Thumb Code     0  printf8.o(i.__0printf$8)
    __aeabi_errno_addr                       0x000022ed   Thumb Code     4  errno.o(i.__aeabi_errno_addr)
    __rt_errno_addr                          0x000022ed   Thumb Code     0  errno.o(i.__aeabi_errno_addr)
    __scatterload_copy                       0x000022f5   Thumb Code    14  handlers.o(i.__scatterload_copy)
    __scatterload_null                       0x00002303   Thumb Code     2  handlers.o(i.__scatterload_null)
    __scatterload_zeroinit                   0x00002305   Thumb Code    14  handlers.o(i.__scatterload_zeroinit)
    malloc                                   0x00002771   Thumb Code    92  malloc.o(i.malloc)
    arialNarrow_8ptBitmaps                   0x000027dc   Data          50  fonts.o(.constdata)
    courierNew_10ptBitmaps                   0x0000280e   Data        1900  fonts.o(.constdata)
    buckyBadger                              0x00002f7a   Data         759  fonts.o(.constdata)
    motionW                                  0x00003271   Data         392  fonts.o(.constdata)
    Region$$Table$$Base                      0x000033fc   Number         0  anon$$obj.o(Region$$Table)
    Region$$Table$$Limit                     0x0000341c   Number         0  anon$$obj.o(Region$$Table)
    myID                                     0x20000000   Data           5  main.o(.data)
    remoteID                                 0x20000005   Data           5  main.o(.data)
    AlertSysTick                             0x2000000c   Data           1  interrupts.o(.data)
    AlertOneSec                              0x2000000d   Data           1  interrupts.o(.data)
    count                                    0x20000010   Data           4  interrupts.o(.data)
    updateXY                                 0x20000014   Data           1  interrupts.o(.data)
    push_up                                  0x20000015   Data         816  lcd-dogs.o(.data)
    push_down                                0x20000345   Data         816  lcd-dogs.o(.data)
    push_left                                0x20000675   Data         816  lcd-dogs.o(.data)
    push_right                               0x200009a5   Data         816  lcd-dogs.o(.data)
    push_ps2                                 0x20000cd5   Data         816  lcd-dogs.o(.data)
    flick_down                               0x20001005   Data         816  lcd-dogs.o(.data)
    flick_up                                 0x20001335   Data         816  lcd-dogs.o(.data)
    flick_right                              0x20001665   Data         816  lcd-dogs.o(.data)
    flick_left                               0x20001995   Data         816  lcd-dogs.o(.data)
    a_timer                                  0x20001cc8   Data           4  timers.o(.data)
    one_timer                                0x20001ccc   Data           4  timers.o(.data)
    wd_timer                                 0x20001cd0   Data           4  timers.o(.data)
    data                                     0x20001cd4   Data           4  gamelogic.o(.data)
    ps2data                                  0x20001cd8   Data           4  gamelogic.o(.data)
    upcounter                                0x20001cdc   Data           4  gamelogic.o(.data)
    downcounter                              0x20001ce0   Data           4  gamelogic.o(.data)
    leftcounter                              0x20001ce4   Data           4  gamelogic.o(.data)
    rightcounter                             0x20001ce8   Data           4  gamelogic.o(.data)
    ps2counter                               0x20001cec   Data           4  gamelogic.o(.data)
    x_data                                   0x20001cf0   Data           4  gamelogic.o(.data)
    y_data                                   0x20001cf4   Data           4  gamelogic.o(.data)
    initState                                0x20001cf8   Data           1  gamelogic.o(.data)
    SystemCoreClock                          0x20001cfc   Data           4  system_tm4c123.o(.data)
    __stdin                                  0x20001d00   Data           4  stdin.o(.data)
    __stdout                                 0x20001d04   Data           4  stdout.o(.data)
    __microlib_freelist                      0x20001d10   Data           4  mvars.o(.data)
    __microlib_freelist_initialised          0x20001d14   Data           4  mvars.o(.data)
    UART0_Tx_Buffer                          0x20001d18   Data          16  uart_irqs.o(.bss)
    UART0_Rx_Buffer                          0x20001d28   Data          16  uart_irqs.o(.bss)
    wirelessPinConfig                        0x20001d38   Data          24  wireless.o(.bss)
    __heap_base                              0x20001d50   Data           0  startup_tm4c123.o(HEAP)
    __heap_limit                             0x20001d50   Data           0  startup_tm4c123.o(HEAP)
    __initial_sp                             0x20002d50   Data           0  startup_tm4c123.o(STACK)



==============================================================================

Memory Map of the image

  Image Entry point : 0x00001e39

  Load Region LR_1 (Base: 0x00000000, Size: 0x00005134, Max: 0xffffffff, ABSOLUTE, COMPRESSED[0x000037cc])

    Execution Region ER_RO (Base: 0x00000000, Size: 0x0000341c, Max: 0xffffffff, ABSOLUTE)

    Base Addr    Size         Type   Attr      Idx    E Section Name        Object

    0x00000000   0x0000026c   Data   RO          457    RESET               startup_tm4c123.o
    0x0000026c   0x00000000   Code   RO          488  * .ARM.Collect$$$$00000000  mc_w.l(entry.o)
    0x0000026c   0x00000004   Code   RO          792    .ARM.Collect$$$$00000001  mc_w.l(entry2.o)
    0x00000270   0x00000004   Code   RO          795    .ARM.Collect$$$$00000004  mc_w.l(entry5.o)
    0x00000274   0x00000000   Code   RO          797    .ARM.Collect$$$$00000008  mc_w.l(entry7b.o)
    0x00000274   0x00000000   Code   RO          799    .ARM.Collect$$$$0000000A  mc_w.l(entry8b.o)
    0x00000274   0x00000008   Code   RO          800    .ARM.Collect$$$$0000000B  mc_w.l(entry9a.o)
    0x0000027c   0x00000000   Code   RO          802    .ARM.Collect$$$$0000000D  mc_w.l(entry10a.o)
    0x0000027c   0x00000000   Code   RO          804    .ARM.Collect$$$$0000000F  mc_w.l(entry11a.o)
    0x0000027c   0x00000004   Code   RO          793    .ARM.Collect$$$$00002712  mc_w.l(entry2.o)
    0x00000280   0x00000250   Code   RO            3    .text               main.o
    0x000004d0   0x000000fc   Code   RO          127    .text               interrupts.o
    0x000005cc   0x000000a0   Code   RO          158    .text               adc.o
    0x0000066c   0x0000026c   Code   RO          210    .text               gpio_port.o
    0x000008d8   0x00000208   Code   RO          230    .text               i2c.o
    0x00000ae0   0x0000036c   Code   RO          250    .text               lcd-dogs.o
    0x00000e4c   0x00000076   Code   RO          274    .text               pc_buffer.o
    0x00000ec2   0x00000002   PAD
    0x00000ec4   0x00000194   Code   RO          291    .text               spi.o
    0x00001058   0x000001b8   Code   RO          311    .text               timers.o
    0x00001210   0x00000180   Code   RO          361    .text               uart_irqs.o
    0x00001390   0x000004ec   Code   RO          388    .text               wireless.o
    0x0000187c   0x00000240   Code   RO          411    .text               board_util.o
    0x00001abc   0x0000037c   Code   RO          431    .text               gamelogic.o
    0x00001e38   0x000000fc   Code   RO          458  * .text               startup_tm4c123.o
    0x00001f34   0x00000250   Code   RO          464    .text               system_tm4c123.o
    0x00002184   0x00000024   Code   RO          493    .text               mc_w.l(rand.o)
    0x000021a8   0x00000062   Code   RO          808    .text               mc_w.l(uldiv.o)
    0x0000220a   0x00000002   PAD
    0x0000220c   0x00000024   Code   RO          827    .text               mc_w.l(init.o)
    0x00002230   0x0000001e   Code   RO          829    .text               mc_w.l(llshl.o)
    0x0000224e   0x00000020   Code   RO          831    .text               mc_w.l(llushr.o)
    0x0000226e   0x0000005e   Code   RO          845    .text               mc_w.l(__dclz77c.o)
    0x000022cc   0x00000020   Code   RO          703    i.__0printf$8       mc_w.l(printf8.o)
    0x000022ec   0x00000008   Code   RO          785    i.__aeabi_errno_addr  mc_w.l(errno.o)
    0x000022f4   0x0000000e   Code   RO          839    i.__scatterload_copy  mc_w.l(handlers.o)
    0x00002302   0x00000002   Code   RO          840    i.__scatterload_null  mc_w.l(handlers.o)
    0x00002304   0x0000000e   Code   RO          841    i.__scatterload_zeroinit  mc_w.l(handlers.o)
    0x00002312   0x00000002   PAD
    0x00002314   0x00000408   Code   RO          710    i._printf_core      mc_w.l(printf8.o)
    0x0000271c   0x00000024   Code   RO          711    i._printf_post_padding  mc_w.l(printf8.o)
    0x00002740   0x0000002e   Code   RO          712    i._printf_pre_padding  mc_w.l(printf8.o)
    0x0000276e   0x00000002   PAD
    0x00002770   0x0000006c   Code   RO          758    i.malloc            mc_w.l(malloc.o)
    0x000027dc   0x00000c1d   Data   RO          196    .constdata          fonts.o
    0x000033f9   0x00000003   PAD
    0x000033fc   0x00000020   Data   RO          837    Region$$Table       anon$$obj.o


    Execution Region ER_RW (Base: 0x20000000, Size: 0x00001d18, Max: 0xffffffff, ABSOLUTE, COMPRESSED[0x000003b0])

    Base Addr    Size         Type   Attr      Idx    E Section Name        Object

    0x20000000   0x0000000a   Data   RW            4    .data               main.o
    0x2000000a   0x00000002   PAD
    0x2000000c   0x00000009   Data   RW          128    .data               interrupts.o
    0x20000015   0x00001cb0   Data   RW          251    .data               lcd-dogs.o
    0x20001cc5   0x00000003   PAD
    0x20001cc8   0x0000000c   Data   RW          312    .data               timers.o
    0x20001cd4   0x00000025   Data   RW          432    .data               gamelogic.o
    0x20001cf9   0x00000003   PAD
    0x20001cfc   0x00000004   Data   RW          465    .data               system_tm4c123.o
    0x20001d00   0x00000004   Data   RW          491    .data               mc_w.l(stdin.o)
    0x20001d04   0x00000004   Data   RW          492    .data               mc_w.l(stdout.o)
    0x20001d08   0x00000004   Data   RW          494    .data               mc_w.l(rand.o)
    0x20001d0c   0x00000004   Data   RW          788    .data               mc_w.l(errno.o)
    0x20001d10   0x00000004   Data   RW          814    .data               mc_w.l(mvars.o)
    0x20001d14   0x00000004   Data   RW          815    .data               mc_w.l(mvars.o)


    Execution Region ER_ZI (Base: 0x20001d18, Size: 0x00001038, Max: 0xffffffff, ABSOLUTE)

    Base Addr    Size         Type   Attr      Idx    E Section Name        Object

    0x20001d18   0x00000020   Zero   RW          362    .bss                uart_irqs.o
    0x20001d38   0x00000018   Zero   RW          389    .bss                wireless.o
    0x20001d50   0x00000000   Zero   RW          456    HEAP                startup_tm4c123.o
    0x20001d50   0x00001000   Zero   RW          455    STACK               startup_tm4c123.o


==============================================================================

Image component sizes


      Code (inc. data)   RO Data    RW Data    ZI Data      Debug   Object Name

       160         12          0          0          0       1336   adc.o
       576         30          0          0          0       1559   board_util.o
         0          0       3101          0          0        648   fonts.o
       892        148          0         37          0       2484   gamelogic.o
       620         32          0          0          0       4810   gpio_port.o
       520         24          0          0          0       3449   i2c.o
       252         36          0          9          0       1954   interrupts.o
       876         22          0       7344          0       3541   lcd-dogs.o
       592        204          0         10          0      63430   main.o
       118          0          0          0          0       1967   pc_buffer.o
       404         26          0          0          0       1753   spi.o
       252         10        620          0       4096       5412   startup_tm4c123.o
       592        138          0          4          0       1489   system_tm4c123.o
       440         30          0         12          0      28746   timers.o
       384         36          0          0         32      28501   uart_irqs.o
      1260         44          0          0         24       7272   wireless.o

    ----------------------------------------------------------------------
      7940        792       3756       7424       4152     158351   Object Totals
         0          0         32          0          0          0   (incl. Generated)
         2          0          3          8          0          0   (incl. Padding)

    ----------------------------------------------------------------------

      Code (inc. data)   RO Data    RW Data    ZI Data      Debug   Library Member Name

        94          0          0          0          0          0   __dclz77c.o
         0          0          0          0          0          0   entry.o
         0          0          0          0          0          0   entry10a.o
         0          0          0          0          0          0   entry11a.o
         8          4          0          0          0          0   entry2.o
         4          0          0          0          0          0   entry5.o
         0          0          0          0          0          0   entry7b.o
         0          0          0          0          0          0   entry8b.o
         8          4          0          0          0          0   entry9a.o
         8          4          0          4          0         68   errno.o
        30          0          0          0          0          0   handlers.o
        36          8          0          0          0         68   init.o
        30          0          0          0          0         68   llshl.o
        32          0          0          0          0         68   llushr.o
       108         16          0          0          0         84   malloc.o
         0          0          0          8          0          0   mvars.o
      1146         54          0          0          0        352   printf8.o
        36         10          0          4          0        136   rand.o
         0          0          0          4          0          0   stdin.o
         0          0          0          4          0          0   stdout.o
        98          0          0          0          0         92   uldiv.o

    ----------------------------------------------------------------------
      1644        100          0         24          0        936   Library Totals
         6          0          0          0          0          0   (incl. Padding)

    ----------------------------------------------------------------------

      Code (inc. data)   RO Data    RW Data    ZI Data      Debug   Library Name

      1638        100          0         24          0        936   mc_w.l

    ----------------------------------------------------------------------
      1644        100          0         24          0        936   Library Totals

    ----------------------------------------------------------------------

==============================================================================


      Code (inc. data)   RO Data    RW Data    ZI Data      Debug   

      9584        892       3756       7448       4152     157159   Grand Totals
      9584        892       3756        944       4152     157159   ELF Image Totals (compressed)
      9584        892       3756        944          0          0   ROM Totals

==============================================================================

    Total RO  Size (Code + RO Data)                13340 (  13.03kB)
    Total RW  Size (RW Data + ZI Data)             11600 (  11.33kB)
    Total ROM Size (Code + RO Data + RW Data)      14284 (  13.95kB)

==============================================================================

