<html>
<body>
<pre>
<h1>µVision Build Log</h1>
<h2>Project:</h2>
I:\git_353\ece353\project-src\ECE353-Project.uvprojx
Project File Date:  12/09/2015

<h2>Output:</h2>
Rebuild target 'ECE353-Project'
compiling main.c...
main.c(60): warning:  #177-D: variable "status" was declared but never referenced
        wireless_com_status_t status;
main.c(62): warning:  #177-D: variable "i" was declared but never referenced
    int i = 0;
main.c: 2 warnings, 0 errors
compiling interrupts.c...
interrupts.c(85): warning:  #550-D: variable "val" was set but never used
        uint32_t val;
interrupts.c: 1 warning, 0 errors
compiling adc.c...
compiling eeprom.c...
..\drivers\eeprom.c(135): warning:  #550-D: variable "status" was set but never used
    i2c_status_t status;
..\drivers\eeprom.c: 1 warning, 0 errors
compiling fonts.c...
compiling gpio_port.c...
compiling i2c.c...
compiling lcd-dogs.c...
..\drivers\lcd-dogs.c(44): warning:  #177-D: function "dogs102_assert_reset" was declared but never referenced
  __INLINE static void dogs102_assert_reset(void)
..\drivers\lcd-dogs.c: 1 warning, 0 errors
compiling pc_buffer.c...
compiling spi.c...
compiling timers.c...
compiling uart.c...
compiling uart_irqs.c...
compiling wireless.c...
compiling board_util.c...
board_util.c(156): warning:  #177-D: variable "out" was declared but never referenced
        uint8_t out = PA1;
board_util.c(157): warning:  #177-D: variable "in" was declared but never referenced
        uint8_t in = PA0;
board_util.c: 2 warnings, 0 errors
assembling startup_TM4C123.s...
compiling system_TM4C123.c...
linking...
Program Size: Code=6668 RO-data=652 RW-data=88 ZI-data=4152  
".\obj\ece353_base_project.axf" - 0 Error(s), 7 Warning(s).

<h2>Software Packages used:</h2>

Package Vendor: ARM
                http://www.keil.com/pack/ARM.CMSIS.4.1.1.pack
                ARM::CMSIS:CORE:3.30.0
                CMSIS (Cortex Microcontroller Software Interface Standard)
   * Component: CORE Version: 3.30.0

Package Vendor: Keil
                http://www.keil.com/pack/Keil.TM4C_DFP.1.0.0.pack
                Keil::Device:Startup:1.0.0
                Texas Instruments Tiva C Series Device Support and Examples
   * Component: Startup Version: 1.0.0

<h2>Collection of Component include folders:</h2>
  I:\git_353\ece353\project-src\RTE
  C:\AppV\mdk_510\ARM\PACK\ARM\CMSIS\4.1.1\CMSIS\Include
  C:\AppV\mdk_510\ARM\PACK\Keil\TM4C_DFP\1.0.0\Device\Include\TM4C123

<h2>Collection of Component Files used:</h2>

   * Component: ARM::CMSIS:CORE:3.30.0
      Source file:   CMSIS\UserCodeTemplates\ARM\ITM_Retarget.c

   * Component: Keil::Device:Startup:1.0.0
      Include file:  Device\Include\TM4C123\TM4C123.h
      Source file:   Device\Source\ARM\startup_TM4C123.s
      Source file:   Device\Source\system_TM4C123.c
Load "I:\\git_353\\ece353\\project-src\\obj\\ece353_base_project.axf" 
Connecting: Mode=JTAG, Speed=1000000Hz
Erase Done.
Programming Done.
Verify OK.
