Component: ARM Compiler 5.05 update 2 (build 169) Tool: armlink [4d0f33]

==============================================================================

Section Cross References

    main.o(.text) refers to printfb.o(i.__0printf$bare) for __2printf
    main.o(.text) refers to board_setup.o(.text) for serialDebugInit
    startup_tm4c123.o(RESET) refers to startup_tm4c123.o(STACK) for __initial_sp
    startup_tm4c123.o(RESET) refers to startup_tm4c123.o(.text) for Reset_Handler
    startup_tm4c123.o(RESET) refers to uart.o(.text) for UART0_Handler
    startup_tm4c123.o(.text) refers to system_tm4c123.o(.text) for SystemInit
    startup_tm4c123.o(.text) refers to entry.o(.ARM.Collect$$$$00000000) for __main
    system_tm4c123.o(.text) refers to system_tm4c123.o(.data) for SystemCoreClock
    board_setup.o(.text) refers to gpio_port.o(.text) for ece353_staff_gpio_enable_port
    board_setup.o(.text) refers to pc_buffer.o(.text) for pc_buffer_init
    board_setup.o(.text) refers to uart.o(.text) for uart_init_115K
    board_setup.o(.text) refers to board_setup.o(.bss) for UART0_Rx_Buffer_Array
    uart.o(.text) refers to pc_buffer.o(.text) for pc_buffer_empty
    uart.o(.text) refers to board_setup.o(.text) for DisableInterrupts
    uart.o(.text) refers to errno.o(i.__aeabi_errno_addr) for __aeabi_errno_addr
    uart.o(.text) refers to board_setup.o(.bss) for UART0_Rx_Buffer
    uart.o(.text) refers to stdout.o(.data) for __stdout
    uart.o(.text) refers to stdin.o(.data) for __stdin
    entry.o(.ARM.Collect$$$$00000000) refers (Special) to entry10a.o(.ARM.Collect$$$$0000000D) for __rt_final_cpp
    entry.o(.ARM.Collect$$$$00000000) refers (Special) to entry11a.o(.ARM.Collect$$$$0000000F) for __rt_final_exit
    entry.o(.ARM.Collect$$$$00000000) refers (Special) to entry7b.o(.ARM.Collect$$$$00000008) for _main_clock
    entry.o(.ARM.Collect$$$$00000000) refers (Special) to entry8b.o(.ARM.Collect$$$$0000000A) for _main_cpp_init
    entry.o(.ARM.Collect$$$$00000000) refers (Special) to entry9a.o(.ARM.Collect$$$$0000000B) for _main_init
    entry.o(.ARM.Collect$$$$00000000) refers (Special) to entry5.o(.ARM.Collect$$$$00000004) for _main_scatterload
    entry.o(.ARM.Collect$$$$00000000) refers (Special) to entry2.o(.ARM.Collect$$$$00000001) for _main_stk
    printfb.o(i.__0fprintf$bare) refers to printfb.o(i._printf_core) for _printf_core
    printfb.o(i.__0fprintf$bare) refers to uart.o(.text) for fputc
    printfb.o(i.__0printf$bare) refers to printfb.o(i._printf_core) for _printf_core
    printfb.o(i.__0printf$bare) refers to uart.o(.text) for fputc
    printfb.o(i.__0printf$bare) refers to stdout.o(.data) for __stdout
    printfb.o(i.__0snprintf$bare) refers to printfb.o(i._printf_core) for _printf_core
    printfb.o(i.__0snprintf$bare) refers to printfb.o(i._snputc) for _snputc
    printfb.o(i.__0sprintf$bare) refers to printfb.o(i._printf_core) for _printf_core
    printfb.o(i.__0sprintf$bare) refers to printfb.o(i._sputc) for _sputc
    printfb.o(i.__0vfprintf$bare) refers to printfb.o(i._printf_core) for _printf_core
    printfb.o(i.__0vfprintf$bare) refers to uart.o(.text) for fputc
    printfb.o(i.__0vprintf$bare) refers to printfb.o(i._printf_core) for _printf_core
    printfb.o(i.__0vprintf$bare) refers to uart.o(.text) for fputc
    printfb.o(i.__0vprintf$bare) refers to stdout.o(.data) for __stdout
    printfb.o(i.__0vsnprintf$bare) refers to printfb.o(i._printf_core) for _printf_core
    printfb.o(i.__0vsnprintf$bare) refers to printfb.o(i._snputc) for _snputc
    printfb.o(i.__0vsprintf$bare) refers to printfb.o(i._printf_core) for _printf_core
    printfb.o(i.__0vsprintf$bare) refers to printfb.o(i._sputc) for _sputc
    printf0.o(i.__0fprintf$0) refers to printf0.o(i._printf_core) for _printf_core
    printf0.o(i.__0fprintf$0) refers to uart.o(.text) for fputc
    printf0.o(i.__0printf$0) refers to printf0.o(i._printf_core) for _printf_core
    printf0.o(i.__0printf$0) refers to uart.o(.text) for fputc
    printf0.o(i.__0printf$0) refers to stdout.o(.data) for __stdout
    printf0.o(i.__0snprintf$0) refers to printf0.o(i._printf_core) for _printf_core
    printf0.o(i.__0snprintf$0) refers to printf0.o(i._snputc) for _snputc
    printf0.o(i.__0sprintf$0) refers to printf0.o(i._printf_core) for _printf_core
    printf0.o(i.__0sprintf$0) refers to printf0.o(i._sputc) for _sputc
    printf0.o(i.__0vfprintf$0) refers to printf0.o(i._printf_core) for _printf_core
    printf0.o(i.__0vfprintf$0) refers to uart.o(.text) for fputc
    printf0.o(i.__0vprintf$0) refers to printf0.o(i._printf_core) for _printf_core
    printf0.o(i.__0vprintf$0) refers to uart.o(.text) for fputc
    printf0.o(i.__0vprintf$0) refers to stdout.o(.data) for __stdout
    printf0.o(i.__0vsnprintf$0) refers to printf0.o(i._printf_core) for _printf_core
    printf0.o(i.__0vsnprintf$0) refers to printf0.o(i._snputc) for _snputc
    printf0.o(i.__0vsprintf$0) refers to printf0.o(i._printf_core) for _printf_core
    printf0.o(i.__0vsprintf$0) refers to printf0.o(i._sputc) for _sputc
    printf1.o(i.__0fprintf$1) refers to printf1.o(i._printf_core) for _printf_core
    printf1.o(i.__0fprintf$1) refers to uart.o(.text) for fputc
    printf1.o(i.__0printf$1) refers to printf1.o(i._printf_core) for _printf_core
    printf1.o(i.__0printf$1) refers to uart.o(.text) for fputc
    printf1.o(i.__0printf$1) refers to stdout.o(.data) for __stdout
    printf1.o(i.__0snprintf$1) refers to printf1.o(i._printf_core) for _printf_core
    printf1.o(i.__0snprintf$1) refers to printf1.o(i._snputc) for _snputc
    printf1.o(i.__0sprintf$1) refers to printf1.o(i._printf_core) for _printf_core
    printf1.o(i.__0sprintf$1) refers to printf1.o(i._sputc) for _sputc
    printf1.o(i.__0vfprintf$1) refers to printf1.o(i._printf_core) for _printf_core
    printf1.o(i.__0vfprintf$1) refers to uart.o(.text) for fputc
    printf1.o(i.__0vprintf$1) refers to printf1.o(i._printf_core) for _printf_core
    printf1.o(i.__0vprintf$1) refers to uart.o(.text) for fputc
    printf1.o(i.__0vprintf$1) refers to stdout.o(.data) for __stdout
    printf1.o(i.__0vsnprintf$1) refers to printf1.o(i._printf_core) for _printf_core
    printf1.o(i.__0vsnprintf$1) refers to printf1.o(i._snputc) for _snputc
    printf1.o(i.__0vsprintf$1) refers to printf1.o(i._printf_core) for _printf_core
    printf1.o(i.__0vsprintf$1) refers to printf1.o(i._sputc) for _sputc
    printf1.o(i._printf_core) refers to uidiv.o(.text) for __aeabi_uidivmod
    printf2.o(i.__0fprintf$2) refers to printf2.o(i._printf_core) for _printf_core
    printf2.o(i.__0fprintf$2) refers to uart.o(.text) for fputc
    printf2.o(i.__0printf$2) refers to printf2.o(i._printf_core) for _printf_core
    printf2.o(i.__0printf$2) refers to uart.o(.text) for fputc
    printf2.o(i.__0printf$2) refers to stdout.o(.data) for __stdout
    printf2.o(i.__0snprintf$2) refers to printf2.o(i._printf_core) for _printf_core
    printf2.o(i.__0snprintf$2) refers to printf2.o(i._snputc) for _snputc
    printf2.o(i.__0sprintf$2) refers to printf2.o(i._printf_core) for _printf_core
    printf2.o(i.__0sprintf$2) refers to printf2.o(i._sputc) for _sputc
    printf2.o(i.__0vfprintf$2) refers to printf2.o(i._printf_core) for _printf_core
    printf2.o(i.__0vfprintf$2) refers to uart.o(.text) for fputc
    printf2.o(i.__0vprintf$2) refers to printf2.o(i._printf_core) for _printf_core
    printf2.o(i.__0vprintf$2) refers to uart.o(.text) for fputc
    printf2.o(i.__0vprintf$2) refers to stdout.o(.data) for __stdout
    printf2.o(i.__0vsnprintf$2) refers to printf2.o(i._printf_core) for _printf_core
    printf2.o(i.__0vsnprintf$2) refers to printf2.o(i._snputc) for _snputc
    printf2.o(i.__0vsprintf$2) refers to printf2.o(i._printf_core) for _printf_core
    printf2.o(i.__0vsprintf$2) refers to printf2.o(i._sputc) for _sputc
    printf3.o(i.__0fprintf$3) refers to printf3.o(i._printf_core) for _printf_core
    printf3.o(i.__0fprintf$3) refers to uart.o(.text) for fputc
    printf3.o(i.__0printf$3) refers to printf3.o(i._printf_core) for _printf_core
    printf3.o(i.__0printf$3) refers to uart.o(.text) for fputc
    printf3.o(i.__0printf$3) refers to stdout.o(.data) for __stdout
    printf3.o(i.__0snprintf$3) refers to printf3.o(i._printf_core) for _printf_core
    printf3.o(i.__0snprintf$3) refers to printf3.o(i._snputc) for _snputc
    printf3.o(i.__0sprintf$3) refers to printf3.o(i._printf_core) for _printf_core
    printf3.o(i.__0sprintf$3) refers to printf3.o(i._sputc) for _sputc
    printf3.o(i.__0vfprintf$3) refers to printf3.o(i._printf_core) for _printf_core
    printf3.o(i.__0vfprintf$3) refers to uart.o(.text) for fputc
    printf3.o(i.__0vprintf$3) refers to printf3.o(i._printf_core) for _printf_core
    printf3.o(i.__0vprintf$3) refers to uart.o(.text) for fputc
    printf3.o(i.__0vprintf$3) refers to stdout.o(.data) for __stdout
    printf3.o(i.__0vsnprintf$3) refers to printf3.o(i._printf_core) for _printf_core
    printf3.o(i.__0vsnprintf$3) refers to printf3.o(i._snputc) for _snputc
    printf3.o(i.__0vsprintf$3) refers to printf3.o(i._printf_core) for _printf_core
    printf3.o(i.__0vsprintf$3) refers to printf3.o(i._sputc) for _sputc
    printf3.o(i._printf_core) refers to uidiv.o(.text) for __aeabi_uidivmod
    printf4.o(i.__0fprintf$4) refers to printf4.o(i._printf_core) for _printf_core
    printf4.o(i.__0fprintf$4) refers to uart.o(.text) for fputc
    printf4.o(i.__0printf$4) refers to printf4.o(i._printf_core) for _printf_core
    printf4.o(i.__0printf$4) refers to uart.o(.text) for fputc
    printf4.o(i.__0printf$4) refers to stdout.o(.data) for __stdout
    printf4.o(i.__0snprintf$4) refers to printf4.o(i._printf_core) for _printf_core
    printf4.o(i.__0snprintf$4) refers to printf4.o(i._snputc) for _snputc
    printf4.o(i.__0sprintf$4) refers to printf4.o(i._printf_core) for _printf_core
    printf4.o(i.__0sprintf$4) refers to printf4.o(i._sputc) for _sputc
    printf4.o(i.__0vfprintf$4) refers to printf4.o(i._printf_core) for _printf_core
    printf4.o(i.__0vfprintf$4) refers to uart.o(.text) for fputc
    printf4.o(i.__0vprintf$4) refers to printf4.o(i._printf_core) for _printf_core
    printf4.o(i.__0vprintf$4) refers to uart.o(.text) for fputc
    printf4.o(i.__0vprintf$4) refers to stdout.o(.data) for __stdout
    printf4.o(i.__0vsnprintf$4) refers to printf4.o(i._printf_core) for _printf_core
    printf4.o(i.__0vsnprintf$4) refers to printf4.o(i._snputc) for _snputc
    printf4.o(i.__0vsprintf$4) refers to printf4.o(i._printf_core) for _printf_core
    printf4.o(i.__0vsprintf$4) refers to printf4.o(i._sputc) for _sputc
    printf4.o(i._printf_core) refers to uldiv.o(.text) for __aeabi_uldivmod
    printf5.o(i.__0fprintf$5) refers to printf5.o(i._printf_core) for _printf_core
    printf5.o(i.__0fprintf$5) refers to uart.o(.text) for fputc
    printf5.o(i.__0printf$5) refers to printf5.o(i._printf_core) for _printf_core
    printf5.o(i.__0printf$5) refers to uart.o(.text) for fputc
    printf5.o(i.__0printf$5) refers to stdout.o(.data) for __stdout
    printf5.o(i.__0snprintf$5) refers to printf5.o(i._printf_core) for _printf_core
    printf5.o(i.__0snprintf$5) refers to printf5.o(i._snputc) for _snputc
    printf5.o(i.__0sprintf$5) refers to printf5.o(i._printf_core) for _printf_core
    printf5.o(i.__0sprintf$5) refers to printf5.o(i._sputc) for _sputc
    printf5.o(i.__0vfprintf$5) refers to printf5.o(i._printf_core) for _printf_core
    printf5.o(i.__0vfprintf$5) refers to uart.o(.text) for fputc
    printf5.o(i.__0vprintf$5) refers to printf5.o(i._printf_core) for _printf_core
    printf5.o(i.__0vprintf$5) refers to uart.o(.text) for fputc
    printf5.o(i.__0vprintf$5) refers to stdout.o(.data) for __stdout
    printf5.o(i.__0vsnprintf$5) refers to printf5.o(i._printf_core) for _printf_core
    printf5.o(i.__0vsnprintf$5) refers to printf5.o(i._snputc) for _snputc
    printf5.o(i.__0vsprintf$5) refers to printf5.o(i._printf_core) for _printf_core
    printf5.o(i.__0vsprintf$5) refers to printf5.o(i._sputc) for _sputc
    printf5.o(i._printf_core) refers to uldiv.o(.text) for __aeabi_uldivmod
    printf6.o(i.__0fprintf$6) refers to printf6.o(i._printf_core) for _printf_core
    printf6.o(i.__0fprintf$6) refers to uart.o(.text) for fputc
    printf6.o(i.__0printf$6) refers to printf6.o(i._printf_core) for _printf_core
    printf6.o(i.__0printf$6) refers to uart.o(.text) for fputc
    printf6.o(i.__0printf$6) refers to stdout.o(.data) for __stdout
    printf6.o(i.__0snprintf$6) refers to printf6.o(i._printf_core) for _printf_core
    printf6.o(i.__0snprintf$6) refers to printf6.o(i._snputc) for _snputc
    printf6.o(i.__0sprintf$6) refers to printf6.o(i._printf_core) for _printf_core
    printf6.o(i.__0sprintf$6) refers to printf6.o(i._sputc) for _sputc
    printf6.o(i.__0vfprintf$6) refers to printf6.o(i._printf_core) for _printf_core
    printf6.o(i.__0vfprintf$6) refers to uart.o(.text) for fputc
    printf6.o(i.__0vprintf$6) refers to printf6.o(i._printf_core) for _printf_core
    printf6.o(i.__0vprintf$6) refers to uart.o(.text) for fputc
    printf6.o(i.__0vprintf$6) refers to stdout.o(.data) for __stdout
    printf6.o(i.__0vsnprintf$6) refers to printf6.o(i._printf_core) for _printf_core
    printf6.o(i.__0vsnprintf$6) refers to printf6.o(i._snputc) for _snputc
    printf6.o(i.__0vsprintf$6) refers to printf6.o(i._printf_core) for _printf_core
    printf6.o(i.__0vsprintf$6) refers to printf6.o(i._sputc) for _sputc
    printf6.o(i._printf_core) refers to printf6.o(i._printf_pre_padding) for _printf_pre_padding
    printf6.o(i._printf_core) refers to uidiv.o(.text) for __aeabi_uidivmod
    printf6.o(i._printf_core) refers to printf6.o(i._printf_post_padding) for _printf_post_padding
    printf7.o(i.__0fprintf$7) refers to printf7.o(i._printf_core) for _printf_core
    printf7.o(i.__0fprintf$7) refers to uart.o(.text) for fputc
    printf7.o(i.__0printf$7) refers to printf7.o(i._printf_core) for _printf_core
    printf7.o(i.__0printf$7) refers to uart.o(.text) for fputc
    printf7.o(i.__0printf$7) refers to stdout.o(.data) for __stdout
    printf7.o(i.__0snprintf$7) refers to printf7.o(i._printf_core) for _printf_core
    printf7.o(i.__0snprintf$7) refers to printf7.o(i._snputc) for _snputc
    printf7.o(i.__0sprintf$7) refers to printf7.o(i._printf_core) for _printf_core
    printf7.o(i.__0sprintf$7) refers to printf7.o(i._sputc) for _sputc
    printf7.o(i.__0vfprintf$7) refers to printf7.o(i._printf_core) for _printf_core
    printf7.o(i.__0vfprintf$7) refers to uart.o(.text) for fputc
    printf7.o(i.__0vprintf$7) refers to printf7.o(i._printf_core) for _printf_core
    printf7.o(i.__0vprintf$7) refers to uart.o(.text) for fputc
    printf7.o(i.__0vprintf$7) refers to stdout.o(.data) for __stdout
    printf7.o(i.__0vsnprintf$7) refers to printf7.o(i._printf_core) for _printf_core
    printf7.o(i.__0vsnprintf$7) refers to printf7.o(i._snputc) for _snputc
    printf7.o(i.__0vsprintf$7) refers to printf7.o(i._printf_core) for _printf_core
    printf7.o(i.__0vsprintf$7) refers to printf7.o(i._sputc) for _sputc
    printf7.o(i._printf_core) refers to printf7.o(i._printf_pre_padding) for _printf_pre_padding
    printf7.o(i._printf_core) refers to uldiv.o(.text) for __aeabi_uldivmod
    printf7.o(i._printf_core) refers to printf7.o(i._printf_post_padding) for _printf_post_padding
    printf8.o(i.__0fprintf$8) refers to printf8.o(i._printf_core) for _printf_core
    printf8.o(i.__0fprintf$8) refers to uart.o(.text) for fputc
    printf8.o(i.__0printf$8) refers to printf8.o(i._printf_core) for _printf_core
    printf8.o(i.__0printf$8) refers to uart.o(.text) for fputc
    printf8.o(i.__0printf$8) refers to stdout.o(.data) for __stdout
    printf8.o(i.__0snprintf$8) refers to printf8.o(i._printf_core) for _printf_core
    printf8.o(i.__0snprintf$8) refers to printf8.o(i._snputc) for _snputc
    printf8.o(i.__0sprintf$8) refers to printf8.o(i._printf_core) for _printf_core
    printf8.o(i.__0sprintf$8) refers to printf8.o(i._sputc) for _sputc
    printf8.o(i.__0vfprintf$8) refers to printf8.o(i._printf_core) for _printf_core
    printf8.o(i.__0vfprintf$8) refers to uart.o(.text) for fputc
    printf8.o(i.__0vprintf$8) refers to printf8.o(i._printf_core) for _printf_core
    printf8.o(i.__0vprintf$8) refers to uart.o(.text) for fputc
    printf8.o(i.__0vprintf$8) refers to stdout.o(.data) for __stdout
    printf8.o(i.__0vsnprintf$8) refers to printf8.o(i._printf_core) for _printf_core
    printf8.o(i.__0vsnprintf$8) refers to printf8.o(i._snputc) for _snputc
    printf8.o(i.__0vsprintf$8) refers to printf8.o(i._printf_core) for _printf_core
    printf8.o(i.__0vsprintf$8) refers to printf8.o(i._sputc) for _sputc
    printf8.o(i._printf_core) refers to printf8.o(i._printf_pre_padding) for _printf_pre_padding
    printf8.o(i._printf_core) refers to uldiv.o(.text) for __aeabi_uldivmod
    printf8.o(i._printf_core) refers to printf8.o(i._printf_post_padding) for _printf_post_padding
    printfa.o(i.__0fprintf) refers (Special) to iusefp.o(.text) for __I$use$fp
    printfa.o(i.__0fprintf) refers to printfa.o(i._printf_core) for _printf_core
    printfa.o(i.__0fprintf) refers to uart.o(.text) for fputc
    printfa.o(i.__0printf) refers (Special) to iusefp.o(.text) for __I$use$fp
    printfa.o(i.__0printf) refers to printfa.o(i._printf_core) for _printf_core
    printfa.o(i.__0printf) refers to uart.o(.text) for fputc
    printfa.o(i.__0printf) refers to stdout.o(.data) for __stdout
    printfa.o(i.__0snprintf) refers (Special) to iusefp.o(.text) for __I$use$fp
    printfa.o(i.__0snprintf) refers to printfa.o(i._printf_core) for _printf_core
    printfa.o(i.__0snprintf) refers to printfa.o(i._snputc) for _snputc
    printfa.o(i.__0sprintf) refers (Special) to iusefp.o(.text) for __I$use$fp
    printfa.o(i.__0sprintf) refers to printfa.o(i._printf_core) for _printf_core
    printfa.o(i.__0sprintf) refers to printfa.o(i._sputc) for _sputc
    printfa.o(i.__0vfprintf) refers (Special) to iusefp.o(.text) for __I$use$fp
    printfa.o(i.__0vfprintf) refers to printfa.o(i._printf_core) for _printf_core
    printfa.o(i.__0vfprintf) refers to uart.o(.text) for fputc
    printfa.o(i.__0vprintf) refers (Special) to iusefp.o(.text) for __I$use$fp
    printfa.o(i.__0vprintf) refers to printfa.o(i._printf_core) for _printf_core
    printfa.o(i.__0vprintf) refers to uart.o(.text) for fputc
    printfa.o(i.__0vprintf) refers to stdout.o(.data) for __stdout
    printfa.o(i.__0vsnprintf) refers (Special) to iusefp.o(.text) for __I$use$fp
    printfa.o(i.__0vsnprintf) refers to printfa.o(i._printf_core) for _printf_core
    printfa.o(i.__0vsnprintf) refers to printfa.o(i._snputc) for _snputc
    printfa.o(i.__0vsprintf) refers (Special) to iusefp.o(.text) for __I$use$fp
    printfa.o(i.__0vsprintf) refers to printfa.o(i._printf_core) for _printf_core
    printfa.o(i.__0vsprintf) refers to printfa.o(i._sputc) for _sputc
    printfa.o(i._fp_digits) refers (Special) to iusefp.o(.text) for __I$use$fp
    printfa.o(i._fp_digits) refers to dmul.o(.text) for __aeabi_dmul
    printfa.o(i._fp_digits) refers to ddiv.o(.text) for __aeabi_ddiv
    printfa.o(i._fp_digits) refers to cdrcmple.o(.text) for __aeabi_cdrcmple
    printfa.o(i._fp_digits) refers to dadd.o(.text) for __aeabi_dadd
    printfa.o(i._fp_digits) refers to dfixul.o(.text) for __aeabi_d2ulz
    printfa.o(i._fp_digits) refers to uldiv.o(.text) for __aeabi_uldivmod
    printfa.o(i._printf_core) refers (Special) to iusefp.o(.text) for __I$use$fp
    printfa.o(i._printf_core) refers to printfa.o(i._printf_pre_padding) for _printf_pre_padding
    printfa.o(i._printf_core) refers to uldiv.o(.text) for __aeabi_uldivmod
    printfa.o(i._printf_core) refers to printfa.o(i._printf_post_padding) for _printf_post_padding
    printfa.o(i._printf_core) refers to printfa.o(i._fp_digits) for _fp_digits
    printfa.o(i._printf_core) refers to uidiv.o(.text) for __aeabi_uidivmod
    printfa.o(i._printf_post_padding) refers (Special) to iusefp.o(.text) for __I$use$fp
    printfa.o(i._printf_pre_padding) refers (Special) to iusefp.o(.text) for __I$use$fp
    printfa.o(i._snputc) refers (Special) to iusefp.o(.text) for __I$use$fp
    printfa.o(i._sputc) refers (Special) to iusefp.o(.text) for __I$use$fp
    errno.o(i.__aeabi_errno_addr) refers to errno.o(.data) for .data
    errno.o(i.__read_errno) refers to errno.o(.data) for .data
    errno.o(i.__set_errno) refers to errno.o(.data) for .data
    entry2.o(.ARM.Collect$$$$00000001) refers to entry2.o(.ARM.Collect$$$$00002712) for __lit__00000000
    entry2.o(.ARM.Collect$$$$00002712) refers to startup_tm4c123.o(STACK) for __initial_sp
    entry2.o(__vectab_stack_and_reset_area) refers to startup_tm4c123.o(STACK) for __initial_sp
    entry2.o(__vectab_stack_and_reset_area) refers to entry.o(.ARM.Collect$$$$00000000) for __main
    entry5.o(.ARM.Collect$$$$00000004) refers to init.o(.text) for __scatterload
    entry9a.o(.ARM.Collect$$$$0000000B) refers to main.o(.text) for main
    entry9b.o(.ARM.Collect$$$$0000000C) refers to main.o(.text) for main
    uldiv.o(.text) refers to llushr.o(.text) for __aeabi_llsr
    uldiv.o(.text) refers to llshl.o(.text) for __aeabi_llsl
    dadd.o(.text) refers to llshl.o(.text) for __aeabi_llsl
    dadd.o(.text) refers to llsshr.o(.text) for __aeabi_lasr
    dadd.o(.text) refers to depilogue.o(.text) for _double_epilogue
    dmul.o(.text) refers to depilogue.o(.text) for _double_epilogue
    ddiv.o(.text) refers to depilogue.o(.text) for _double_round
    dfixul.o(.text) refers to llushr.o(.text) for __aeabi_llsr
    dfixul.o(.text) refers to llshl.o(.text) for __aeabi_llsl
    init.o(.text) refers to entry5.o(.ARM.Collect$$$$00000004) for __main_after_scatterload
    depilogue.o(.text) refers to llshl.o(.text) for __aeabi_llsl
    depilogue.o(.text) refers to llushr.o(.text) for __aeabi_llsr


==============================================================================

Removing Unused input sections from the image.

    Removing main.o(.rev16_text), (4 bytes).
    Removing main.o(.revsh_text), (4 bytes).
    Removing gpio_port.o(.rev16_text), (4 bytes).
    Removing gpio_port.o(.revsh_text), (4 bytes).
    Removing gpio_port.o(.text), (228 bytes).
    Removing startup_tm4c123.o(HEAP), (0 bytes).
    Removing system_tm4c123.o(.rev16_text), (4 bytes).
    Removing system_tm4c123.o(.revsh_text), (4 bytes).
    Removing board_setup.o(.rev16_text), (4 bytes).
    Removing board_setup.o(.revsh_text), (4 bytes).
    Removing gpio_port.o(.rev16_text), (4 bytes).
    Removing gpio_port.o(.revsh_text), (4 bytes).
    Removing uart.o(.rev16_text), (4 bytes).
    Removing uart.o(.revsh_text), (4 bytes).
    Removing dadd.o(.text), (334 bytes).
    Removing dmul.o(.text), (228 bytes).
    Removing ddiv.o(.text), (222 bytes).
    Removing dfixul.o(.text), (48 bytes).
    Removing cdrcmple.o(.text), (48 bytes).
    Removing depilogue.o(.text), (186 bytes).

20 unused section(s) (total 1342 bytes) removed from the image.

==============================================================================

Image Symbol Table

    Local Symbols

    Symbol Name                              Value     Ov Type        Size  Object(Section)

    RESET                                    0x00000000   Section      620  startup_tm4c123.o(RESET)
    ../clib/microlib/division.c              0x00000000   Number         0  uldiv.o ABSOLUTE
    ../clib/microlib/division.c              0x00000000   Number         0  uidiv.o ABSOLUTE
    ../clib/microlib/errno.c                 0x00000000   Number         0  errno.o ABSOLUTE
    ../clib/microlib/init/entry.s            0x00000000   Number         0  entry7b.o ABSOLUTE
    ../clib/microlib/init/entry.s            0x00000000   Number         0  entry10a.o ABSOLUTE
    ../clib/microlib/init/entry.s            0x00000000   Number         0  entry9b.o ABSOLUTE
    ../clib/microlib/init/entry.s            0x00000000   Number         0  entry.o ABSOLUTE
    ../clib/microlib/init/entry.s            0x00000000   Number         0  entry7a.o ABSOLUTE
    ../clib/microlib/init/entry.s            0x00000000   Number         0  entry11a.o ABSOLUTE
    ../clib/microlib/init/entry.s            0x00000000   Number         0  entry11b.o ABSOLUTE
    ../clib/microlib/init/entry.s            0x00000000   Number         0  entry9a.o ABSOLUTE
    ../clib/microlib/init/entry.s            0x00000000   Number         0  entry8b.o ABSOLUTE
    ../clib/microlib/init/entry.s            0x00000000   Number         0  entry2.o ABSOLUTE
    ../clib/microlib/init/entry.s            0x00000000   Number         0  entry10b.o ABSOLUTE
    ../clib/microlib/init/entry.s            0x00000000   Number         0  entry8a.o ABSOLUTE
    ../clib/microlib/init/entry.s            0x00000000   Number         0  entry5.o ABSOLUTE
    ../clib/microlib/longlong.c              0x00000000   Number         0  llshl.o ABSOLUTE
    ../clib/microlib/longlong.c              0x00000000   Number         0  llushr.o ABSOLUTE
    ../clib/microlib/longlong.c              0x00000000   Number         0  llsshr.o ABSOLUTE
    ../clib/microlib/printf/printf.c         0x00000000   Number         0  printf6.o ABSOLUTE
    ../clib/microlib/printf/printf.c         0x00000000   Number         0  printf3.o ABSOLUTE
    ../clib/microlib/printf/printf.c         0x00000000   Number         0  printf2.o ABSOLUTE
    ../clib/microlib/printf/printf.c         0x00000000   Number         0  printfb.o ABSOLUTE
    ../clib/microlib/printf/printf.c         0x00000000   Number         0  printf1.o ABSOLUTE
    ../clib/microlib/printf/printf.c         0x00000000   Number         0  printf0.o ABSOLUTE
    ../clib/microlib/printf/printf.c         0x00000000   Number         0  printf8.o ABSOLUTE
    ../clib/microlib/printf/printf.c         0x00000000   Number         0  printf7.o ABSOLUTE
    ../clib/microlib/printf/printf.c         0x00000000   Number         0  printfa.o ABSOLUTE
    ../clib/microlib/printf/printf.c         0x00000000   Number         0  printf4.o ABSOLUTE
    ../clib/microlib/printf/printf.c         0x00000000   Number         0  printf5.o ABSOLUTE
    ../clib/microlib/stdio/streams.c         0x00000000   Number         0  stdout.o ABSOLUTE
    ../clib/microlib/stdio/streams.c         0x00000000   Number         0  stdin.o ABSOLUTE
    ../clib/microlib/stubs.s                 0x00000000   Number         0  iusefp.o ABSOLUTE
    ../fplib/microlib/fpadd.c                0x00000000   Number         0  dadd.o ABSOLUTE
    ../fplib/microlib/fpdiv.c                0x00000000   Number         0  ddiv.o ABSOLUTE
    ../fplib/microlib/fpepilogue.c           0x00000000   Number         0  depilogue.o ABSOLUTE
    ../fplib/microlib/fpfix.c                0x00000000   Number         0  dfixul.o ABSOLUTE
    ../fplib/microlib/fpmul.c                0x00000000   Number         0  dmul.o ABSOLUTE
    ..\\drivers\\gpio_port.c                 0x00000000   Number         0  gpio_port.o ABSOLUTE
    ..\\staff_drivers\\gpio_port.c           0x00000000   Number         0  gpio_port.o ABSOLUTE
    ..\\staff_drivers\\uart.c                0x00000000   Number         0  uart.o ABSOLUTE
    ..\drivers\gpio_port.c                   0x00000000   Number         0  gpio_port.o ABSOLUTE
    ..\staff_drivers\gpio_port.c             0x00000000   Number         0  gpio_port.o ABSOLUTE
    ..\staff_drivers\pc_buffer.c             0x00000000   Number         0  pc_buffer.o ABSOLUTE
    ..\staff_drivers\uart.c                  0x00000000   Number         0  uart.o ABSOLUTE
    RTE\Device\TM4C123GH6PM\startup_TM4C123.s 0x00000000   Number         0  startup_tm4c123.o ABSOLUTE
    RTE\Device\TM4C123GH6PM\system_TM4C123.c 0x00000000   Number         0  system_tm4c123.o ABSOLUTE
    RTE\\Device\\TM4C123GH6PM\\system_TM4C123.c 0x00000000   Number         0  system_tm4c123.o ABSOLUTE
    board_setup.c                            0x00000000   Number         0  board_setup.o ABSOLUTE
    board_setup.c                            0x00000000   Number         0  board_setup.o ABSOLUTE
    cdrcmple.s                               0x00000000   Number         0  cdrcmple.o ABSOLUTE
    dc.s                                     0x00000000   Number         0  dc.o ABSOLUTE
    handlers.s                               0x00000000   Number         0  handlers.o ABSOLUTE
    init.s                                   0x00000000   Number         0  init.o ABSOLUTE
    main.c                                   0x00000000   Number         0  main.o ABSOLUTE
    main.c                                   0x00000000   Number         0  main.o ABSOLUTE
    .ARM.Collect$$$$00000000                 0x0000026c   Section        0  entry.o(.ARM.Collect$$$$00000000)
    .ARM.Collect$$$$00000001                 0x0000026c   Section        4  entry2.o(.ARM.Collect$$$$00000001)
    .ARM.Collect$$$$00000004                 0x00000270   Section        4  entry5.o(.ARM.Collect$$$$00000004)
    .ARM.Collect$$$$00000008                 0x00000274   Section        0  entry7b.o(.ARM.Collect$$$$00000008)
    .ARM.Collect$$$$0000000A                 0x00000274   Section        0  entry8b.o(.ARM.Collect$$$$0000000A)
    .ARM.Collect$$$$0000000B                 0x00000274   Section        8  entry9a.o(.ARM.Collect$$$$0000000B)
    .ARM.Collect$$$$0000000D                 0x0000027c   Section        0  entry10a.o(.ARM.Collect$$$$0000000D)
    .ARM.Collect$$$$0000000F                 0x0000027c   Section        0  entry11a.o(.ARM.Collect$$$$0000000F)
    .ARM.Collect$$$$00002712                 0x0000027c   Section        4  entry2.o(.ARM.Collect$$$$00002712)
    __lit__00000000                          0x0000027c   Data           4  entry2.o(.ARM.Collect$$$$00002712)
    .text                                    0x00000280   Section        0  main.o(.text)
    .text                                    0x000003d8   Section      252  startup_tm4c123.o(.text)
    $v0                                      0x000003d8   Number         0  startup_tm4c123.o(.text)
    .text                                    0x000004d4   Section        0  system_tm4c123.o(.text)
    getOscClk                                0x000004d5   Thumb Code   182  system_tm4c123.o(.text)
    .text                                    0x00000724   Section        0  board_setup.o(.text)
    .text                                    0x00000798   Section        0  gpio_port.o(.text)
    ece353_staff_verify_base_addr            0x00000799   Thumb Code    64  gpio_port.o(.text)
    .text                                    0x000009c8   Section        0  pc_buffer.o(.text)
    .text                                    0x00000a34   Section        0  uart.o(.text)
    .text                                    0x00000d30   Section       36  init.o(.text)
    i.__0printf$bare                         0x00000d54   Section        0  printfb.o(i.__0printf$bare)
    i.__aeabi_errno_addr                     0x00000d64   Section        0  errno.o(i.__aeabi_errno_addr)
    i.__scatterload_copy                     0x00000d6c   Section       14  handlers.o(i.__scatterload_copy)
    i.__scatterload_null                     0x00000d7a   Section        2  handlers.o(i.__scatterload_null)
    i.__scatterload_zeroinit                 0x00000d7c   Section       14  handlers.o(i.__scatterload_zeroinit)
    i._printf_core                           0x00000d8a   Section        0  printfb.o(i._printf_core)
    _printf_core                             0x00000d8b   Thumb Code    34  printfb.o(i._printf_core)
    .data                                    0x20000000   Section        4  system_tm4c123.o(.data)
    .data                                    0x20000004   Section        4  stdin.o(.data)
    .data                                    0x20000008   Section        4  stdout.o(.data)
    .data                                    0x2000000c   Section        4  errno.o(.data)
    _errno                                   0x2000000c   Data           4  errno.o(.data)
    .bss                                     0x20000010   Section      192  board_setup.o(.bss)
    STACK                                    0x200000d0   Section     4096  startup_tm4c123.o(STACK)

    Global Symbols

    Symbol Name                              Value     Ov Type        Size  Object(Section)

    BuildAttributes$$THM_ISAv4$E$P$D$K$B$S$7EM$VFPi3$EXTD16$VFPS$VFMA$PE$A:L22UL41UL21$X:L11$S22US41US21$IEEE1$IW$USESV6$~STKCKD$USESV7$~SHL$OSPACE$ROPI$EBA8$MICROLIB$REQ8$PRES8$EABIv2 0x00000000   Number         0  anon$$obj.o ABSOLUTE
    __ARM_use_no_argv                        0x00000000   Number         0  main.o ABSOLUTE
    __Vectors                                0x00000000   Data           4  startup_tm4c123.o(RESET)
    __cpp_initialize__aeabi_                  - Undefined Weak Reference
    __cxa_finalize                            - Undefined Weak Reference
    __decompress                              - Undefined Weak Reference
    _clock_init                               - Undefined Weak Reference
    _microlib_exit                            - Undefined Weak Reference
    __Vectors_End                            0x0000026c   Data           0  startup_tm4c123.o(RESET)
    __Vectors_Size                           0x0000026c   Number         0  startup_tm4c123.o ABSOLUTE
    __main                                   0x0000026d   Thumb Code     0  entry.o(.ARM.Collect$$$$00000000)
    _main_stk                                0x0000026d   Thumb Code     0  entry2.o(.ARM.Collect$$$$00000001)
    _main_scatterload                        0x00000271   Thumb Code     0  entry5.o(.ARM.Collect$$$$00000004)
    __main_after_scatterload                 0x00000275   Thumb Code     0  entry5.o(.ARM.Collect$$$$00000004)
    _main_clock                              0x00000275   Thumb Code     0  entry7b.o(.ARM.Collect$$$$00000008)
    _main_cpp_init                           0x00000275   Thumb Code     0  entry8b.o(.ARM.Collect$$$$0000000A)
    _main_init                               0x00000275   Thumb Code     0  entry9a.o(.ARM.Collect$$$$0000000B)
    __rt_final_cpp                           0x0000027d   Thumb Code     0  entry10a.o(.ARM.Collect$$$$0000000D)
    __rt_final_exit                          0x0000027d   Thumb Code     0  entry11a.o(.ARM.Collect$$$$0000000F)
    print_buttons                            0x00000281   Thumb Code    86  main.o(.text)
    main                                     0x000002d7   Thumb Code    26  main.o(.text)
    Reset_Handler                            0x000003d9   Thumb Code     8  startup_tm4c123.o(.text)
    NMI_Handler                              0x000003e1   Thumb Code     2  startup_tm4c123.o(.text)
    HardFault_Handler                        0x000003e3   Thumb Code     2  startup_tm4c123.o(.text)
    MemManage_Handler                        0x000003e5   Thumb Code     2  startup_tm4c123.o(.text)
    BusFault_Handler                         0x000003e7   Thumb Code     2  startup_tm4c123.o(.text)
    UsageFault_Handler                       0x000003e9   Thumb Code     2  startup_tm4c123.o(.text)
    SVC_Handler                              0x000003eb   Thumb Code     2  startup_tm4c123.o(.text)
    DebugMon_Handler                         0x000003ed   Thumb Code     2  startup_tm4c123.o(.text)
    PendSV_Handler                           0x000003ef   Thumb Code     2  startup_tm4c123.o(.text)
    SysTick_Handler                          0x000003f1   Thumb Code     2  startup_tm4c123.o(.text)
    GPIOA_Handler                            0x000003f3   Thumb Code     2  startup_tm4c123.o(.text)
    GPIOB_Handler                            0x000003f5   Thumb Code     2  startup_tm4c123.o(.text)
    GPIOC_Handler                            0x000003f7   Thumb Code     2  startup_tm4c123.o(.text)
    GPIOD_Handler                            0x000003f9   Thumb Code     2  startup_tm4c123.o(.text)
    GPIOE_Handler                            0x000003fb   Thumb Code     2  startup_tm4c123.o(.text)
    UART1_Handler                            0x000003ff   Thumb Code     2  startup_tm4c123.o(.text)
    SSI0_Handler                             0x00000401   Thumb Code     2  startup_tm4c123.o(.text)
    I2C0_Handler                             0x00000403   Thumb Code     2  startup_tm4c123.o(.text)
    PMW0_FAULT_Handler                       0x00000405   Thumb Code     2  startup_tm4c123.o(.text)
    PWM0_0_Handler                           0x00000407   Thumb Code     2  startup_tm4c123.o(.text)
    PWM0_1_Handler                           0x00000409   Thumb Code     2  startup_tm4c123.o(.text)
    PWM0_2_Handler                           0x0000040b   Thumb Code     2  startup_tm4c123.o(.text)
    QEI0_Handler                             0x0000040d   Thumb Code     2  startup_tm4c123.o(.text)
    ADC0SS0_Handler                          0x0000040f   Thumb Code     2  startup_tm4c123.o(.text)
    ADC0SS1_Handler                          0x00000411   Thumb Code     2  startup_tm4c123.o(.text)
    ADC0SS2_Handler                          0x00000413   Thumb Code     2  startup_tm4c123.o(.text)
    ADC0SS3_Handler                          0x00000415   Thumb Code     2  startup_tm4c123.o(.text)
    WDT0_Handler                             0x00000417   Thumb Code     2  startup_tm4c123.o(.text)
    TIMER0A_Handler                          0x00000419   Thumb Code     2  startup_tm4c123.o(.text)
    TIMER0B_Handler                          0x0000041b   Thumb Code     2  startup_tm4c123.o(.text)
    TIMER1A_Handler                          0x0000041d   Thumb Code     2  startup_tm4c123.o(.text)
    TIMER1B_Handler                          0x0000041f   Thumb Code     2  startup_tm4c123.o(.text)
    TIMER2A_Handler                          0x00000421   Thumb Code     2  startup_tm4c123.o(.text)
    TIMER2B_Handler                          0x00000423   Thumb Code     2  startup_tm4c123.o(.text)
    COMP0_Handler                            0x00000425   Thumb Code     2  startup_tm4c123.o(.text)
    COMP1_Handler                            0x00000427   Thumb Code     2  startup_tm4c123.o(.text)
    COMP2_Handler                            0x00000429   Thumb Code     2  startup_tm4c123.o(.text)
    SYSCTL_Handler                           0x0000042b   Thumb Code     2  startup_tm4c123.o(.text)
    FLASH_Handler                            0x0000042d   Thumb Code     2  startup_tm4c123.o(.text)
    GPIOF_Handler                            0x0000042f   Thumb Code     2  startup_tm4c123.o(.text)
    GPIOG_Handler                            0x00000431   Thumb Code     2  startup_tm4c123.o(.text)
    GPIOH_Handler                            0x00000433   Thumb Code     2  startup_tm4c123.o(.text)
    UART2_Handler                            0x00000435   Thumb Code     2  startup_tm4c123.o(.text)
    SSI1_Handler                             0x00000437   Thumb Code     2  startup_tm4c123.o(.text)
    TIMER3A_Handler                          0x00000439   Thumb Code     2  startup_tm4c123.o(.text)
    TIMER3B_Handler                          0x0000043b   Thumb Code     2  startup_tm4c123.o(.text)
    I2C1_Handler                             0x0000043d   Thumb Code     2  startup_tm4c123.o(.text)
    QEI1_Handler                             0x0000043f   Thumb Code     2  startup_tm4c123.o(.text)
    CAN0_Handler                             0x00000441   Thumb Code     2  startup_tm4c123.o(.text)
    CAN1_Handler                             0x00000443   Thumb Code     2  startup_tm4c123.o(.text)
    CAN2_Handler                             0x00000445   Thumb Code     2  startup_tm4c123.o(.text)
    HIB_Handler                              0x00000447   Thumb Code     2  startup_tm4c123.o(.text)
    USB0_Handler                             0x00000449   Thumb Code     2  startup_tm4c123.o(.text)
    PWM0_3_Handler                           0x0000044b   Thumb Code     2  startup_tm4c123.o(.text)
    UDMA_Handler                             0x0000044d   Thumb Code     2  startup_tm4c123.o(.text)
    UDMAERR_Handler                          0x0000044f   Thumb Code     2  startup_tm4c123.o(.text)
    ADC1SS0_Handler                          0x00000451   Thumb Code     2  startup_tm4c123.o(.text)
    ADC1SS1_Handler                          0x00000453   Thumb Code     2  startup_tm4c123.o(.text)
    ADC1SS2_Handler                          0x00000455   Thumb Code     2  startup_tm4c123.o(.text)
    ADC1SS3_Handler                          0x00000457   Thumb Code     2  startup_tm4c123.o(.text)
    GPIOJ_Handler                            0x00000459   Thumb Code     2  startup_tm4c123.o(.text)
    GPIOK_Handler                            0x0000045b   Thumb Code     2  startup_tm4c123.o(.text)
    GPIOL_Handler                            0x0000045d   Thumb Code     2  startup_tm4c123.o(.text)
    SSI2_Handler                             0x0000045f   Thumb Code     2  startup_tm4c123.o(.text)
    SSI3_Handler                             0x00000461   Thumb Code     2  startup_tm4c123.o(.text)
    UART3_Handler                            0x00000463   Thumb Code     2  startup_tm4c123.o(.text)
    UART4_Handler                            0x00000465   Thumb Code     2  startup_tm4c123.o(.text)
    UART5_Handler                            0x00000467   Thumb Code     2  startup_tm4c123.o(.text)
    UART6_Handler                            0x00000469   Thumb Code     2  startup_tm4c123.o(.text)
    UART7_Handler                            0x0000046b   Thumb Code     2  startup_tm4c123.o(.text)
    I2C2_Handler                             0x0000046d   Thumb Code     2  startup_tm4c123.o(.text)
    I2C3_Handler                             0x0000046f   Thumb Code     2  startup_tm4c123.o(.text)
    TIMER4A_Handler                          0x00000471   Thumb Code     2  startup_tm4c123.o(.text)
    TIMER4B_Handler                          0x00000473   Thumb Code     2  startup_tm4c123.o(.text)
    TIMER5A_Handler                          0x00000475   Thumb Code     2  startup_tm4c123.o(.text)
    TIMER5B_Handler                          0x00000477   Thumb Code     2  startup_tm4c123.o(.text)
    WTIMER0A_Handler                         0x00000479   Thumb Code     2  startup_tm4c123.o(.text)
    WTIMER0B_Handler                         0x0000047b   Thumb Code     2  startup_tm4c123.o(.text)
    WTIMER1A_Handler                         0x0000047d   Thumb Code     2  startup_tm4c123.o(.text)
    WTIMER1B_Handler                         0x0000047f   Thumb Code     2  startup_tm4c123.o(.text)
    WTIMER2A_Handler                         0x00000481   Thumb Code     2  startup_tm4c123.o(.text)
    WTIMER2B_Handler                         0x00000483   Thumb Code     2  startup_tm4c123.o(.text)
    WTIMER3A_Handler                         0x00000485   Thumb Code     2  startup_tm4c123.o(.text)
    WTIMER3B_Handler                         0x00000487   Thumb Code     2  startup_tm4c123.o(.text)
    WTIMER4A_Handler                         0x00000489   Thumb Code     2  startup_tm4c123.o(.text)
    WTIMER4B_Handler                         0x0000048b   Thumb Code     2  startup_tm4c123.o(.text)
    WTIMER5A_Handler                         0x0000048d   Thumb Code     2  startup_tm4c123.o(.text)
    WTIMER5B_Handler                         0x0000048f   Thumb Code     2  startup_tm4c123.o(.text)
    FPU_Handler                              0x00000491   Thumb Code     2  startup_tm4c123.o(.text)
    I2C4_Handler                             0x00000493   Thumb Code     2  startup_tm4c123.o(.text)
    I2C5_Handler                             0x00000495   Thumb Code     2  startup_tm4c123.o(.text)
    GPIOM_Handler                            0x00000497   Thumb Code     2  startup_tm4c123.o(.text)
    GPION_Handler                            0x00000499   Thumb Code     2  startup_tm4c123.o(.text)
    QEI2_Handler                             0x0000049b   Thumb Code     2  startup_tm4c123.o(.text)
    GPIOP0_Handler                           0x0000049d   Thumb Code     2  startup_tm4c123.o(.text)
    GPIOP1_Handler                           0x0000049f   Thumb Code     2  startup_tm4c123.o(.text)
    GPIOP2_Handler                           0x000004a1   Thumb Code     2  startup_tm4c123.o(.text)
    GPIOP3_Handler                           0x000004a3   Thumb Code     2  startup_tm4c123.o(.text)
    GPIOP4_Handler                           0x000004a5   Thumb Code     2  startup_tm4c123.o(.text)
    GPIOP5_Handler                           0x000004a7   Thumb Code     2  startup_tm4c123.o(.text)
    GPIOP6_Handler                           0x000004a9   Thumb Code     2  startup_tm4c123.o(.text)
    GPIOP7_Handler                           0x000004ab   Thumb Code     2  startup_tm4c123.o(.text)
    GPIOQ0_Handler                           0x000004ad   Thumb Code     2  startup_tm4c123.o(.text)
    GPIOQ1_Handler                           0x000004af   Thumb Code     2  startup_tm4c123.o(.text)
    GPIOQ2_Handler                           0x000004b1   Thumb Code     2  startup_tm4c123.o(.text)
    GPIOQ3_Handler                           0x000004b3   Thumb Code     2  startup_tm4c123.o(.text)
    GPIOQ4_Handler                           0x000004b5   Thumb Code     2  startup_tm4c123.o(.text)
    GPIOQ5_Handler                           0x000004b7   Thumb Code     2  startup_tm4c123.o(.text)
    GPIOQ6_Handler                           0x000004b9   Thumb Code     2  startup_tm4c123.o(.text)
    GPIOQ7_Handler                           0x000004bb   Thumb Code     2  startup_tm4c123.o(.text)
    GPIOR_Handler                            0x000004bd   Thumb Code     2  startup_tm4c123.o(.text)
    GPIOS_Handler                            0x000004bf   Thumb Code     2  startup_tm4c123.o(.text)
    PMW1_0_Handler                           0x000004c1   Thumb Code     2  startup_tm4c123.o(.text)
    PWM1_1_Handler                           0x000004c3   Thumb Code     2  startup_tm4c123.o(.text)
    PWM1_2_Handler                           0x000004c5   Thumb Code     2  startup_tm4c123.o(.text)
    PWM1_3_Handler                           0x000004c7   Thumb Code     2  startup_tm4c123.o(.text)
    PWM1_FAULT_Handler                       0x000004c9   Thumb Code     2  startup_tm4c123.o(.text)
    SystemCoreClockUpdate                    0x0000058b   Thumb Code   184  system_tm4c123.o(.text)
    SystemInit                               0x00000643   Thumb Code   112  system_tm4c123.o(.text)
    DisableInterrupts                        0x00000725   Thumb Code     4  board_setup.o(.text)
    EnableInterrupts                         0x00000729   Thumb Code     4  board_setup.o(.text)
    uart0_config_gpio                        0x0000072d   Thumb Code    42  board_setup.o(.text)
    serialDebugInit                          0x00000757   Thumb Code    44  board_setup.o(.text)
    ece353_staff_gpio_enable_port            0x000007d9   Thumb Code   156  gpio_port.o(.text)
    ece353_staff_gpio_config_digital_enable  0x00000875   Thumb Code    34  gpio_port.o(.text)
    ece353_staff_gpio_config_enable_output   0x00000897   Thumb Code    34  gpio_port.o(.text)
    ece353_staff_gpio_config_enable_input    0x000008b9   Thumb Code    34  gpio_port.o(.text)
    ece353_staff_gpio_config_enable_pullup   0x000008db   Thumb Code    34  gpio_port.o(.text)
    ece353_staff_gpio_config_enable_pulldown 0x000008fd   Thumb Code    34  gpio_port.o(.text)
    ece353_staff_gpio_config_analog_enable   0x0000091f   Thumb Code    34  gpio_port.o(.text)
    ece353_staff_gpio_config_alternate_function 0x00000941   Thumb Code    34  gpio_port.o(.text)
    ece353_staff_gpio_config_port_control    0x00000963   Thumb Code    34  gpio_port.o(.text)
    ece353_staff_gpio_config_open_drain      0x00000985   Thumb Code    34  gpio_port.o(.text)
    pc_buffer_init                           0x000009c9   Thumb Code    12  pc_buffer.o(.text)
    pc_buffer_add                            0x000009d5   Thumb Code    26  pc_buffer.o(.text)
    pc_buffer_remove                         0x000009ef   Thumb Code    28  pc_buffer.o(.text)
    pc_buffer_empty                          0x00000a0b   Thumb Code    18  pc_buffer.o(.text)
    pc_buffer_full                           0x00000a1d   Thumb Code    22  pc_buffer.o(.text)
    verifyUartBase                           0x00000a35   Thumb Code    54  uart.o(.text)
    uartTxPollChar                           0x00000a6b   Thumb Code    38  uart.o(.text)
    uartTxPoll                               0x00000a91   Thumb Code    50  uart.o(.text)
    uartRxPoll                               0x00000ac3   Thumb Code    70  uart.o(.text)
    uartRx                                   0x00000b09   Thumb Code    44  uart.o(.text)
    uartTx                                   0x00000b35   Thumb Code    70  uart.o(.text)
    uart_init_115K                           0x00000b7b   Thumb Code   160  uart.o(.text)
    fputc                                    0x00000c1b   Thumb Code    44  uart.o(.text)
    fgetc                                    0x00000c47   Thumb Code    48  uart.o(.text)
    UART0_Handler                            0x00000c77   Thumb Code   148  uart.o(.text)
    __scatterload                            0x00000d31   Thumb Code    28  init.o(.text)
    __scatterload_rt2                        0x00000d31   Thumb Code     0  init.o(.text)
    __0printf$bare                           0x00000d55   Thumb Code     8  printfb.o(i.__0printf$bare)
    __1printf$bare                           0x00000d55   Thumb Code     0  printfb.o(i.__0printf$bare)
    __2printf                                0x00000d55   Thumb Code     0  printfb.o(i.__0printf$bare)
    __aeabi_errno_addr                       0x00000d65   Thumb Code     4  errno.o(i.__aeabi_errno_addr)
    __rt_errno_addr                          0x00000d65   Thumb Code     0  errno.o(i.__aeabi_errno_addr)
    __scatterload_copy                       0x00000d6d   Thumb Code    14  handlers.o(i.__scatterload_copy)
    __scatterload_null                       0x00000d7b   Thumb Code     2  handlers.o(i.__scatterload_null)
    __scatterload_zeroinit                   0x00000d7d   Thumb Code    14  handlers.o(i.__scatterload_zeroinit)
    Region$$Table$$Base                      0x00000dac   Number         0  anon$$obj.o(Region$$Table)
    Region$$Table$$Limit                     0x00000dcc   Number         0  anon$$obj.o(Region$$Table)
    SystemCoreClock                          0x20000000   Data           4  system_tm4c123.o(.data)
    __stdin                                  0x20000004   Data           4  stdin.o(.data)
    __stdout                                 0x20000008   Data           4  stdout.o(.data)
    UART0_Rx_Buffer                          0x20000010   Data          16  board_setup.o(.bss)
    UART0_Rx_Buffer_Array                    0x20000020   Data          80  board_setup.o(.bss)
    UART0_Tx_Buffer                          0x20000070   Data          16  board_setup.o(.bss)
    UART0_Tx_Buffer_Array                    0x20000080   Data          80  board_setup.o(.bss)
    __initial_sp                             0x200010d0   Data           0  startup_tm4c123.o(STACK)



==============================================================================

Memory Map of the image

  Image Entry point : 0x000003d9

  Load Region LR_1 (Base: 0x00000000, Size: 0x00000ddc, Max: 0xffffffff, ABSOLUTE)

    Execution Region ER_RO (Base: 0x00000000, Size: 0x00000dcc, Max: 0xffffffff, ABSOLUTE)

    Base Addr    Size         Type   Attr      Idx    E Section Name        Object

    0x00000000   0x0000026c   Data   RO           91    RESET               startup_tm4c123.o
    0x0000026c   0x00000000   Code   RO          214  * .ARM.Collect$$$$00000000  mc_w.l(entry.o)
    0x0000026c   0x00000004   Code   RO          486    .ARM.Collect$$$$00000001  mc_w.l(entry2.o)
    0x00000270   0x00000004   Code   RO          489    .ARM.Collect$$$$00000004  mc_w.l(entry5.o)
    0x00000274   0x00000000   Code   RO          491    .ARM.Collect$$$$00000008  mc_w.l(entry7b.o)
    0x00000274   0x00000000   Code   RO          493    .ARM.Collect$$$$0000000A  mc_w.l(entry8b.o)
    0x00000274   0x00000008   Code   RO          494    .ARM.Collect$$$$0000000B  mc_w.l(entry9a.o)
    0x0000027c   0x00000000   Code   RO          496    .ARM.Collect$$$$0000000D  mc_w.l(entry10a.o)
    0x0000027c   0x00000000   Code   RO          498    .ARM.Collect$$$$0000000F  mc_w.l(entry11a.o)
    0x0000027c   0x00000004   Code   RO          487    .ARM.Collect$$$$00002712  mc_w.l(entry2.o)
    0x00000280   0x00000158   Code   RO            3    .text               main.o
    0x000003d8   0x000000fc   Code   RO           92  * .text               startup_tm4c123.o
    0x000004d4   0x00000250   Code   RO           98    .text               system_tm4c123.o
    0x00000724   0x00000074   Code   RO          124    .text               ICE-07A-GPIO.lib(board_setup.o)
    0x00000798   0x00000230   Code   RO          159    .text               ICE-07A-GPIO.lib(gpio_port.o)
    0x000009c8   0x0000006a   Code   RO          177    .text               ICE-07A-GPIO.lib(pc_buffer.o)
    0x00000a32   0x00000002   PAD
    0x00000a34   0x000002fc   Code   RO          191    .text               ICE-07A-GPIO.lib(uart.o)
    0x00000d30   0x00000024   Code   RO          515    .text               mc_w.l(init.o)
    0x00000d54   0x00000010   Code   RO          220    i.__0printf$bare    mc_w.l(printfb.o)
    0x00000d64   0x00000008   Code   RO          479    i.__aeabi_errno_addr  mc_w.l(errno.o)
    0x00000d6c   0x0000000e   Code   RO          527    i.__scatterload_copy  mc_w.l(handlers.o)
    0x00000d7a   0x00000002   Code   RO          528    i.__scatterload_null  mc_w.l(handlers.o)
    0x00000d7c   0x0000000e   Code   RO          529    i.__scatterload_zeroinit  mc_w.l(handlers.o)
    0x00000d8a   0x00000022   Code   RO          227    i._printf_core      mc_w.l(printfb.o)
    0x00000dac   0x00000020   Data   RO          525    Region$$Table       anon$$obj.o


    Execution Region ER_RW (Base: 0x20000000, Size: 0x00000010, Max: 0xffffffff, ABSOLUTE)

    Base Addr    Size         Type   Attr      Idx    E Section Name        Object

    0x20000000   0x00000004   Data   RW           99    .data               system_tm4c123.o
    0x20000004   0x00000004   Data   RW          217    .data               mc_w.l(stdin.o)
    0x20000008   0x00000004   Data   RW          218    .data               mc_w.l(stdout.o)
    0x2000000c   0x00000004   Data   RW          482    .data               mc_w.l(errno.o)


    Execution Region ER_ZI (Base: 0x20000010, Size: 0x000010c0, Max: 0xffffffff, ABSOLUTE)

    Base Addr    Size         Type   Attr      Idx    E Section Name        Object

    0x20000010   0x000000c0   Zero   RW          125    .bss                ICE-07A-GPIO.lib(board_setup.o)
    0x200000d0   0x00001000   Zero   RW           89    STACK               startup_tm4c123.o


==============================================================================

Image component sizes


      Code (inc. data)   RO Data    RW Data    ZI Data      Debug   Object Name

       344        232          0          0          0      28801   main.o
       252         10        620          0       4096       5452   startup_tm4c123.o
       592        138          0          4          0       1565   system_tm4c123.o

    ----------------------------------------------------------------------
      1188        380        652          4       4096      35818   Object Totals
         0          0         32          0          0          0   (incl. Generated)
         0          0          0          0          0          0   (incl. Padding)

    ----------------------------------------------------------------------

      Code (inc. data)   RO Data    RW Data    ZI Data      Debug   Library Member Name

       116         22          0          0        192       2149   board_setup.o
       560         34          0          0          0       4482   gpio_port.o
       106          0          0          0          0       1819   pc_buffer.o
       764         46          0          0          0      30638   uart.o
         0          0          0          0          0          0   entry.o
         0          0          0          0          0          0   entry10a.o
         0          0          0          0          0          0   entry11a.o
         8          4          0          0          0          0   entry2.o
         4          0          0          0          0          0   entry5.o
         0          0          0          0          0          0   entry7b.o
         0          0          0          0          0          0   entry8b.o
         8          4          0          0          0          0   entry9a.o
         8          4          0          4          0         68   errno.o
        30          0          0          0          0          0   handlers.o
        36          8          0          0          0         68   init.o
        50          8          0          0          0        152   printfb.o
         0          0          0          4          0          0   stdin.o
         0          0          0          4          0          0   stdout.o

    ----------------------------------------------------------------------
      1692        130          0         12        192      39376   Library Totals
         2          0          0          0          0          0   (incl. Padding)

    ----------------------------------------------------------------------

      Code (inc. data)   RO Data    RW Data    ZI Data      Debug   Library Name

      1546        102          0          0        192      39088   ICE-07A-GPIO.lib
       144         28          0         12          0        288   mc_w.l

    ----------------------------------------------------------------------
      1692        130          0         12        192      39376   Library Totals

    ----------------------------------------------------------------------

==============================================================================


      Code (inc. data)   RO Data    RW Data    ZI Data      Debug   

      2880        510        652         16       4288      74646   Grand Totals
      2880        510        652         16       4288      74646   ELF Image Totals
      2880        510        652         16          0          0   ROM Totals

==============================================================================

    Total RO  Size (Code + RO Data)                 3532 (   3.45kB)
    Total RW  Size (RW Data + ZI Data)              4304 (   4.20kB)
    Total ROM Size (Code + RO Data + RW Data)       3548 (   3.46kB)

==============================================================================

