Product: MDK-ARM Lite 5.10
Component: ARM Compiler 5.04 update 1 (build 49)
Tool: armlink [5040049]

==============================================================================

Section Cross References

    main.o(.text) refers to board_setup.o(.text) for DisableInterrupts
    main.o(.text) refers to board_setup.o(.text) for rfInit
    main.o(.text) refers to printf3.o(i.__0printf$3) for __2printf
    main.o(.text) refers to wireless.o(.text) for wireless_configure_device
    main.o(.text) refers to main.o(.data) for myID
    main.o(.text) refers to interrupts.o(.data) for AlertOneSec
    board_setup.o(.text) refers to wireless.o(.text) for wireless_set_pin_config
    board_setup.o(.text) refers to gpio_port.o(.text) for gpio_enable_port
    board_setup.o(.text) refers to spi.o(.text) for initialize_spi
    interrupts.o(.text) refers to interrupts.o(.data) for count
    wireless.o(.text) refers to spi.o(.text) for spiTx
    wireless.o(.text) refers to wireless.o(.bss) for wirelessPinConfig
    wireless.o(.text) refers to printf3.o(i.__0printf$3) for __2printf
    startup_tm4c123.o(RESET) refers to startup_tm4c123.o(STACK) for __initial_sp
    startup_tm4c123.o(RESET) refers to startup_tm4c123.o(.text) for Reset_Handler
    startup_tm4c123.o(RESET) refers to interrupts.o(.text) for SysTick_Handler
    startup_tm4c123.o(RESET) refers to uart.o(.text) for UART0_Handler
    startup_tm4c123.o(.text) refers to system_tm4c123.o(.text) for SystemInit
    startup_tm4c123.o(.text) refers to entry.o(.ARM.Collect$$$$00000000) for __main
    system_tm4c123.o(.text) refers to system_tm4c123.o(.data) for SystemCoreClock
    board_setup.o(.text) refers to gpio_port.o(.text) for gpio_enable_port
    board_setup.o(.text) refers to pc_buffer.o(.text) for pc_buffer_init
    board_setup.o(.text) refers to uart.o(.text) for uart_init_115K
    board_setup.o(.text) refers to printf3.o(i.__0printf$3) for __2printf
    board_setup.o(.text) refers to board_setup.o(.bss) for UART0_Rx_Buffer
    pc_buffer.o(.text) refers to malloc.o(i.malloc) for malloc
    uart.o(.text) refers to pc_buffer.o(.text) for pc_buffer_empty
    uart.o(.text) refers to board_setup.o(.text) for DisableInterrupts
    uart.o(.text) refers to errno.o(i.__aeabi_errno_addr) for __aeabi_errno_addr
    uart.o(.text) refers to board_setup.o(.bss) for UART0_Rx_Buffer
    uart.o(.text) refers to stdout.o(.data) for __stdout
    uart.o(.text) refers to stdin.o(.data) for __stdin
    entry.o(.ARM.Collect$$$$00000000) refers (Special) to entry10a.o(.ARM.Collect$$$$0000000D) for __rt_final_cpp
    entry.o(.ARM.Collect$$$$00000000) refers (Special) to entry11a.o(.ARM.Collect$$$$0000000F) for __rt_final_exit
    entry.o(.ARM.Collect$$$$00000000) refers (Special) to entry7b.o(.ARM.Collect$$$$00000008) for _main_clock
    entry.o(.ARM.Collect$$$$00000000) refers (Special) to entry8b.o(.ARM.Collect$$$$0000000A) for _main_cpp_init
    entry.o(.ARM.Collect$$$$00000000) refers (Special) to entry9a.o(.ARM.Collect$$$$0000000B) for _main_init
    entry.o(.ARM.Collect$$$$00000000) refers (Special) to entry5.o(.ARM.Collect$$$$00000004) for _main_scatterload
    entry.o(.ARM.Collect$$$$00000000) refers (Special) to entry2.o(.ARM.Collect$$$$00000001) for _main_stk
    printfb.o(i.__0fprintf$bare) refers to printfb.o(i._printf_core) for _printf_core
    printfb.o(i.__0fprintf$bare) refers to uart.o(.text) for fputc
    printfb.o(i.__0printf$bare) refers to printfb.o(i._printf_core) for _printf_core
    printfb.o(i.__0printf$bare) refers to uart.o(.text) for fputc
    printfb.o(i.__0printf$bare) refers to stdout.o(.data) for __stdout
    printfb.o(i.__0snprintf$bare) refers to printfb.o(i._printf_core) for _printf_core
    printfb.o(i.__0snprintf$bare) refers to printfb.o(i._snputc) for _snputc
    printfb.o(i.__0sprintf$bare) refers to printfb.o(i._printf_core) for _printf_core
    printfb.o(i.__0sprintf$bare) refers to printfb.o(i._sputc) for _sputc
    printfb.o(i.__0vfprintf$bare) refers to printfb.o(i._printf_core) for _printf_core
    printfb.o(i.__0vfprintf$bare) refers to uart.o(.text) for fputc
    printfb.o(i.__0vprintf$bare) refers to printfb.o(i._printf_core) for _printf_core
    printfb.o(i.__0vprintf$bare) refers to uart.o(.text) for fputc
    printfb.o(i.__0vprintf$bare) refers to stdout.o(.data) for __stdout
    printfb.o(i.__0vsnprintf$bare) refers to printfb.o(i._printf_core) for _printf_core
    printfb.o(i.__0vsnprintf$bare) refers to printfb.o(i._snputc) for _snputc
    printfb.o(i.__0vsprintf$bare) refers to printfb.o(i._printf_core) for _printf_core
    printfb.o(i.__0vsprintf$bare) refers to printfb.o(i._sputc) for _sputc
    printf0.o(i.__0fprintf$0) refers to printf0.o(i._printf_core) for _printf_core
    printf0.o(i.__0fprintf$0) refers to uart.o(.text) for fputc
    printf0.o(i.__0printf$0) refers to printf0.o(i._printf_core) for _printf_core
    printf0.o(i.__0printf$0) refers to uart.o(.text) for fputc
    printf0.o(i.__0printf$0) refers to stdout.o(.data) for __stdout
    printf0.o(i.__0snprintf$0) refers to printf0.o(i._printf_core) for _printf_core
    printf0.o(i.__0snprintf$0) refers to printf0.o(i._snputc) for _snputc
    printf0.o(i.__0sprintf$0) refers to printf0.o(i._printf_core) for _printf_core
    printf0.o(i.__0sprintf$0) refers to printf0.o(i._sputc) for _sputc
    printf0.o(i.__0vfprintf$0) refers to printf0.o(i._printf_core) for _printf_core
    printf0.o(i.__0vfprintf$0) refers to uart.o(.text) for fputc
    printf0.o(i.__0vprintf$0) refers to printf0.o(i._printf_core) for _printf_core
    printf0.o(i.__0vprintf$0) refers to uart.o(.text) for fputc
    printf0.o(i.__0vprintf$0) refers to stdout.o(.data) for __stdout
    printf0.o(i.__0vsnprintf$0) refers to printf0.o(i._printf_core) for _printf_core
    printf0.o(i.__0vsnprintf$0) refers to printf0.o(i._snputc) for _snputc
    printf0.o(i.__0vsprintf$0) refers to printf0.o(i._printf_core) for _printf_core
    printf0.o(i.__0vsprintf$0) refers to printf0.o(i._sputc) for _sputc
    printf1.o(i.__0fprintf$1) refers to printf1.o(i._printf_core) for _printf_core
    printf1.o(i.__0fprintf$1) refers to uart.o(.text) for fputc
    printf1.o(i.__0printf$1) refers to printf1.o(i._printf_core) for _printf_core
    printf1.o(i.__0printf$1) refers to uart.o(.text) for fputc
    printf1.o(i.__0printf$1) refers to stdout.o(.data) for __stdout
    printf1.o(i.__0snprintf$1) refers to printf1.o(i._printf_core) for _printf_core
    printf1.o(i.__0snprintf$1) refers to printf1.o(i._snputc) for _snputc
    printf1.o(i.__0sprintf$1) refers to printf1.o(i._printf_core) for _printf_core
    printf1.o(i.__0sprintf$1) refers to printf1.o(i._sputc) for _sputc
    printf1.o(i.__0vfprintf$1) refers to printf1.o(i._printf_core) for _printf_core
    printf1.o(i.__0vfprintf$1) refers to uart.o(.text) for fputc
    printf1.o(i.__0vprintf$1) refers to printf1.o(i._printf_core) for _printf_core
    printf1.o(i.__0vprintf$1) refers to uart.o(.text) for fputc
    printf1.o(i.__0vprintf$1) refers to stdout.o(.data) for __stdout
    printf1.o(i.__0vsnprintf$1) refers to printf1.o(i._printf_core) for _printf_core
    printf1.o(i.__0vsnprintf$1) refers to printf1.o(i._snputc) for _snputc
    printf1.o(i.__0vsprintf$1) refers to printf1.o(i._printf_core) for _printf_core
    printf1.o(i.__0vsprintf$1) refers to printf1.o(i._sputc) for _sputc
    printf1.o(i._printf_core) refers to uidiv.o(.text) for __aeabi_uidivmod
    printf2.o(i.__0fprintf$2) refers to printf2.o(i._printf_core) for _printf_core
    printf2.o(i.__0fprintf$2) refers to uart.o(.text) for fputc
    printf2.o(i.__0printf$2) refers to printf2.o(i._printf_core) for _printf_core
    printf2.o(i.__0printf$2) refers to uart.o(.text) for fputc
    printf2.o(i.__0printf$2) refers to stdout.o(.data) for __stdout
    printf2.o(i.__0snprintf$2) refers to printf2.o(i._printf_core) for _printf_core
    printf2.o(i.__0snprintf$2) refers to printf2.o(i._snputc) for _snputc
    printf2.o(i.__0sprintf$2) refers to printf2.o(i._printf_core) for _printf_core
    printf2.o(i.__0sprintf$2) refers to printf2.o(i._sputc) for _sputc
    printf2.o(i.__0vfprintf$2) refers to printf2.o(i._printf_core) for _printf_core
    printf2.o(i.__0vfprintf$2) refers to uart.o(.text) for fputc
    printf2.o(i.__0vprintf$2) refers to printf2.o(i._printf_core) for _printf_core
    printf2.o(i.__0vprintf$2) refers to uart.o(.text) for fputc
    printf2.o(i.__0vprintf$2) refers to stdout.o(.data) for __stdout
    printf2.o(i.__0vsnprintf$2) refers to printf2.o(i._printf_core) for _printf_core
    printf2.o(i.__0vsnprintf$2) refers to printf2.o(i._snputc) for _snputc
    printf2.o(i.__0vsprintf$2) refers to printf2.o(i._printf_core) for _printf_core
    printf2.o(i.__0vsprintf$2) refers to printf2.o(i._sputc) for _sputc
    printf3.o(i.__0fprintf$3) refers to printf3.o(i._printf_core) for _printf_core
    printf3.o(i.__0fprintf$3) refers to uart.o(.text) for fputc
    printf3.o(i.__0printf$3) refers to printf3.o(i._printf_core) for _printf_core
    printf3.o(i.__0printf$3) refers to uart.o(.text) for fputc
    printf3.o(i.__0printf$3) refers to stdout.o(.data) for __stdout
    printf3.o(i.__0snprintf$3) refers to printf3.o(i._printf_core) for _printf_core
    printf3.o(i.__0snprintf$3) refers to printf3.o(i._snputc) for _snputc
    printf3.o(i.__0sprintf$3) refers to printf3.o(i._printf_core) for _printf_core
    printf3.o(i.__0sprintf$3) refers to printf3.o(i._sputc) for _sputc
    printf3.o(i.__0vfprintf$3) refers to printf3.o(i._printf_core) for _printf_core
    printf3.o(i.__0vfprintf$3) refers to uart.o(.text) for fputc
    printf3.o(i.__0vprintf$3) refers to printf3.o(i._printf_core) for _printf_core
    printf3.o(i.__0vprintf$3) refers to uart.o(.text) for fputc
    printf3.o(i.__0vprintf$3) refers to stdout.o(.data) for __stdout
    printf3.o(i.__0vsnprintf$3) refers to printf3.o(i._printf_core) for _printf_core
    printf3.o(i.__0vsnprintf$3) refers to printf3.o(i._snputc) for _snputc
    printf3.o(i.__0vsprintf$3) refers to printf3.o(i._printf_core) for _printf_core
    printf3.o(i.__0vsprintf$3) refers to printf3.o(i._sputc) for _sputc
    printf3.o(i._printf_core) refers to uidiv.o(.text) for __aeabi_uidivmod
    printf4.o(i.__0fprintf$4) refers to printf4.o(i._printf_core) for _printf_core
    printf4.o(i.__0fprintf$4) refers to uart.o(.text) for fputc
    printf4.o(i.__0printf$4) refers to printf4.o(i._printf_core) for _printf_core
    printf4.o(i.__0printf$4) refers to uart.o(.text) for fputc
    printf4.o(i.__0printf$4) refers to stdout.o(.data) for __stdout
    printf4.o(i.__0snprintf$4) refers to printf4.o(i._printf_core) for _printf_core
    printf4.o(i.__0snprintf$4) refers to printf4.o(i._snputc) for _snputc
    printf4.o(i.__0sprintf$4) refers to printf4.o(i._printf_core) for _printf_core
    printf4.o(i.__0sprintf$4) refers to printf4.o(i._sputc) for _sputc
    printf4.o(i.__0vfprintf$4) refers to printf4.o(i._printf_core) for _printf_core
    printf4.o(i.__0vfprintf$4) refers to uart.o(.text) for fputc
    printf4.o(i.__0vprintf$4) refers to printf4.o(i._printf_core) for _printf_core
    printf4.o(i.__0vprintf$4) refers to uart.o(.text) for fputc
    printf4.o(i.__0vprintf$4) refers to stdout.o(.data) for __stdout
    printf4.o(i.__0vsnprintf$4) refers to printf4.o(i._printf_core) for _printf_core
    printf4.o(i.__0vsnprintf$4) refers to printf4.o(i._snputc) for _snputc
    printf4.o(i.__0vsprintf$4) refers to printf4.o(i._printf_core) for _printf_core
    printf4.o(i.__0vsprintf$4) refers to printf4.o(i._sputc) for _sputc
    printf4.o(i._printf_core) refers to uldiv.o(.text) for __aeabi_uldivmod
    printf5.o(i.__0fprintf$5) refers to printf5.o(i._printf_core) for _printf_core
    printf5.o(i.__0fprintf$5) refers to uart.o(.text) for fputc
    printf5.o(i.__0printf$5) refers to printf5.o(i._printf_core) for _printf_core
    printf5.o(i.__0printf$5) refers to uart.o(.text) for fputc
    printf5.o(i.__0printf$5) refers to stdout.o(.data) for __stdout
    printf5.o(i.__0snprintf$5) refers to printf5.o(i._printf_core) for _printf_core
    printf5.o(i.__0snprintf$5) refers to printf5.o(i._snputc) for _snputc
    printf5.o(i.__0sprintf$5) refers to printf5.o(i._printf_core) for _printf_core
    printf5.o(i.__0sprintf$5) refers to printf5.o(i._sputc) for _sputc
    printf5.o(i.__0vfprintf$5) refers to printf5.o(i._printf_core) for _printf_core
    printf5.o(i.__0vfprintf$5) refers to uart.o(.text) for fputc
    printf5.o(i.__0vprintf$5) refers to printf5.o(i._printf_core) for _printf_core
    printf5.o(i.__0vprintf$5) refers to uart.o(.text) for fputc
    printf5.o(i.__0vprintf$5) refers to stdout.o(.data) for __stdout
    printf5.o(i.__0vsnprintf$5) refers to printf5.o(i._printf_core) for _printf_core
    printf5.o(i.__0vsnprintf$5) refers to printf5.o(i._snputc) for _snputc
    printf5.o(i.__0vsprintf$5) refers to printf5.o(i._printf_core) for _printf_core
    printf5.o(i.__0vsprintf$5) refers to printf5.o(i._sputc) for _sputc
    printf5.o(i._printf_core) refers to uldiv.o(.text) for __aeabi_uldivmod
    printf6.o(i.__0fprintf$6) refers to printf6.o(i._printf_core) for _printf_core
    printf6.o(i.__0fprintf$6) refers to uart.o(.text) for fputc
    printf6.o(i.__0printf$6) refers to printf6.o(i._printf_core) for _printf_core
    printf6.o(i.__0printf$6) refers to uart.o(.text) for fputc
    printf6.o(i.__0printf$6) refers to stdout.o(.data) for __stdout
    printf6.o(i.__0snprintf$6) refers to printf6.o(i._printf_core) for _printf_core
    printf6.o(i.__0snprintf$6) refers to printf6.o(i._snputc) for _snputc
    printf6.o(i.__0sprintf$6) refers to printf6.o(i._printf_core) for _printf_core
    printf6.o(i.__0sprintf$6) refers to printf6.o(i._sputc) for _sputc
    printf6.o(i.__0vfprintf$6) refers to printf6.o(i._printf_core) for _printf_core
    printf6.o(i.__0vfprintf$6) refers to uart.o(.text) for fputc
    printf6.o(i.__0vprintf$6) refers to printf6.o(i._printf_core) for _printf_core
    printf6.o(i.__0vprintf$6) refers to uart.o(.text) for fputc
    printf6.o(i.__0vprintf$6) refers to stdout.o(.data) for __stdout
    printf6.o(i.__0vsnprintf$6) refers to printf6.o(i._printf_core) for _printf_core
    printf6.o(i.__0vsnprintf$6) refers to printf6.o(i._snputc) for _snputc
    printf6.o(i.__0vsprintf$6) refers to printf6.o(i._printf_core) for _printf_core
    printf6.o(i.__0vsprintf$6) refers to printf6.o(i._sputc) for _sputc
    printf6.o(i._printf_core) refers to printf6.o(i._printf_pre_padding) for _printf_pre_padding
    printf6.o(i._printf_core) refers to uidiv.o(.text) for __aeabi_uidivmod
    printf6.o(i._printf_core) refers to printf6.o(i._printf_post_padding) for _printf_post_padding
    printf7.o(i.__0fprintf$7) refers to printf7.o(i._printf_core) for _printf_core
    printf7.o(i.__0fprintf$7) refers to uart.o(.text) for fputc
    printf7.o(i.__0printf$7) refers to printf7.o(i._printf_core) for _printf_core
    printf7.o(i.__0printf$7) refers to uart.o(.text) for fputc
    printf7.o(i.__0printf$7) refers to stdout.o(.data) for __stdout
    printf7.o(i.__0snprintf$7) refers to printf7.o(i._printf_core) for _printf_core
    printf7.o(i.__0snprintf$7) refers to printf7.o(i._snputc) for _snputc
    printf7.o(i.__0sprintf$7) refers to printf7.o(i._printf_core) for _printf_core
    printf7.o(i.__0sprintf$7) refers to printf7.o(i._sputc) for _sputc
    printf7.o(i.__0vfprintf$7) refers to printf7.o(i._printf_core) for _printf_core
    printf7.o(i.__0vfprintf$7) refers to uart.o(.text) for fputc
    printf7.o(i.__0vprintf$7) refers to printf7.o(i._printf_core) for _printf_core
    printf7.o(i.__0vprintf$7) refers to uart.o(.text) for fputc
    printf7.o(i.__0vprintf$7) refers to stdout.o(.data) for __stdout
    printf7.o(i.__0vsnprintf$7) refers to printf7.o(i._printf_core) for _printf_core
    printf7.o(i.__0vsnprintf$7) refers to printf7.o(i._snputc) for _snputc
    printf7.o(i.__0vsprintf$7) refers to printf7.o(i._printf_core) for _printf_core
    printf7.o(i.__0vsprintf$7) refers to printf7.o(i._sputc) for _sputc
    printf7.o(i._printf_core) refers to printf7.o(i._printf_pre_padding) for _printf_pre_padding
    printf7.o(i._printf_core) refers to uldiv.o(.text) for __aeabi_uldivmod
    printf7.o(i._printf_core) refers to printf7.o(i._printf_post_padding) for _printf_post_padding
    printf8.o(i.__0fprintf$8) refers to printf8.o(i._printf_core) for _printf_core
    printf8.o(i.__0fprintf$8) refers to uart.o(.text) for fputc
    printf8.o(i.__0printf$8) refers to printf8.o(i._printf_core) for _printf_core
    printf8.o(i.__0printf$8) refers to uart.o(.text) for fputc
    printf8.o(i.__0printf$8) refers to stdout.o(.data) for __stdout
    printf8.o(i.__0snprintf$8) refers to printf8.o(i._printf_core) for _printf_core
    printf8.o(i.__0snprintf$8) refers to printf8.o(i._snputc) for _snputc
    printf8.o(i.__0sprintf$8) refers to printf8.o(i._printf_core) for _printf_core
    printf8.o(i.__0sprintf$8) refers to printf8.o(i._sputc) for _sputc
    printf8.o(i.__0vfprintf$8) refers to printf8.o(i._printf_core) for _printf_core
    printf8.o(i.__0vfprintf$8) refers to uart.o(.text) for fputc
    printf8.o(i.__0vprintf$8) refers to printf8.o(i._printf_core) for _printf_core
    printf8.o(i.__0vprintf$8) refers to uart.o(.text) for fputc
    printf8.o(i.__0vprintf$8) refers to stdout.o(.data) for __stdout
    printf8.o(i.__0vsnprintf$8) refers to printf8.o(i._printf_core) for _printf_core
    printf8.o(i.__0vsnprintf$8) refers to printf8.o(i._snputc) for _snputc
    printf8.o(i.__0vsprintf$8) refers to printf8.o(i._printf_core) for _printf_core
    printf8.o(i.__0vsprintf$8) refers to printf8.o(i._sputc) for _sputc
    printf8.o(i._printf_core) refers to printf8.o(i._printf_pre_padding) for _printf_pre_padding
    printf8.o(i._printf_core) refers to uldiv.o(.text) for __aeabi_uldivmod
    printf8.o(i._printf_core) refers to printf8.o(i._printf_post_padding) for _printf_post_padding
    printfa.o(i.__0fprintf) refers (Special) to iusefp.o(.text) for __I$use$fp
    printfa.o(i.__0fprintf) refers to printfa.o(i._printf_core) for _printf_core
    printfa.o(i.__0fprintf) refers to uart.o(.text) for fputc
    printfa.o(i.__0printf) refers (Special) to iusefp.o(.text) for __I$use$fp
    printfa.o(i.__0printf) refers to printfa.o(i._printf_core) for _printf_core
    printfa.o(i.__0printf) refers to uart.o(.text) for fputc
    printfa.o(i.__0printf) refers to stdout.o(.data) for __stdout
    printfa.o(i.__0snprintf) refers (Special) to iusefp.o(.text) for __I$use$fp
    printfa.o(i.__0snprintf) refers to printfa.o(i._printf_core) for _printf_core
    printfa.o(i.__0snprintf) refers to printfa.o(i._snputc) for _snputc
    printfa.o(i.__0sprintf) refers (Special) to iusefp.o(.text) for __I$use$fp
    printfa.o(i.__0sprintf) refers to printfa.o(i._printf_core) for _printf_core
    printfa.o(i.__0sprintf) refers to printfa.o(i._sputc) for _sputc
    printfa.o(i.__0vfprintf) refers (Special) to iusefp.o(.text) for __I$use$fp
    printfa.o(i.__0vfprintf) refers to printfa.o(i._printf_core) for _printf_core
    printfa.o(i.__0vfprintf) refers to uart.o(.text) for fputc
    printfa.o(i.__0vprintf) refers (Special) to iusefp.o(.text) for __I$use$fp
    printfa.o(i.__0vprintf) refers to printfa.o(i._printf_core) for _printf_core
    printfa.o(i.__0vprintf) refers to uart.o(.text) for fputc
    printfa.o(i.__0vprintf) refers to stdout.o(.data) for __stdout
    printfa.o(i.__0vsnprintf) refers (Special) to iusefp.o(.text) for __I$use$fp
    printfa.o(i.__0vsnprintf) refers to printfa.o(i._printf_core) for _printf_core
    printfa.o(i.__0vsnprintf) refers to printfa.o(i._snputc) for _snputc
    printfa.o(i.__0vsprintf) refers (Special) to iusefp.o(.text) for __I$use$fp
    printfa.o(i.__0vsprintf) refers to printfa.o(i._printf_core) for _printf_core
    printfa.o(i.__0vsprintf) refers to printfa.o(i._sputc) for _sputc
    printfa.o(i._fp_digits) refers (Special) to iusefp.o(.text) for __I$use$fp
    printfa.o(i._fp_digits) refers to dmul.o(.text) for __aeabi_dmul
    printfa.o(i._fp_digits) refers to ddiv.o(.text) for __aeabi_ddiv
    printfa.o(i._fp_digits) refers to cdrcmple.o(.text) for __aeabi_cdrcmple
    printfa.o(i._fp_digits) refers to dadd.o(.text) for __aeabi_dadd
    printfa.o(i._fp_digits) refers to dfixul.o(.text) for __aeabi_d2ulz
    printfa.o(i._fp_digits) refers to uldiv.o(.text) for __aeabi_uldivmod
    printfa.o(i._printf_core) refers (Special) to iusefp.o(.text) for __I$use$fp
    printfa.o(i._printf_core) refers to printfa.o(i._printf_pre_padding) for _printf_pre_padding
    printfa.o(i._printf_core) refers to uldiv.o(.text) for __aeabi_uldivmod
    printfa.o(i._printf_core) refers to printfa.o(i._printf_post_padding) for _printf_post_padding
    printfa.o(i._printf_core) refers to printfa.o(i._fp_digits) for _fp_digits
    printfa.o(i._printf_core) refers to uidiv.o(.text) for __aeabi_uidivmod
    printfa.o(i._printf_post_padding) refers (Special) to iusefp.o(.text) for __I$use$fp
    printfa.o(i._printf_pre_padding) refers (Special) to iusefp.o(.text) for __I$use$fp
    printfa.o(i._snputc) refers (Special) to iusefp.o(.text) for __I$use$fp
    printfa.o(i._sputc) refers (Special) to iusefp.o(.text) for __I$use$fp
    malloc.o(i.free) refers to mvars.o(.data) for __microlib_freelist
    malloc.o(i.malloc) refers to mvars.o(.data) for __microlib_freelist_initialised
    malloc.o(i.malloc) refers to mvars.o(.data) for __microlib_freelist
    malloc.o(i.malloc) refers to startup_tm4c123.o(HEAP) for __heap_base
    mallocr.o(i.__free$realloc) refers to mvars.o(.data) for __microlib_freelist
    mallocr.o(i.__malloc$realloc) refers to mallocr.o(i.internal_alloc) for internal_alloc
    mallocr.o(i.__malloc$realloc) refers to mvars.o(.data) for __microlib_freelist_initialised
    mallocr.o(i.__malloc$realloc) refers to startup_tm4c123.o(HEAP) for __heap_base
    mallocr.o(i.__malloc$realloc) refers to mvars.o(.data) for __microlib_freelist
    mallocr.o(i.internal_alloc) refers to memcpya.o(.text) for __aeabi_memcpy
    mallocr.o(i.internal_alloc) refers to mvars.o(.data) for __microlib_freelist
    mallocr.o(i.realloc) refers to mallocr.o(i.__free$realloc) for __free$realloc
    mallocr.o(i.realloc) refers to mallocr.o(i.internal_alloc) for internal_alloc
    mallocr.o(i.realloc) refers to mallocr.o(i.__malloc$realloc) for __malloc$realloc
    mallocr.o(i.realloc) refers to mvars.o(.data) for __microlib_freelist
    malloca.o(i.__aligned_malloc) refers to mvars.o(.data) for __microlib_freelist_initialised
    malloca.o(i.__aligned_malloc) refers to mvars.o(.data) for __microlib_freelist
    malloca.o(i.__aligned_malloc) refers to startup_tm4c123.o(HEAP) for __heap_base
    malloca.o(i.__free$memalign) refers to mvars.o(.data) for __microlib_freelist
    malloca.o(i.__malloc$memalign) refers to malloca.o(i.__aligned_malloc) for __aligned_malloc
    mallocra.o(i.__aligned_malloc$realloc) refers to mallocra.o(i.internal_alloc) for internal_alloc
    mallocra.o(i.__aligned_malloc$realloc) refers to mvars.o(.data) for __microlib_freelist_initialised
    mallocra.o(i.__aligned_malloc$realloc) refers to startup_tm4c123.o(HEAP) for __heap_base
    mallocra.o(i.__aligned_malloc$realloc) refers to mvars.o(.data) for __microlib_freelist
    mallocra.o(i.__free$realloc$memalign) refers to mvars.o(.data) for __microlib_freelist
    mallocra.o(i.__malloc$realloc$memalign) refers to mallocra.o(i.__aligned_malloc$realloc) for __aligned_malloc$realloc
    mallocra.o(i.__realloc$memalign) refers to mallocra.o(i.__free$realloc$memalign) for __free$realloc$memalign
    mallocra.o(i.__realloc$memalign) refers to mallocra.o(i.internal_alloc) for internal_alloc
    mallocra.o(i.__realloc$memalign) refers to mallocra.o(i.__malloc$realloc$memalign) for __malloc$realloc$memalign
    mallocra.o(i.__realloc$memalign) refers to mvars.o(.data) for __microlib_freelist
    mallocra.o(i.internal_alloc) refers to memcpya.o(.text) for __aeabi_memcpy
    mallocra.o(i.internal_alloc) refers to mvars.o(.data) for __microlib_freelist
    errno.o(i.__aeabi_errno_addr) refers to errno.o(.data) for .data
    errno.o(i.__read_errno) refers to errno.o(.data) for .data
    errno.o(i.__set_errno) refers to errno.o(.data) for .data
    entry2.o(.ARM.Collect$$$$00000001) refers to entry2.o(.ARM.Collect$$$$00002712) for __lit__00000000
    entry2.o(.ARM.Collect$$$$00002712) refers to startup_tm4c123.o(STACK) for __initial_sp
    entry2.o(__vectab_stack_and_reset_area) refers to startup_tm4c123.o(STACK) for __initial_sp
    entry2.o(__vectab_stack_and_reset_area) refers to entry.o(.ARM.Collect$$$$00000000) for __main
    entry5.o(.ARM.Collect$$$$00000004) refers to init.o(.text) for __scatterload
    entry9a.o(.ARM.Collect$$$$0000000B) refers to main.o(.text) for main
    entry9b.o(.ARM.Collect$$$$0000000C) refers to main.o(.text) for main
    uldiv.o(.text) refers to llushr.o(.text) for __aeabi_llsr
    uldiv.o(.text) refers to llshl.o(.text) for __aeabi_llsl
    dadd.o(.text) refers to llshl.o(.text) for __aeabi_llsl
    dadd.o(.text) refers to llsshr.o(.text) for __aeabi_lasr
    dadd.o(.text) refers to depilogue.o(.text) for _double_epilogue
    dmul.o(.text) refers to depilogue.o(.text) for _double_epilogue
    ddiv.o(.text) refers to depilogue.o(.text) for _double_round
    dfixul.o(.text) refers to llushr.o(.text) for __aeabi_llsr
    dfixul.o(.text) refers to llshl.o(.text) for __aeabi_llsl
    init.o(.text) refers to entry5.o(.ARM.Collect$$$$00000004) for __main_after_scatterload
    depilogue.o(.text) refers to llshl.o(.text) for __aeabi_llsl
    depilogue.o(.text) refers to llushr.o(.text) for __aeabi_llsr


==============================================================================

Removing Unused input sections from the image.

    Removing main.o(.rev16_text), (4 bytes).
    Removing main.o(.revsh_text), (4 bytes).
    Removing board_setup.o(.rev16_text), (4 bytes).
    Removing board_setup.o(.revsh_text), (4 bytes).
    Removing interrupts.o(.rev16_text), (4 bytes).
    Removing interrupts.o(.revsh_text), (4 bytes).
    Removing spi.o(.rev16_text), (4 bytes).
    Removing spi.o(.revsh_text), (4 bytes).
    Removing wireless.o(.rev16_text), (4 bytes).
    Removing wireless.o(.revsh_text), (4 bytes).
    Removing system_tm4c123.o(.rev16_text), (4 bytes).
    Removing system_tm4c123.o(.revsh_text), (4 bytes).
    Removing gpio_port.o(.rev16_text), (4 bytes).
    Removing gpio_port.o(.revsh_text), (4 bytes).
    Removing gpio_port.o(.rrx_text), (6 bytes).
    Removing board_setup.o(.rev16_text), (4 bytes).
    Removing board_setup.o(.revsh_text), (4 bytes).
    Removing board_setup.o(.rrx_text), (6 bytes).
    Removing uart.o(.rev16_text), (4 bytes).
    Removing uart.o(.revsh_text), (4 bytes).
    Removing uart.o(.rrx_text), (6 bytes).
    Removing dadd.o(.text), (334 bytes).
    Removing dmul.o(.text), (228 bytes).
    Removing ddiv.o(.text), (222 bytes).
    Removing dfixul.o(.text), (48 bytes).
    Removing cdrcmple.o(.text), (40 bytes).
    Removing depilogue.o(.text), (182 bytes).

27 unused section(s) (total 1144 bytes) removed from the image.

==============================================================================

Image Symbol Table

    Local Symbols

    Symbol Name                              Value     Ov Type        Size  Object(Section)

    RESET                                    0x00000000   Section      620  startup_tm4c123.o(RESET)
    ../clib/microlib/division.c              0x00000000   Number         0  uldiv.o ABSOLUTE
    ../clib/microlib/division.c              0x00000000   Number         0  uidiv.o ABSOLUTE
    ../clib/microlib/errno.c                 0x00000000   Number         0  errno.o ABSOLUTE
    ../clib/microlib/init/entry.s            0x00000000   Number         0  entry11a.o ABSOLUTE
    ../clib/microlib/init/entry.s            0x00000000   Number         0  entry7b.o ABSOLUTE
    ../clib/microlib/init/entry.s            0x00000000   Number         0  entry2.o ABSOLUTE
    ../clib/microlib/init/entry.s            0x00000000   Number         0  entry.o ABSOLUTE
    ../clib/microlib/init/entry.s            0x00000000   Number         0  entry7a.o ABSOLUTE
    ../clib/microlib/init/entry.s            0x00000000   Number         0  entry8a.o ABSOLUTE
    ../clib/microlib/init/entry.s            0x00000000   Number         0  entry8b.o ABSOLUTE
    ../clib/microlib/init/entry.s            0x00000000   Number         0  entry5.o ABSOLUTE
    ../clib/microlib/init/entry.s            0x00000000   Number         0  entry9a.o ABSOLUTE
    ../clib/microlib/init/entry.s            0x00000000   Number         0  entry9b.o ABSOLUTE
    ../clib/microlib/init/entry.s            0x00000000   Number         0  entry10b.o ABSOLUTE
    ../clib/microlib/init/entry.s            0x00000000   Number         0  entry10a.o ABSOLUTE
    ../clib/microlib/init/entry.s            0x00000000   Number         0  entry11b.o ABSOLUTE
    ../clib/microlib/longlong.c              0x00000000   Number         0  llushr.o ABSOLUTE
    ../clib/microlib/longlong.c              0x00000000   Number         0  llshl.o ABSOLUTE
    ../clib/microlib/longlong.c              0x00000000   Number         0  llsshr.o ABSOLUTE
    ../clib/microlib/malloc/malloc.c         0x00000000   Number         0  malloc.o ABSOLUTE
    ../clib/microlib/malloc/malloc.c         0x00000000   Number         0  mallocra.o ABSOLUTE
    ../clib/microlib/malloc/malloc.c         0x00000000   Number         0  mallocr.o ABSOLUTE
    ../clib/microlib/malloc/malloc.c         0x00000000   Number         0  malloca.o ABSOLUTE
    ../clib/microlib/malloc/mvars.c          0x00000000   Number         0  mvars.o ABSOLUTE
    ../clib/microlib/printf/printf.c         0x00000000   Number         0  printf0.o ABSOLUTE
    ../clib/microlib/printf/printf.c         0x00000000   Number         0  printf1.o ABSOLUTE
    ../clib/microlib/printf/printf.c         0x00000000   Number         0  printfa.o ABSOLUTE
    ../clib/microlib/printf/printf.c         0x00000000   Number         0  printf8.o ABSOLUTE
    ../clib/microlib/printf/printf.c         0x00000000   Number         0  printf7.o ABSOLUTE
    ../clib/microlib/printf/printf.c         0x00000000   Number         0  printf6.o ABSOLUTE
    ../clib/microlib/printf/printf.c         0x00000000   Number         0  printf5.o ABSOLUTE
    ../clib/microlib/printf/printf.c         0x00000000   Number         0  printf4.o ABSOLUTE
    ../clib/microlib/printf/printf.c         0x00000000   Number         0  printf3.o ABSOLUTE
    ../clib/microlib/printf/printf.c         0x00000000   Number         0  printf2.o ABSOLUTE
    ../clib/microlib/printf/printf.c         0x00000000   Number         0  printfb.o ABSOLUTE
    ../clib/microlib/printf/stubs.s          0x00000000   Number         0  stubs.o ABSOLUTE
    ../clib/microlib/stdio/streams.c         0x00000000   Number         0  stdin.o ABSOLUTE
    ../clib/microlib/stdio/streams.c         0x00000000   Number         0  stdout.o ABSOLUTE
    ../clib/microlib/string/memcpy.c         0x00000000   Number         0  memcpya.o ABSOLUTE
    ../clib/microlib/string/memcpy.c         0x00000000   Number         0  memcpyb.o ABSOLUTE
    ../clib/microlib/stubs.s                 0x00000000   Number         0  iusefp.o ABSOLUTE
    ../fplib/microlib/fpadd.c                0x00000000   Number         0  dadd.o ABSOLUTE
    ../fplib/microlib/fpdiv.c                0x00000000   Number         0  ddiv.o ABSOLUTE
    ../fplib/microlib/fpepilogue.c           0x00000000   Number         0  depilogue.o ABSOLUTE
    ../fplib/microlib/fpfix.c                0x00000000   Number         0  dfixul.o ABSOLUTE
    ../fplib/microlib/fpmul.c                0x00000000   Number         0  dmul.o ABSOLUTE
    ..\\drivers\\spi.c                       0x00000000   Number         0  spi.o ABSOLUTE
    ..\\drivers\\wireless.c                  0x00000000   Number         0  wireless.o ABSOLUTE
    ..\\staff_drivers\\gpio_port.c           0x00000000   Number         0  gpio_port.o ABSOLUTE
    ..\\staff_drivers\\uart.c                0x00000000   Number         0  uart.o ABSOLUTE
    ..\drivers\spi.c                         0x00000000   Number         0  spi.o ABSOLUTE
    ..\drivers\wireless.c                    0x00000000   Number         0  wireless.o ABSOLUTE
    ..\staff_drivers\gpio_port.c             0x00000000   Number         0  gpio_port.o ABSOLUTE
    ..\staff_drivers\pc_buffer.c             0x00000000   Number         0  pc_buffer.o ABSOLUTE
    ..\staff_drivers\uart.c                  0x00000000   Number         0  uart.o ABSOLUTE
    RTE\Device\TM4C123GH6PM\startup_TM4C123.s 0x00000000   Number         0  startup_tm4c123.o ABSOLUTE
    RTE\Device\TM4C123GH6PM\system_TM4C123.c 0x00000000   Number         0  system_tm4c123.o ABSOLUTE
    RTE\\Device\\TM4C123GH6PM\\system_TM4C123.c 0x00000000   Number         0  system_tm4c123.o ABSOLUTE
    board_setup.c                            0x00000000   Number         0  board_setup.o ABSOLUTE
    board_setup.c                            0x00000000   Number         0  board_setup.o ABSOLUTE
    board_setup.c                            0x00000000   Number         0  board_setup.o ABSOLUTE
    board_setup.c                            0x00000000   Number         0  board_setup.o ABSOLUTE
    cdrcmple.s                               0x00000000   Number         0  cdrcmple.o ABSOLUTE
    dc.s                                     0x00000000   Number         0  dc.o ABSOLUTE
    handlers.s                               0x00000000   Number         0  handlers.o ABSOLUTE
    init.s                                   0x00000000   Number         0  init.o ABSOLUTE
    interrupts.c                             0x00000000   Number         0  interrupts.o ABSOLUTE
    interrupts.c                             0x00000000   Number         0  interrupts.o ABSOLUTE
    main.c                                   0x00000000   Number         0  main.o ABSOLUTE
    main.c                                   0x00000000   Number         0  main.o ABSOLUTE
    .ARM.Collect$$$$00000000                 0x0000026c   Section        0  entry.o(.ARM.Collect$$$$00000000)
    .ARM.Collect$$$$00000001                 0x0000026c   Section        4  entry2.o(.ARM.Collect$$$$00000001)
    .ARM.Collect$$$$00000004                 0x00000270   Section        4  entry5.o(.ARM.Collect$$$$00000004)
    .ARM.Collect$$$$00000008                 0x00000274   Section        0  entry7b.o(.ARM.Collect$$$$00000008)
    .ARM.Collect$$$$0000000A                 0x00000274   Section        0  entry8b.o(.ARM.Collect$$$$0000000A)
    .ARM.Collect$$$$0000000B                 0x00000274   Section        8  entry9a.o(.ARM.Collect$$$$0000000B)
    .ARM.Collect$$$$0000000D                 0x0000027c   Section        0  entry10a.o(.ARM.Collect$$$$0000000D)
    .ARM.Collect$$$$0000000F                 0x0000027c   Section        0  entry11a.o(.ARM.Collect$$$$0000000F)
    .ARM.Collect$$$$00002712                 0x0000027c   Section        4  entry2.o(.ARM.Collect$$$$00002712)
    __lit__00000000                          0x0000027c   Data           4  entry2.o(.ARM.Collect$$$$00002712)
    .text                                    0x00000280   Section        0  main.o(.text)
    .text                                    0x00000414   Section        0  board_setup.o(.text)
    .text                                    0x000004d0   Section        0  interrupts.o(.text)
    .text                                    0x00000500   Section        0  spi.o(.text)
    .text                                    0x00000694   Section        0  wireless.o(.text)
    wireless_reg_read                        0x000006bb   Thumb Code    46  wireless.o(.text)
    wireless_reg_write                       0x000006e9   Thumb Code    46  wireless.o(.text)
    wireless_rx_data_payload                 0x00000717   Thumb Code    66  wireless.o(.text)
    wireless_set_rx_addr                     0x00000759   Thumb Code   120  wireless.o(.text)
    wireless_flush_tx_fifo                   0x000007d1   Thumb Code    30  wireless.o(.text)
    wireless_get_status                      0x000007ef   Thumb Code    34  wireless.o(.text)
    wireless_CSN_low                         0x00000a6b   Thumb Code    20  wireless.o(.text)
    wireless_CSN_high                        0x00000a7f   Thumb Code    26  wireless.o(.text)
    wireless_CE_low                          0x00000a99   Thumb Code    20  wireless.o(.text)
    wireless_CE_high                         0x00000aad   Thumb Code    20  wireless.o(.text)
    wireless_tx_data_payload                 0x00000ac1   Thumb Code    92  wireless.o(.text)
    wireless_rx_fifo_empty                   0x00000b1d   Thumb Code    24  wireless.o(.text)
    wireless_status_tx_ds_asserted           0x00000b35   Thumb Code    16  wireless.o(.text)
    wireless_status_tx_full_asserted         0x00000b45   Thumb Code    16  wireless.o(.text)
    wireless_clear_max_rt                    0x00000b55   Thumb Code    12  wireless.o(.text)
    .text                                    0x00000b80   Section      252  startup_tm4c123.o(.text)
    $v0                                      0x00000b80   Number         0  startup_tm4c123.o(.text)
    .text                                    0x00000c7c   Section        0  system_tm4c123.o(.text)
    getOscClk                                0x00000c7d   Thumb Code   182  system_tm4c123.o(.text)
    .text                                    0x00000ecc   Section        0  gpio_port.o(.text)
    verify_base_addr                         0x00000ecd   Thumb Code    64  gpio_port.o(.text)
    .text                                    0x00001134   Section        0  board_setup.o(.text)
    .text                                    0x00001378   Section        0  pc_buffer.o(.text)
    .text                                    0x000013f0   Section        0  uart.o(.text)
    .text                                    0x000017c4   Section        0  uidiv.o(.text)
    .text                                    0x000017f0   Section       36  init.o(.text)
    i.__0printf$3                            0x00001814   Section        0  printf3.o(i.__0printf$3)
    i.__aeabi_errno_addr                     0x00001834   Section        0  errno.o(i.__aeabi_errno_addr)
    i.__scatterload_copy                     0x0000183c   Section       14  handlers.o(i.__scatterload_copy)
    i.__scatterload_null                     0x0000184a   Section        2  handlers.o(i.__scatterload_null)
    i.__scatterload_zeroinit                 0x0000184c   Section       14  handlers.o(i.__scatterload_zeroinit)
    i._printf_core                           0x0000185c   Section        0  printf3.o(i._printf_core)
    _printf_core                             0x0000185d   Thumb Code   436  printf3.o(i._printf_core)
    i.malloc                                 0x00001a14   Section        0  malloc.o(i.malloc)
    .data                                    0x20000000   Section       10  main.o(.data)
    .data                                    0x2000000c   Section        8  interrupts.o(.data)
    count                                    0x20000010   Data           4  interrupts.o(.data)
    .data                                    0x20000014   Section        4  system_tm4c123.o(.data)
    .data                                    0x20000018   Section        4  stdin.o(.data)
    .data                                    0x2000001c   Section        4  stdout.o(.data)
    .data                                    0x20000020   Section        4  errno.o(.data)
    _errno                                   0x20000020   Data           4  errno.o(.data)
    .data                                    0x20000024   Section        4  mvars.o(.data)
    .data                                    0x20000028   Section        4  mvars.o(.data)
    .bss                                     0x2000002c   Section       24  wireless.o(.bss)
    .bss                                     0x20000044   Section      192  board_setup.o(.bss)
    HEAP                                     0x20000108   Section        0  startup_tm4c123.o(HEAP)
    STACK                                    0x20000108   Section     4096  startup_tm4c123.o(STACK)

    Global Symbols

    Symbol Name                              Value     Ov Type        Size  Object(Section)

    BuildAttributes$$THM_ISAv4$E$P$D$K$B$S$7EM$VFPi3$EXTD16$VFPS$VFMA$PE$A:L22UL41UL21$X:L11$S22US41US21$IEEE1$IW$USESV6$~STKCKD$USESV7$~SHL$OSPACE$ROPI$EBA8$MICROLIB$REQ8$PRES8$EABIv2 0x00000000   Number         0  anon$$obj.o ABSOLUTE
    __ARM_use_no_argv                        0x00000000   Number         0  main.o ABSOLUTE
    __Vectors                                0x00000000   Data           4  startup_tm4c123.o(RESET)
    _printf_a                                0x00000000   Number         0  stubs.o ABSOLUTE
    _printf_c                                0x00000000   Number         0  stubs.o ABSOLUTE
    _printf_charcount                        0x00000000   Number         0  stubs.o ABSOLUTE
    _printf_d                                0x00000000   Number         0  stubs.o ABSOLUTE
    _printf_e                                0x00000000   Number         0  stubs.o ABSOLUTE
    _printf_f                                0x00000000   Number         0  stubs.o ABSOLUTE
    _printf_flags                            0x00000000   Number         0  stubs.o ABSOLUTE
    _printf_fp_dec                           0x00000000   Number         0  stubs.o ABSOLUTE
    _printf_fp_hex                           0x00000000   Number         0  stubs.o ABSOLUTE
    _printf_g                                0x00000000   Number         0  stubs.o ABSOLUTE
    _printf_i                                0x00000000   Number         0  stubs.o ABSOLUTE
    _printf_int_dec                          0x00000000   Number         0  stubs.o ABSOLUTE
    _printf_l                                0x00000000   Number         0  stubs.o ABSOLUTE
    _printf_lc                               0x00000000   Number         0  stubs.o ABSOLUTE
    _printf_ll                               0x00000000   Number         0  stubs.o ABSOLUTE
    _printf_lld                              0x00000000   Number         0  stubs.o ABSOLUTE
    _printf_lli                              0x00000000   Number         0  stubs.o ABSOLUTE
    _printf_llo                              0x00000000   Number         0  stubs.o ABSOLUTE
    _printf_llu                              0x00000000   Number         0  stubs.o ABSOLUTE
    _printf_llx                              0x00000000   Number         0  stubs.o ABSOLUTE
    _printf_longlong_dec                     0x00000000   Number         0  stubs.o ABSOLUTE
    _printf_longlong_hex                     0x00000000   Number         0  stubs.o ABSOLUTE
    _printf_longlong_oct                     0x00000000   Number         0  stubs.o ABSOLUTE
    _printf_ls                               0x00000000   Number         0  stubs.o ABSOLUTE
    _printf_mbtowc                           0x00000000   Number         0  stubs.o ABSOLUTE
    _printf_n                                0x00000000   Number         0  stubs.o ABSOLUTE
    _printf_o                                0x00000000   Number         0  stubs.o ABSOLUTE
    _printf_p                                0x00000000   Number         0  stubs.o ABSOLUTE
    _printf_percent                          0x00000000   Number         0  stubs.o ABSOLUTE
    _printf_pre_padding                      0x00000000   Number         0  stubs.o ABSOLUTE
    _printf_return_value                     0x00000000   Number         0  stubs.o ABSOLUTE
    _printf_s                                0x00000000   Number         0  stubs.o ABSOLUTE
    _printf_sizespec                         0x00000000   Number         0  stubs.o ABSOLUTE
    _printf_str                              0x00000000   Number         0  stubs.o ABSOLUTE
    _printf_truncate_signed                  0x00000000   Number         0  stubs.o ABSOLUTE
    _printf_truncate_unsigned                0x00000000   Number         0  stubs.o ABSOLUTE
    _printf_u                                0x00000000   Number         0  stubs.o ABSOLUTE
    _printf_wc                               0x00000000   Number         0  stubs.o ABSOLUTE
    _printf_wctomb                           0x00000000   Number         0  stubs.o ABSOLUTE
    _printf_widthprec                        0x00000000   Number         0  stubs.o ABSOLUTE
    _printf_x                                0x00000000   Number         0  stubs.o ABSOLUTE
    __cpp_initialize__aeabi_                  - Undefined Weak Reference
    __cxa_finalize                            - Undefined Weak Reference
    __decompress                              - Undefined Weak Reference
    _clock_init                               - Undefined Weak Reference
    _microlib_exit                            - Undefined Weak Reference
    __Vectors_End                            0x0000026c   Data           0  startup_tm4c123.o(RESET)
    __Vectors_Size                           0x0000026c   Number         0  startup_tm4c123.o ABSOLUTE
    __main                                   0x0000026d   Thumb Code     0  entry.o(.ARM.Collect$$$$00000000)
    _main_stk                                0x0000026d   Thumb Code     0  entry2.o(.ARM.Collect$$$$00000001)
    _main_scatterload                        0x00000271   Thumb Code     0  entry5.o(.ARM.Collect$$$$00000004)
    __main_after_scatterload                 0x00000275   Thumb Code     0  entry5.o(.ARM.Collect$$$$00000004)
    _main_clock                              0x00000275   Thumb Code     0  entry7b.o(.ARM.Collect$$$$00000008)
    _main_cpp_init                           0x00000275   Thumb Code     0  entry8b.o(.ARM.Collect$$$$0000000A)
    _main_init                               0x00000275   Thumb Code     0  entry9a.o(.ARM.Collect$$$$0000000B)
    __rt_final_cpp                           0x0000027d   Thumb Code     0  entry10a.o(.ARM.Collect$$$$0000000D)
    __rt_final_exit                          0x0000027d   Thumb Code     0  entry11a.o(.ARM.Collect$$$$0000000F)
    initializeBoard                          0x00000281   Thumb Code    88  main.o(.text)
    main                                     0x000002d9   Thumb Code   150  main.o(.text)
    rfInit                                   0x00000415   Thumb Code   176  board_setup.o(.text)
    SysTick_Handler                          0x000004d1   Thumb Code    40  interrupts.o(.text)
    spiVerifyBaseAddr                        0x00000501   Thumb Code    34  spi.o(.text)
    initialize_spi                           0x00000523   Thumb Code   250  spi.o(.text)
    spiTx                                    0x0000061d   Thumb Code    94  spi.o(.text)
    wait_uS_15                               0x00000695   Thumb Code    14  wireless.o(.text)
    wireless_set_pin_config                  0x000006a3   Thumb Code    24  wireless.o(.text)
    wireless_send_32                         0x00000811   Thumb Code   248  wireless.o(.text)
    wireless_get_32                          0x00000909   Thumb Code   132  wireless.o(.text)
    wireless_configure_device                0x0000098d   Thumb Code   222  wireless.o(.text)
    Reset_Handler                            0x00000b81   Thumb Code     8  startup_tm4c123.o(.text)
    NMI_Handler                              0x00000b89   Thumb Code     2  startup_tm4c123.o(.text)
    HardFault_Handler                        0x00000b8b   Thumb Code     2  startup_tm4c123.o(.text)
    MemManage_Handler                        0x00000b8d   Thumb Code     2  startup_tm4c123.o(.text)
    BusFault_Handler                         0x00000b8f   Thumb Code     2  startup_tm4c123.o(.text)
    UsageFault_Handler                       0x00000b91   Thumb Code     2  startup_tm4c123.o(.text)
    SVC_Handler                              0x00000b93   Thumb Code     2  startup_tm4c123.o(.text)
    DebugMon_Handler                         0x00000b95   Thumb Code     2  startup_tm4c123.o(.text)
    PendSV_Handler                           0x00000b97   Thumb Code     2  startup_tm4c123.o(.text)
    GPIOA_Handler                            0x00000b9b   Thumb Code     2  startup_tm4c123.o(.text)
    GPIOB_Handler                            0x00000b9d   Thumb Code     2  startup_tm4c123.o(.text)
    GPIOC_Handler                            0x00000b9f   Thumb Code     2  startup_tm4c123.o(.text)
    GPIOD_Handler                            0x00000ba1   Thumb Code     2  startup_tm4c123.o(.text)
    GPIOE_Handler                            0x00000ba3   Thumb Code     2  startup_tm4c123.o(.text)
    UART1_Handler                            0x00000ba7   Thumb Code     2  startup_tm4c123.o(.text)
    SSI0_Handler                             0x00000ba9   Thumb Code     2  startup_tm4c123.o(.text)
    I2C0_Handler                             0x00000bab   Thumb Code     2  startup_tm4c123.o(.text)
    PMW0_FAULT_Handler                       0x00000bad   Thumb Code     2  startup_tm4c123.o(.text)
    PWM0_0_Handler                           0x00000baf   Thumb Code     2  startup_tm4c123.o(.text)
    PWM0_1_Handler                           0x00000bb1   Thumb Code     2  startup_tm4c123.o(.text)
    PWM0_2_Handler                           0x00000bb3   Thumb Code     2  startup_tm4c123.o(.text)
    QEI0_Handler                             0x00000bb5   Thumb Code     2  startup_tm4c123.o(.text)
    ADC0SS0_Handler                          0x00000bb7   Thumb Code     2  startup_tm4c123.o(.text)
    ADC0SS1_Handler                          0x00000bb9   Thumb Code     2  startup_tm4c123.o(.text)
    ADC0SS2_Handler                          0x00000bbb   Thumb Code     2  startup_tm4c123.o(.text)
    ADC0SS3_Handler                          0x00000bbd   Thumb Code     2  startup_tm4c123.o(.text)
    WDT0_Handler                             0x00000bbf   Thumb Code     2  startup_tm4c123.o(.text)
    TIMER0A_Handler                          0x00000bc1   Thumb Code     2  startup_tm4c123.o(.text)
    TIMER0B_Handler                          0x00000bc3   Thumb Code     2  startup_tm4c123.o(.text)
    TIMER1A_Handler                          0x00000bc5   Thumb Code     2  startup_tm4c123.o(.text)
    TIMER1B_Handler                          0x00000bc7   Thumb Code     2  startup_tm4c123.o(.text)
    TIMER2A_Handler                          0x00000bc9   Thumb Code     2  startup_tm4c123.o(.text)
    TIMER2B_Handler                          0x00000bcb   Thumb Code     2  startup_tm4c123.o(.text)
    COMP0_Handler                            0x00000bcd   Thumb Code     2  startup_tm4c123.o(.text)
    COMP1_Handler                            0x00000bcf   Thumb Code     2  startup_tm4c123.o(.text)
    COMP2_Handler                            0x00000bd1   Thumb Code     2  startup_tm4c123.o(.text)
    SYSCTL_Handler                           0x00000bd3   Thumb Code     2  startup_tm4c123.o(.text)
    FLASH_Handler                            0x00000bd5   Thumb Code     2  startup_tm4c123.o(.text)
    GPIOF_Handler                            0x00000bd7   Thumb Code     2  startup_tm4c123.o(.text)
    GPIOG_Handler                            0x00000bd9   Thumb Code     2  startup_tm4c123.o(.text)
    GPIOH_Handler                            0x00000bdb   Thumb Code     2  startup_tm4c123.o(.text)
    UART2_Handler                            0x00000bdd   Thumb Code     2  startup_tm4c123.o(.text)
    SSI1_Handler                             0x00000bdf   Thumb Code     2  startup_tm4c123.o(.text)
    TIMER3A_Handler                          0x00000be1   Thumb Code     2  startup_tm4c123.o(.text)
    TIMER3B_Handler                          0x00000be3   Thumb Code     2  startup_tm4c123.o(.text)
    I2C1_Handler                             0x00000be5   Thumb Code     2  startup_tm4c123.o(.text)
    QEI1_Handler                             0x00000be7   Thumb Code     2  startup_tm4c123.o(.text)
    CAN0_Handler                             0x00000be9   Thumb Code     2  startup_tm4c123.o(.text)
    CAN1_Handler                             0x00000beb   Thumb Code     2  startup_tm4c123.o(.text)
    CAN2_Handler                             0x00000bed   Thumb Code     2  startup_tm4c123.o(.text)
    HIB_Handler                              0x00000bef   Thumb Code     2  startup_tm4c123.o(.text)
    USB0_Handler                             0x00000bf1   Thumb Code     2  startup_tm4c123.o(.text)
    PWM0_3_Handler                           0x00000bf3   Thumb Code     2  startup_tm4c123.o(.text)
    UDMA_Handler                             0x00000bf5   Thumb Code     2  startup_tm4c123.o(.text)
    UDMAERR_Handler                          0x00000bf7   Thumb Code     2  startup_tm4c123.o(.text)
    ADC1SS0_Handler                          0x00000bf9   Thumb Code     2  startup_tm4c123.o(.text)
    ADC1SS1_Handler                          0x00000bfb   Thumb Code     2  startup_tm4c123.o(.text)
    ADC1SS2_Handler                          0x00000bfd   Thumb Code     2  startup_tm4c123.o(.text)
    ADC1SS3_Handler                          0x00000bff   Thumb Code     2  startup_tm4c123.o(.text)
    GPIOJ_Handler                            0x00000c01   Thumb Code     2  startup_tm4c123.o(.text)
    GPIOK_Handler                            0x00000c03   Thumb Code     2  startup_tm4c123.o(.text)
    GPIOL_Handler                            0x00000c05   Thumb Code     2  startup_tm4c123.o(.text)
    SSI2_Handler                             0x00000c07   Thumb Code     2  startup_tm4c123.o(.text)
    SSI3_Handler                             0x00000c09   Thumb Code     2  startup_tm4c123.o(.text)
    UART3_Handler                            0x00000c0b   Thumb Code     2  startup_tm4c123.o(.text)
    UART4_Handler                            0x00000c0d   Thumb Code     2  startup_tm4c123.o(.text)
    UART5_Handler                            0x00000c0f   Thumb Code     2  startup_tm4c123.o(.text)
    UART6_Handler                            0x00000c11   Thumb Code     2  startup_tm4c123.o(.text)
    UART7_Handler                            0x00000c13   Thumb Code     2  startup_tm4c123.o(.text)
    I2C2_Handler                             0x00000c15   Thumb Code     2  startup_tm4c123.o(.text)
    I2C3_Handler                             0x00000c17   Thumb Code     2  startup_tm4c123.o(.text)
    TIMER4A_Handler                          0x00000c19   Thumb Code     2  startup_tm4c123.o(.text)
    TIMER4B_Handler                          0x00000c1b   Thumb Code     2  startup_tm4c123.o(.text)
    TIMER5A_Handler                          0x00000c1d   Thumb Code     2  startup_tm4c123.o(.text)
    TIMER5B_Handler                          0x00000c1f   Thumb Code     2  startup_tm4c123.o(.text)
    WTIMER0A_Handler                         0x00000c21   Thumb Code     2  startup_tm4c123.o(.text)
    WTIMER0B_Handler                         0x00000c23   Thumb Code     2  startup_tm4c123.o(.text)
    WTIMER1A_Handler                         0x00000c25   Thumb Code     2  startup_tm4c123.o(.text)
    WTIMER1B_Handler                         0x00000c27   Thumb Code     2  startup_tm4c123.o(.text)
    WTIMER2A_Handler                         0x00000c29   Thumb Code     2  startup_tm4c123.o(.text)
    WTIMER2B_Handler                         0x00000c2b   Thumb Code     2  startup_tm4c123.o(.text)
    WTIMER3A_Handler                         0x00000c2d   Thumb Code     2  startup_tm4c123.o(.text)
    WTIMER3B_Handler                         0x00000c2f   Thumb Code     2  startup_tm4c123.o(.text)
    WTIMER4A_Handler                         0x00000c31   Thumb Code     2  startup_tm4c123.o(.text)
    WTIMER4B_Handler                         0x00000c33   Thumb Code     2  startup_tm4c123.o(.text)
    WTIMER5A_Handler                         0x00000c35   Thumb Code     2  startup_tm4c123.o(.text)
    WTIMER5B_Handler                         0x00000c37   Thumb Code     2  startup_tm4c123.o(.text)
    FPU_Handler                              0x00000c39   Thumb Code     2  startup_tm4c123.o(.text)
    I2C4_Handler                             0x00000c3b   Thumb Code     2  startup_tm4c123.o(.text)
    I2C5_Handler                             0x00000c3d   Thumb Code     2  startup_tm4c123.o(.text)
    GPIOM_Handler                            0x00000c3f   Thumb Code     2  startup_tm4c123.o(.text)
    GPION_Handler                            0x00000c41   Thumb Code     2  startup_tm4c123.o(.text)
    QEI2_Handler                             0x00000c43   Thumb Code     2  startup_tm4c123.o(.text)
    GPIOP0_Handler                           0x00000c45   Thumb Code     2  startup_tm4c123.o(.text)
    GPIOP1_Handler                           0x00000c47   Thumb Code     2  startup_tm4c123.o(.text)
    GPIOP2_Handler                           0x00000c49   Thumb Code     2  startup_tm4c123.o(.text)
    GPIOP3_Handler                           0x00000c4b   Thumb Code     2  startup_tm4c123.o(.text)
    GPIOP4_Handler                           0x00000c4d   Thumb Code     2  startup_tm4c123.o(.text)
    GPIOP5_Handler                           0x00000c4f   Thumb Code     2  startup_tm4c123.o(.text)
    GPIOP6_Handler                           0x00000c51   Thumb Code     2  startup_tm4c123.o(.text)
    GPIOP7_Handler                           0x00000c53   Thumb Code     2  startup_tm4c123.o(.text)
    GPIOQ0_Handler                           0x00000c55   Thumb Code     2  startup_tm4c123.o(.text)
    GPIOQ1_Handler                           0x00000c57   Thumb Code     2  startup_tm4c123.o(.text)
    GPIOQ2_Handler                           0x00000c59   Thumb Code     2  startup_tm4c123.o(.text)
    GPIOQ3_Handler                           0x00000c5b   Thumb Code     2  startup_tm4c123.o(.text)
    GPIOQ4_Handler                           0x00000c5d   Thumb Code     2  startup_tm4c123.o(.text)
    GPIOQ5_Handler                           0x00000c5f   Thumb Code     2  startup_tm4c123.o(.text)
    GPIOQ6_Handler                           0x00000c61   Thumb Code     2  startup_tm4c123.o(.text)
    GPIOQ7_Handler                           0x00000c63   Thumb Code     2  startup_tm4c123.o(.text)
    GPIOR_Handler                            0x00000c65   Thumb Code     2  startup_tm4c123.o(.text)
    GPIOS_Handler                            0x00000c67   Thumb Code     2  startup_tm4c123.o(.text)
    PMW1_0_Handler                           0x00000c69   Thumb Code     2  startup_tm4c123.o(.text)
    PWM1_1_Handler                           0x00000c6b   Thumb Code     2  startup_tm4c123.o(.text)
    PWM1_2_Handler                           0x00000c6d   Thumb Code     2  startup_tm4c123.o(.text)
    PWM1_3_Handler                           0x00000c6f   Thumb Code     2  startup_tm4c123.o(.text)
    PWM1_FAULT_Handler                       0x00000c71   Thumb Code     2  startup_tm4c123.o(.text)
    SystemCoreClockUpdate                    0x00000d33   Thumb Code   184  system_tm4c123.o(.text)
    SystemInit                               0x00000deb   Thumb Code   112  system_tm4c123.o(.text)
    gpio_enable_port                         0x00000f0d   Thumb Code   156  gpio_port.o(.text)
    gpio_config_digital_enable               0x00000fa9   Thumb Code    34  gpio_port.o(.text)
    gpio_config_enable_output                0x00000fcb   Thumb Code    34  gpio_port.o(.text)
    gpio_config_enable_input                 0x00000fed   Thumb Code    34  gpio_port.o(.text)
    gpio_config_enable_pullup                0x0000100f   Thumb Code    34  gpio_port.o(.text)
    gpio_config_enable_pulldown              0x00001031   Thumb Code    34  gpio_port.o(.text)
    gpio_config_analog_enable                0x00001053   Thumb Code    34  gpio_port.o(.text)
    gpio_config_alternate_function           0x00001075   Thumb Code    34  gpio_port.o(.text)
    gpio_config_port_control                 0x00001097   Thumb Code    34  gpio_port.o(.text)
    gpio_config_open_drain                   0x000010b9   Thumb Code    34  gpio_port.o(.text)
    gpio_config_falling_edge_irq             0x000010db   Thumb Code    56  gpio_port.o(.text)
    DisableInterrupts                        0x00001135   Thumb Code     4  board_setup.o(.text)
    EnableInterrupts                         0x00001139   Thumb Code     4  board_setup.o(.text)
    uart0_config_gpio                        0x0000113d   Thumb Code    42  board_setup.o(.text)
    serialDebugInit                          0x00001167   Thumb Code    30  board_setup.o(.text)
    verify_rf_spi_interface                  0x00001185   Thumb Code   176  board_setup.o(.text)
    pc_buffer_init                           0x00001379   Thumb Code    24  pc_buffer.o(.text)
    pc_buffer_add                            0x00001391   Thumb Code    26  pc_buffer.o(.text)
    pc_buffer_remove                         0x000013ab   Thumb Code    28  pc_buffer.o(.text)
    pc_buffer_empty                          0x000013c7   Thumb Code    18  pc_buffer.o(.text)
    pc_buffer_full                           0x000013d9   Thumb Code    22  pc_buffer.o(.text)
    verifyUartBase                           0x000013f1   Thumb Code    54  uart.o(.text)
    uart_get_rcgc_mask                       0x00001427   Thumb Code    68  uart.o(.text)
    uart_get_pr_mask                         0x0000146b   Thumb Code    68  uart.o(.text)
    uart_get_irq_num                         0x000014af   Thumb Code    68  uart.o(.text)
    uartTxPollChar                           0x000014f3   Thumb Code    38  uart.o(.text)
    uartTxPoll                               0x00001519   Thumb Code    50  uart.o(.text)
    uartRxPoll                               0x0000154b   Thumb Code    70  uart.o(.text)
    uartRx                                   0x00001591   Thumb Code    44  uart.o(.text)
    uartTx                                   0x000015bd   Thumb Code    70  uart.o(.text)
    uart_init_115K                           0x00001603   Thumb Code   172  uart.o(.text)
    fputc                                    0x000016af   Thumb Code    44  uart.o(.text)
    fgetc                                    0x000016db   Thumb Code    48  uart.o(.text)
    UART0_Handler                            0x0000170b   Thumb Code   148  uart.o(.text)
    __aeabi_uidiv                            0x000017c5   Thumb Code     0  uidiv.o(.text)
    __aeabi_uidivmod                         0x000017c5   Thumb Code    44  uidiv.o(.text)
    __scatterload                            0x000017f1   Thumb Code    28  init.o(.text)
    __scatterload_rt2                        0x000017f1   Thumb Code     0  init.o(.text)
    __0printf$3                              0x00001815   Thumb Code    22  printf3.o(i.__0printf$3)
    __1printf$3                              0x00001815   Thumb Code     0  printf3.o(i.__0printf$3)
    __2printf                                0x00001815   Thumb Code     0  printf3.o(i.__0printf$3)
    __aeabi_errno_addr                       0x00001835   Thumb Code     4  errno.o(i.__aeabi_errno_addr)
    __rt_errno_addr                          0x00001835   Thumb Code     0  errno.o(i.__aeabi_errno_addr)
    __scatterload_copy                       0x0000183d   Thumb Code    14  handlers.o(i.__scatterload_copy)
    __scatterload_null                       0x0000184b   Thumb Code     2  handlers.o(i.__scatterload_null)
    __scatterload_zeroinit                   0x0000184d   Thumb Code    14  handlers.o(i.__scatterload_zeroinit)
    malloc                                   0x00001a15   Thumb Code    92  malloc.o(i.malloc)
    Region$$Table$$Base                      0x00001a80   Number         0  anon$$obj.o(Region$$Table)
    Region$$Table$$Limit                     0x00001aa0   Number         0  anon$$obj.o(Region$$Table)
    myID                                     0x20000000   Data           5  main.o(.data)
    remoteID                                 0x20000005   Data           5  main.o(.data)
    AlertOneSec                              0x2000000c   Data           1  interrupts.o(.data)
    SystemCoreClock                          0x20000014   Data           4  system_tm4c123.o(.data)
    __stdin                                  0x20000018   Data           4  stdin.o(.data)
    __stdout                                 0x2000001c   Data           4  stdout.o(.data)
    __microlib_freelist                      0x20000024   Data           4  mvars.o(.data)
    __microlib_freelist_initialised          0x20000028   Data           4  mvars.o(.data)
    wirelessPinConfig                        0x2000002c   Data          24  wireless.o(.bss)
    UART0_Rx_Buffer                          0x20000044   Data          16  board_setup.o(.bss)
    UART0_Rx_Buffer_Array                    0x20000054   Data          80  board_setup.o(.bss)
    UART0_Tx_Buffer                          0x200000a4   Data          16  board_setup.o(.bss)
    UART0_Tx_Buffer_Array                    0x200000b4   Data          80  board_setup.o(.bss)
    __heap_base                              0x20000108   Data           0  startup_tm4c123.o(HEAP)
    __heap_limit                             0x20000108   Data           0  startup_tm4c123.o(HEAP)
    __initial_sp                             0x20001108   Data           0  startup_tm4c123.o(STACK)



==============================================================================

Memory Map of the image

  Image Entry point : 0x00000b81

  Load Region LR_1 (Base: 0x00000000, Size: 0x00001acc, Max: 0xffffffff, ABSOLUTE)

    Execution Region ER_RO (Base: 0x00000000, Size: 0x00001aa0, Max: 0xffffffff, ABSOLUTE)

    Base Addr    Size         Type   Attr      Idx    E Section Name        Object

    0x00000000   0x0000026c   Data   RO          183    RESET               startup_tm4c123.o
    0x0000026c   0x00000000   Code   RO          360  * .ARM.Collect$$$$00000000  mc_w.l(entry.o)
    0x0000026c   0x00000004   Code   RO          661    .ARM.Collect$$$$00000001  mc_w.l(entry2.o)
    0x00000270   0x00000004   Code   RO          664    .ARM.Collect$$$$00000004  mc_w.l(entry5.o)
    0x00000274   0x00000000   Code   RO          666    .ARM.Collect$$$$00000008  mc_w.l(entry7b.o)
    0x00000274   0x00000000   Code   RO          668    .ARM.Collect$$$$0000000A  mc_w.l(entry8b.o)
    0x00000274   0x00000008   Code   RO          669    .ARM.Collect$$$$0000000B  mc_w.l(entry9a.o)
    0x0000027c   0x00000000   Code   RO          671    .ARM.Collect$$$$0000000D  mc_w.l(entry10a.o)
    0x0000027c   0x00000000   Code   RO          673    .ARM.Collect$$$$0000000F  mc_w.l(entry11a.o)
    0x0000027c   0x00000004   Code   RO          662    .ARM.Collect$$$$00002712  mc_w.l(entry2.o)
    0x00000280   0x00000194   Code   RO            3    .text               main.o
    0x00000414   0x000000bc   Code   RO           90    .text               board_setup.o
    0x000004d0   0x00000030   Code   RO          114    .text               interrupts.o
    0x00000500   0x00000194   Code   RO          140    .text               spi.o
    0x00000694   0x000004ec   Code   RO          160    .text               wireless.o
    0x00000b80   0x000000fc   Code   RO          184  * .text               startup_tm4c123.o
    0x00000c7c   0x00000250   Code   RO          190    .text               system_tm4c123.o
    0x00000ecc   0x00000268   Code   RO          217    .text               ICE-18_Nordic.lib(gpio_port.o)
    0x00001134   0x00000244   Code   RO          277    .text               ICE-18_Nordic.lib(board_setup.o)
    0x00001378   0x00000076   Code   RO          316    .text               ICE-18_Nordic.lib(pc_buffer.o)
    0x000013ee   0x00000002   PAD
    0x000013f0   0x000003d4   Code   RO          334    .text               ICE-18_Nordic.lib(uart.o)
    0x000017c4   0x0000002c   Code   RO          675    .text               mc_w.l(uidiv.o)
    0x000017f0   0x00000024   Code   RO          696    .text               mc_w.l(init.o)
    0x00001814   0x00000020   Code   RO          454    i.__0printf$3       mc_w.l(printf3.o)
    0x00001834   0x00000008   Code   RO          654    i.__aeabi_errno_addr  mc_w.l(errno.o)
    0x0000183c   0x0000000e   Code   RO          708    i.__scatterload_copy  mc_w.l(handlers.o)
    0x0000184a   0x00000002   Code   RO          709    i.__scatterload_null  mc_w.l(handlers.o)
    0x0000184c   0x0000000e   Code   RO          710    i.__scatterload_zeroinit  mc_w.l(handlers.o)
    0x0000185a   0x00000002   PAD
    0x0000185c   0x000001b8   Code   RO          461    i._printf_core      mc_w.l(printf3.o)
    0x00001a14   0x0000006c   Code   RO          627    i.malloc            mc_w.l(malloc.o)
    0x00001a80   0x00000020   Data   RO          706    Region$$Table       anon$$obj.o


    Execution Region ER_RW (Base: 0x20000000, Size: 0x0000002c, Max: 0xffffffff, ABSOLUTE)

    Base Addr    Size         Type   Attr      Idx    E Section Name        Object

    0x20000000   0x0000000a   Data   RW            4    .data               main.o
    0x2000000a   0x00000002   PAD
    0x2000000c   0x00000008   Data   RW          115    .data               interrupts.o
    0x20000014   0x00000004   Data   RW          191    .data               system_tm4c123.o
    0x20000018   0x00000004   Data   RW          363    .data               mc_w.l(stdin.o)
    0x2000001c   0x00000004   Data   RW          364    .data               mc_w.l(stdout.o)
    0x20000020   0x00000004   Data   RW          657    .data               mc_w.l(errno.o)
    0x20000024   0x00000004   Data   RW          683    .data               mc_w.l(mvars.o)
    0x20000028   0x00000004   Data   RW          684    .data               mc_w.l(mvars.o)


    Execution Region ER_ZI (Base: 0x2000002c, Size: 0x000010dc, Max: 0xffffffff, ABSOLUTE)

    Base Addr    Size         Type   Attr      Idx    E Section Name        Object

    0x2000002c   0x00000018   Zero   RW          161    .bss                wireless.o
    0x20000044   0x000000c0   Zero   RW          278    .bss                ICE-18_Nordic.lib(board_setup.o)
    0x20000104   0x00000004   PAD
    0x20000108   0x00000000   Zero   RW          182    HEAP                startup_tm4c123.o
    0x20000108   0x00001000   Zero   RW          181    STACK               startup_tm4c123.o


==============================================================================

Image component sizes


      Code (inc. data)   RO Data    RW Data    ZI Data      Debug   Object Name

       188         12          0          0          0        525   board_setup.o
        48          8          0          8          0        744   interrupts.o
       404        166          0         10          0      60294   main.o
       404         26          0          0          0       1793   spi.o
       252         10        620          0       4096       5432   startup_tm4c123.o
       592        138          0          4          0       1525   system_tm4c123.o
      1260         44          0          0         24       7332   wireless.o

    ----------------------------------------------------------------------
      3148        404        652         24       4120      77645   Object Totals
         0          0         32          0          0          0   (incl. Generated)
         0          0          0          2          0          0   (incl. Padding)

    ----------------------------------------------------------------------

      Code (inc. data)   RO Data    RW Data    ZI Data      Debug   Library Member Name

       580        324          0          0        192       2445   board_setup.o
       616         34          0          0          0      31393   gpio_port.o
       118          0          0          0          0       1735   pc_buffer.o
       980         70          0          0          0      31207   uart.o
         0          0          0          0          0          0   entry.o
         0          0          0          0          0          0   entry10a.o
         0          0          0          0          0          0   entry11a.o
         8          4          0          0          0          0   entry2.o
         4          0          0          0          0          0   entry5.o
         0          0          0          0          0          0   entry7b.o
         0          0          0          0          0          0   entry8b.o
         8          4          0          0          0          0   entry9a.o
         8          4          0          4          0         68   errno.o
        30          0          0          0          0          0   handlers.o
        36          8          0          0          0         68   init.o
       108         16          0          0          0         84   malloc.o
         0          0          0          8          0          0   mvars.o
       472         14          0          0          0        184   printf3.o
         0          0          0          4          0          0   stdin.o
         0          0          0          4          0          0   stdout.o
        44          0          0          0          0         80   uidiv.o

    ----------------------------------------------------------------------
      3016        478          0         20        196      67264   Library Totals
         4          0          0          0          4          0   (incl. Padding)

    ----------------------------------------------------------------------

      Code (inc. data)   RO Data    RW Data    ZI Data      Debug   Library Name

      2294        428          0          0        192      66780   ICE-18_Nordic.lib
       718         50          0         20          0        484   mc_w.l

    ----------------------------------------------------------------------
      3016        478          0         20        196      67264   Library Totals

    ----------------------------------------------------------------------

==============================================================================


      Code (inc. data)   RO Data    RW Data    ZI Data      Debug   

      6164        882        652         44       4316     143809   Grand Totals
      6164        882        652         44       4316     143809   ELF Image Totals
      6164        882        652         44          0          0   ROM Totals

==============================================================================

    Total RO  Size (Code + RO Data)                 6816 (   6.66kB)
    Total RW  Size (RW Data + ZI Data)              4360 (   4.26kB)
    Total ROM Size (Code + RO Data + RW Data)       6860 (   6.70kB)

==============================================================================

